
Allocating common symbols
Common symbol       size              file

rend_Back_Screen    0x4               render.o
bg_angle            0x4               render.o
frame_Rate          0x4               render.o
rend_Slot_Id_Xref   0x200             render.o
p_rend_Mode7_FBuffer
                    0x4               render.o
Cont                0x4               main.o
bhv_On_Curve_Controls
                    0x78              render.o
rend_Lod_1          0x24              render.o
sys_Time_HWM        0x4               render.o
s_fill_colour_long  0x4               render.o
s_right_bucket      0x288             render.o
camera_pos_x        0x4               render.o
bhv_Current_Segment
                    0x4               render.o
Trg                 0x4               main.o
rend_DPE_fval       0x4               render.o
rend_DPE_istep      0x4               render.o
rend_DPE_fstep      0x4               render.o
rend_Mode7_Buffer_1
                    0xa00             render.o
rend_DPE_ifstep     0x4               render.o
rend_DPE_delta_y    0x4               render.o
IntrMainBuf         0x800             main.o
rend_DPE_ival       0x4               render.o
frame_Count         0x4               render.o
bg_cos_val          0x4               render.o
rend_Lod_2          0x24              render.o
s_left_bucket       0x288             render.o
camera_pos_y        0x4               render.o
IntrCheck           0x4               main.o
dump_Screen_Flg     0x4               render.o
sys_Time_IHWM       0x4               render.o
rend_Mode7_Buffer_0
                    0xa00             render.o
sy                  0x4               render.o
rend_DPE_dsy        0x4               render.o
sys_Time_Result     0x4               render.o
rend_DPE_p_sx       0x4               render.o
rendCodeBuf         0x400             render.o
bg_sin_val          0x4               render.o
bhv_Current_S_Value
                    0x4               render.o
BgBak               0x800             render.o
p_rend_Mode7_BBuffer
                    0x4               render.o
sys_Time_Begin      0x4               render.o

Memory Configuration

Name             Origin             Length             Attributes
*default*        0x00000000         0xffffffff

Linker script and memory map

LOAD crt0.o
LOAD render.o
LOAD main.o
LOAD data.o
LOAD data_math_table.o
LOAD data_tile_proc.o
LOAD C:/Utils/GameboyA/Utils/Agb/lib/libagbsyscall.a
LOAD C:/Utils/GameboyA/Utils/Agb/lib/libisagbprn.a
LOAD C:/PROGRA~1/Cygnus/thumbelf-000512/H-i686-cygwin32/lib/gcc-lib/thumb-elf/2.9-arm-000512//libgcc.a
LOAD C:/PROGRA~1/Cygnus/thumbelf-000512/H-i686-cygwin32/thumb-elf/lib//libg.a
LOAD C:/PROGRA~1/Cygnus/thumbelf-000512/H-i686-cygwin32/thumb-elf/lib//libc.a
LOAD C:/PROGRA~1/Cygnus/thumbelf-000512/H-i686-cygwin32/lib/gcc-lib/thumb-elf/2.9-arm-000512//libgcc.a
Address of section .text set to 0x8000000
Address of section .bss set to 0x3000000
                0x00008000                .=0x8000

.interp
 *(.interp)

.hash
 *(.hash)

.dynsym
 *(.dynsym)

.dynstr
 *(.dynstr)

.gnu.version
 *(.gnu.version)

.gnu.version_d
 *(.gnu.version_d)

.gnu.version_r
 *(.gnu.version_r)

.rel.text
 *(.rel.text)
 *(.rel.text.*)
 *(.rel.gnu.linkonce.t*)

.rela.text
 *(.rela.text)
 *(.rela.text.*)
 *(.rela.gnu.linkonce.t*)

.rel.data
 *(.rel.data)
 *(.rel.data.*)
 *(.rel.gnu.linkonce.d*)

.rela.data
 *(.rela.data)
 *(.rela.data.*)
 *(.rela.gnu.linkonce.d*)

.rel.rodata
 *(.rel.rodata)
 *(.rel.rodata.*)
 *(.rel.gnu.linkonce.r*)

.rela.rodata
 *(.rela.rodata)
 *(.rela.rodata.*)
 *(.rela.gnu.linkonce.r*)

.rel.got
 *(.rel.got)

.rela.got
 *(.rela.got)

.rel.ctors
 *(.rel.ctors)

.rela.ctors
 *(.rela.ctors)

.rel.dtors
 *(.rel.dtors)

.rela.dtors
 *(.rela.dtors)

.rel.init
 *(.rel.init)

.rela.init
 *(.rela.init)

.rel.fini
 *(.rel.fini)

.rela.fini
 *(.rela.fini)

.rel.bss
 *(.rel.bss)

.rela.bss
 *(.rela.bss)

.rel.plt
 *(.rel.plt)

.rela.plt
 *(.rela.plt)

.init
 *(.init)

.plt
 *(.plt)

.text           0x08000000     0x1c00
 *(.text)
 .text          0x08000000      0x424 crt0.o
                0x080000c0                _start_vector
                0x08000218                rend_fill_from_bux
                0x080002f8                _rend_edge_to_bux
                0x08000360                _rend_clear_screen
                0x08000000                _start
                0x080000fc                intr_main
 .text          0x08000424     0x1674 render.o
                0x08000e9c                rend_Behave_Camera
                0x080018c4                rend_Dump_Terrain
                0x08000a00                sys_Timer_Init
                0x080004b8                BehaveCycle
                0x0800168c                rend_Init_Slot_Array
                0x080019ec                rend_Init_Lods
                0x08000a60                sys_Timer_Mark
                0x080016c8                rend_Dump_Tiles
                0x08000b2c                RenderVBlank
                0x08000754                RenderInit
                0x08000a94                sys_Timer_Stop
                0x08000424                BehaveInit
                0x0800095c                RenderCycle
                0x0800073c                geom_Vector_To_Angle
                0x08000a3c                sys_Timer_Start
                0x08000ba4                RenderHBlank
 .text          0x08001a98      0x168 main.o
                0x08001b9c                IntrDummy
                0x08001b74                VBlankIntr
                0x08001bb0                KeyRead
                0x08001a98                AgbMain
 *(.text.*)
 *(.stub)
 *(.gnu.warning)
 *(.gnu.linkonce.t*)
 *(.glue_7t)
 *(.glue_7)
                0x08001c00                _etext=.
                0x08001c00                PROVIDE (etext, .)

.fini
 *(.fini)

.rodata         0x08001c00     0xa528
 *(.rodata)
 .rodata        0x08001c00      0x374 render.o
                0x08001c00                Rend_BG_Palettes
                0x08001ec0                bhv_Off_Curve_Controls
                0x08001e00                Rend_Head_Masks
                0x08001e40                Rend_Test_Card
                0x08001e20                Rend_Tail_Masks
 .rodata        0x08001f74       0x3c main.o
                0x08001f74                IntrTable
 .rodata        0x08001fb0     0x1000 data.o
                0x08001fb0                CharData_Sample
 .rodata        0x08002fb0      0xb84 data_math_table.o
                0x08003634                Dmt_V_Table
                0x080033b4                Dmt_U_Table
                0x08002fb0                Dmt_Cos_Table
                0x080039f4                Dmt_DV_Table
                0x080038b4                Dmt_DU_Table
                0x080031b2                Dmt_Atan_Table
 .rodata        0x08003b34     0x85f4 data_tile_proc.o
                0x08007004                Rdt_Lod1_Slot_Count
                0x0800a524                Rdt_Lod4_Char_To_Slot_Ary
                0x0800aed4                Rdt_Palette_Entries
                0x0800b128                Rdt_Tile_Map_Ary
                0x08003b34                Rdt_Lod1_Char_To_Slot_Ary
                0x080082fe                Rdt_Lod2_Char_Data
                0x0800a084                Rdt_Lod2_Tile_To_Char_Ary
                0x08008288                Rdt_Lod2_Char_To_Slot_Ary
                0x08003c04                Rdt_Lod1_Char_Data
                0x08007008                Rdt_Lod1_Tile_To_Char_Ary
                0x0800aecc                Rdt_Lod4_Slot_Count
                0x0800a54a                Rdt_Lod4_Char_Data
                0x0800b000                Rdt_Lod4_Tile_To_Char_Ary
                0x0800aed0                Rdt_Palette_Count
                0x0800a080                Rdt_Lod2_Slot_Count
 *(.rodata.*)
 *(.gnu.linkonce.r*)

.rodata1
 *(.rodata1)
                0x0800c228                .=(ALIGN(0x100)+(.&0xff))

.data           0x0800c228        0x4
 *(.data)
 .data          0x0800c228        0x4 render.o
                0x0800c228                sp_render_context
 *(.data.*)
 *(.gnu.linkonce.d*)

.data1
 *(.data1)

.ctors
 EXCLUDE_FILE ( *crtend.o )*(.ctors)
 *(SORT(.ctors.*))
 *crtend(.ctors)

.dtors
 EXCLUDE_FILE ( *crtend.o )*(.dtors)
 *(SORT(.dtors.*))
 *crtend.o(.dtors)

.got
 *(.got.plt)
 *(.got)

.dynamic
 *(.dynamic)

.sdata
 *(.sdata)
 *(.sdata.*)
                0x0800c22c                _edata=.
                0x0800c22c                PROVIDE (edata, .)
                0x0800c22c                __bss_start=.
                0x0800c22c                __bss_start__=.

.sbss
 *(.sbss)
 *(.scommon)

.bss            0x03000000     0x30d4
 *(.dynbss)
 *(.bss)
 .bss           0x03000000       0x24 render.o
 *(.bss.*)
 *(COMMON)
 *fill*         0x03000024        0xc
 COMMON         0x03000030     0x2888 render.o
                                  0x0 (size before relaxing)
                0x03000030                rend_Back_Screen
                0x03000034                bg_angle
                0x03000038                frame_Rate
                0x03000040                rend_Slot_Id_Xref
                0x03000240                p_rend_Mode7_FBuffer
                0x03000250                bhv_On_Curve_Controls
                0x030002d0                rend_Lod_1
                0x030002f4                sys_Time_HWM
                0x030002f8                s_fill_colour_long
                0x03000300                s_right_bucket
                0x03000588                camera_pos_x
                0x0300058c                bhv_Current_Segment
                0x03000590                rend_DPE_fval
                0x03000594                rend_DPE_istep
                0x03000598                rend_DPE_fstep
                0x030005a0                rend_Mode7_Buffer_1
                0x03000fa0                rend_DPE_ifstep
                0x03000fa4                rend_DPE_delta_y
                0x03000fa8                rend_DPE_ival
                0x03000fac                frame_Count
                0x03000fb0                bg_cos_val
                0x03000fc0                rend_Lod_2
                0x03000ff0                s_left_bucket
                0x03001278                camera_pos_y
                0x0300127c                dump_Screen_Flg
                0x03001280                sys_Time_IHWM
                0x03001290                rend_Mode7_Buffer_0
                0x03001c90                sy
                0x03001c94                rend_DPE_dsy
                0x03001c98                sys_Time_Result
                0x03001c9c                rend_DPE_p_sx
                0x03001ca0                rendCodeBuf
                0x030020a0                bg_sin_val
                0x030020a4                bhv_Current_S_Value
                0x030020b0                BgBak
                0x030028b0                p_rend_Mode7_BBuffer
                0x030028b4                sys_Time_Begin
 *fill*         0x030028b8        0x8
 COMMON         0x030028c0      0x814 main.o
                                  0x0 (size before relaxing)
                0x030028c0                Cont
                0x030028c4                Trg
                0x030028d0                IntrMainBuf
                0x030030d0                IntrCheck
                0x030030d4                .=ALIGN(0x4)
                0x030030d4                .=ALIGN(0x4)
                0x030030d4                _end=.
                0x030030d4                _bss_end__=.
                0x030030d4                __bss_end__=.
                0x030030d4                PROVIDE (end, .)

.stab
 *(.stab)

.stabstr
 *(.stabstr)

.stab.excl
 *(.stab.excl)

.stab.exclstr
 *(.stab.exclstr)

.stab.index
 *(.stab.index)

.stab.indexstr
 *(.stab.indexstr)

.comment
 *(.comment)

.debug
 *(.debug)

.line
 *(.line)

.debug_srcinfo
 *(.debug_srcinfo)

.debug_sfnames
 *(.debug_sfnames)

.debug_aranges  0x00000000       0x40
 *(.debug_aranges)
 .debug_aranges
                0x00000000       0x20 render.o
 .debug_aranges
                0x00000020       0x20 main.o

.debug_pubnames
                0x00000000      0x731
 *(.debug_pubnames)
 .debug_pubnames
                0x00000000      0x478 render.o
 .debug_pubnames
                0x00000478       0x84 main.o
 .debug_pubnames
                0x000004fc       0x26 data.o
 .debug_pubnames
                0x00000522       0x79 data_math_table.o
 .debug_pubnames
                0x0000059b      0x196 data_tile_proc.o

.debug_info     0x00000000    0x108a7
 *(.debug_info)
 .debug_info    0x00000000     0x4b0d render.o
 .debug_info    0x00004b0d     0x3190 main.o
 .debug_info    0x00007c9d     0x2d71 data.o
 .debug_info    0x0000aa0e     0x2e5c data_math_table.o
 .debug_info    0x0000d86a     0x303d data_tile_proc.o

.debug_abbrev   0x00000000      0x6bd
 *(.debug_abbrev)
 .debug_abbrev  0x00000000      0x22a render.o
 .debug_abbrev  0x0000022a      0x17f main.o
 .debug_abbrev  0x000003a9      0x101 data.o
 .debug_abbrev  0x000004aa      0x101 data_math_table.o
 .debug_abbrev  0x000005ab      0x112 data_tile_proc.o

.debug_line     0x00000000     0x17b3
 *(.debug_line)
 .debug_line    0x00000000     0x1586 render.o
 .debug_line    0x00001586      0x22d main.o

.debug_frame
 *(.debug_frame)

.debug_str
 *(.debug_str)

.debug_loc
 *(.debug_loc)

.debug_macinfo
 *(.debug_macinfo)

.debug_weaknames
 *(.debug_weaknames)

.debug_funcnames
 *(.debug_funcnames)

.debug_typenames
 *(.debug_typenames)

.debug_varnames
 *(.debug_varnames)

.stack          0x00080000        0x0
                0x00080000                _stack=.
 *(.stack)
OUTPUT(simple.elf elf32-littlearm)
