Archive member included       because of file (symbol)

C:/projects/agb/lib//libagbsyscall.a(AgbSysCpuSet.o)
                              ../Sound/out/m4aLib.o (CpuSet)
C:/projects/agb/lib//libagbsyscall.a(AgbSysRLUnCompVram.o)
                              SprEng_Animate.o (RLUnCompVram)
../data/Titles//libTitlesGFX.a(Start_Copy.o)
                              StartUp.o (Start_Copy_Palette)
../data/Titles//libTitlesGFX.a(Start_THQ.o)
                              Fade.o (Start_THQ_Character)
../data/Titles//libTitlesGFX.a(Start_Nick.o)
                              Fade.o (Start_Nick_Character)
../data/Titles//libTitlesGFX.a(Start_Climax.o)
                              Fade.o (Start_Climax_Character)
../data/Titles//libTitlesGFX.a(libFontGame.o)
                              Scroll_Engine.o (libFontGame_Char)
../data/Titles//libTitlesGFX.a(libFontMenu.o)
                              Titles.o (libFontMenu_Char)
../data/Titles//libTitlesGFX.a(menuback.o)
                              Titles.o (menuback_Character)
../data/Titles//libTitlesGFX.a(HubMap.o)
                              Hub.o (HubMap_Palette)
../data/Titles//libTitlesGFX.a(menul2.o)
                              Titles.o (menul2_Palette)
../data/Titles//libTitlesGFX.a(menuback2.o)
                              Fade.o (menuback2_Character)
../data/Titles//libTitlesGFX.a(menuback3.o)
                              Fade.o (menuback3_Character)
../data/Titles//libTitlesGFX.a(menuback4.o)
                              Fade.o (menuback4_Character)
../data/Titles//libTitlesGFX.a(menuback5.o)
                              Fade.o (menuback5_Character)
../data/Titles//libTitlesGFX.a(menuback6.o)
                              Fade.o (menuback6_Character)
../data/Titles//libTitlesGFX.a(icons.o)
                              Titles.o (icons_Char)
../data/Maps//libMaps.a(CHAPTER01_LEVEL0101.o)
                              Scroll_Engine.o (CHAPTER01_LEVEL0101_BACK)
../data/Maps//libMaps.a(CHAPTER01_LEVEL0102.o)
                              Scroll_Engine.o (CHAPTER01_LEVEL0102_BACK)
../data/Maps//libMaps.a(CHAPTER01_LEVEL0103.o)
                              Scroll_Engine.o (CHAPTER01_LEVEL0103_BACK)
../data/Maps//libMaps.a(CHAPTER01_LEVEL0104.o)
                              Scroll_Engine.o (CHAPTER01_LEVEL0104_BACK)
../data/Maps//libMaps.a(CHAPTER01_LEVEL0105.o)
                              Scroll_Engine.o (CHAPTER01_LEVEL0105_BACK)
../data/Maps//libMaps.a(CHAPTER01_LEVEL0201.o)
                              Scroll_Engine.o (CHAPTER01_LEVEL0201_BACK)
../data/Maps//libMaps.a(CHAPTER01_LEVEL0204.o)
                              Scroll_Engine.o (CHAPTER01_LEVEL0204_BACK)
../data/Maps//libMaps.a(CHAPTER01_LEVEL0301.o)
                              Scroll_Engine.o (CHAPTER01_LEVEL0301_BACK)
../data/Maps//libMaps.a(CHAPTER01_LEVEL0302.o)
                              Scroll_Engine.o (CHAPTER01_LEVEL0302_BACK)
../data/Maps//libMaps.a(CHAPTER01_LEVEL0303.o)
                              Scroll_Engine.o (CHAPTER01_LEVEL0303_BACK)
../data/Maps//libMaps.a(CHAPTER01_LEVEL0401.o)
                              Scroll_Engine.o (CHAPTER01_LEVEL0401_BACK)
../data/Maps//libMaps.a(CHAPTER02_LEVEL0101.o)
                              Scroll_Engine.o (CHAPTER02_LEVEL0101_BACK)
../data/Maps//libMaps.a(CHAPTER02_LEVEL0102.o)
                              Scroll_Engine.o (CHAPTER02_LEVEL0102_BACK)
../data/Maps//libMaps.a(CHAPTER02_LEVEL0103.o)
                              Scroll_Engine.o (CHAPTER02_LEVEL0103_BACK)
../data/Maps//libMaps.a(CHAPTER02_LEVEL0104.o)
                              Scroll_Engine.o (CHAPTER02_LEVEL0104_BACK)
../data/Maps//libMaps.a(CHAPTER02_LEVEL0105.o)
                              Scroll_Engine.o (CHAPTER02_LEVEL0105_BACK)
../data/Maps//libMaps.a(CHAPTER02_LEVEL0106.o)
                              Scroll_Engine.o (CHAPTER02_LEVEL0106_BACK)
../data/Maps//libMaps.a(CHAPTER02_LEVEL0107.o)
                              Scroll_Engine.o (CHAPTER02_LEVEL0107_BACK)
../data/Maps//libMaps.a(CHAPTER02_LEVEL0108.o)
                              Scroll_Engine.o (CHAPTER02_LEVEL0108_BACK)
../data/Maps//libMaps.a(CHAPTER02_LEVEL0201.o)
                              Scroll_Engine.o (CHAPTER02_LEVEL0201_BACK)
../data/Maps//libMaps.a(CHAPTER02_LEVEL0202.o)
                              Scroll_Engine.o (CHAPTER02_LEVEL0202_BACK)
../data/Maps//libMaps.a(CHAPTER02_LEVEL0203.o)
                              Scroll_Engine.o (CHAPTER02_LEVEL0203_BACK)
../data/Maps//libMaps.a(CHAPTER02_LEVEL0204.o)
                              Scroll_Engine.o (CHAPTER02_LEVEL0204_BACK)
../data/Maps//libMaps.a(CHAPTER02_LEVEL0301.o)
                              Scroll_Engine.o (CHAPTER02_LEVEL0301_BACK)
../data/Maps//libMaps.a(CHAPTER02_LEVEL0302.o)
                              Scroll_Engine.o (CHAPTER02_LEVEL0302_BACK)
../data/Maps//libMaps.a(CHAPTER02_LEVEL0303.o)
                              Scroll_Engine.o (CHAPTER02_LEVEL0303_BACK)
../data/Maps//libMaps.a(CHAPTER02_LEVEL0304.o)
[...]
Memory Configuration

Name             Origin             Length             Attributes
*default*        0x00000000         0xffffffff

Linker script and memory map

LOAD Crt0.o
LOAD Main.o
LOAD Game.o
LOAD Titles.o
LOAD Random.o
LOAD StartUp.o
LOAD Scroll_Engine.o
LOAD SprEng_Control.o
LOAD SprEng_Animate.o
LOAD SprEng_Display.o
LOAD SprEng_Common.o
LOAD SprEng_SpongeBob.o
LOAD SprEng_NPC.o
LOAD SprEng_Platforms.o
LOAD SprEng_Monsters.o
LOAD Sinecos.o
LOAD Contours.o
LOAD Text_Sys.o
LOAD Collision.o
LOAD Hub.o
LOAD Fade.o
LOAD ../Sound/out/m4aLib.o
LOAD ../Sound/out/SoundDat.o
LOAD ../Sound/out/inst01.o
LOAD ../Sound/out/inst02.o
LOAD ../Sound/out/inst03.o
LOAD ../Sound/out/inst04.o
LOAD ../Sound/out/inst05.o
LOAD ../Sound/out/inst06.o
LOAD ../Sound/out/inst07.o
LOAD ../Sound/out/inst08.o
LOAD ../Sound/out/inst09.o
LOAD ../Sound/out/inst0a.o
LOAD ../Sound/out/inst0b.o
LOAD ../Sound/out/inst0c.o
LOAD ../Sound/out/inst0d.o
LOAD ../Sound/out/inst0e.o
LOAD ../Sound/out/inst0f.o
LOAD ../Sound/out/inst10.o
LOAD ../Sound/out/inst11.o
LOAD ../Sound/out/inst12.o
LOAD ../Sound/out/inst13.o
LOAD ../Sound/out/inst14.o
LOAD ../Sound/out/inst15.o
LOAD ../Sound/out/inst16.o
LOAD ../Sound/out/inst17.o
LOAD ../Sound/out/inst18.o
LOAD ../Sound/out/inst19.o
LOAD ../Sound/out/inst1a.o
LOAD ../Sound/out/inst1b.o
LOAD ../Sound/out/inst1c.o
LOAD ../Sound/out/inst1d.o
LOAD ../Sound/out/inst1e.o
LOAD ../Sound/out/inst1f.o
LOAD ../Sound/out/inst20.o
LOAD ../Sound/out/inst21.o
LOAD ../Sound/out/inst22.o
LOAD ../Sound/out/inst23.o
LOAD ../Sound/out/inst24.o
LOAD ../Sound/out/inst25.o
LOAD ../Sound/out/inst26.o
LOAD ../Sound/out/inst27.o
LOAD ../Sound/out/inst28.o
LOAD ../Sound/out/inst29.o
LOAD ../Sound/out/inst2a.o
LOAD ../Sound/out/inst2b.o
LOAD ../Sound/out/inst2c.o
LOAD ../Sound/out/inst2d.o
LOAD ../Sound/out/inst2e.o
LOAD ../Sound/out/inst2f.o
LOAD ../Sound/out/inst30.o
LOAD ../Sound/out/inst31.o
LOAD ../Sound/out/inst32.o
LOAD ../Sound/out/inst33.o
LOAD ../Sound/out/inst34.o
LOAD ../Sound/out/inst35.o
LOAD ../Sound/out/inst36.o
LOAD ../Sound/out/inst37.o
LOAD ../Sound/out/inst38.o
LOAD ../Sound/out/inst39.o
LOAD ../Sound/out/inst3a.o
LOAD ../Sound/out/inst3b.o
LOAD ../Sound/out/inst3c.o
LOAD ../Sound/out/inst3d.o
LOAD ../Sound/out/inst3e.o
LOAD ../Sound/out/inst3f.o
LOAD ../Sound/out/inst40.o
LOAD ../Sound/out/inst41.o
LOAD ../Sound/out/inst42.o
LOAD ../Sound/out/inst43.o
LOAD ../Sound/out/inst44.o
LOAD ../Sound/out/inst45.o
LOAD ../Sound/out/inst46.o
LOAD ../Sound/out/inst47.o
LOAD ../Sound/out/inst48.o
LOAD ../Sound/out/inst49.o
LOAD ../Sound/out/inst4a.o
LOAD ../Sound/out/inst4b.o
LOAD ../Sound/out/inst4c.o
LOAD ../Sound/out/inst4d.o
LOAD ../Sound/out/inst4e.o
LOAD ../Sound/out/inst4f.o
LOAD ../Sound/out/inst50.o
LOAD ../Sound/out/inst51.o
LOAD ../Sound/out/inst52.o
LOAD ../Sound/out/inst53.o
LOAD ../Sound/out/inst54.o
LOAD ../Sound/out/inst55.o
LOAD ../Sound/out/inst56.o
LOAD ../Sound/out/inst57.o
LOAD ../Sound/out/inst58.o
LOAD ../Sound/out/inst59.o
LOAD ../Sound/out/inst5a.o
LOAD ../Sound/out/inst5b.o
LOAD ../Sound/out/inst5c.o
LOAD ../Sound/out/inst5d.o
LOAD ../Sound/out/inst5e.o
LOAD ../Sound/out/inst5f.o
LOAD ../Sound/out/inst60.o
LOAD ../Sound/out/inst61.o
LOAD ../Sound/out/inst62.o
LOAD ../Sound/out/inst63.o
LOAD ../Sound/out/inst64.o
LOAD ../Sound/out/inst65.o
LOAD ../Sound/out/inst66.o
LOAD ../Sound/out/inst67.o
LOAD ../Sound/out/snd_anmf.o
LOAD ../Sound/out/snd_bblw.o
LOAD ../Sound/out/snd_bbou.o
LOAD ../Sound/out/snd_blam.o
LOAD ../Sound/out/snd_boun.o
LOAD ../Sound/out/snd_corl.o
LOAD ../Sound/out/snd_eat.o
LOAD ../Sound/out/snd_elec.o
LOAD ../Sound/out/snd_impc.o
LOAD ../Sound/out/snd_jfsh.o
LOAD ../Sound/out/snd_jump.o
LOAD ../Sound/out/snd_krte.o
LOAD ../Sound/out/snd_move.o
LOAD ../Sound/out/snd_net.o
LOAD ../Sound/out/snd_satk.o
LOAD ../Sound/out/snd_saw.o
LOAD ../Sound/out/snd_splt.o
LOAD ../Sound/out/snd_squk.o
LOAD ../Sound/out/snd_tndr.o
LOAD ../Sound/out/snd_watr.o
LOAD ../Sound/out/snd_whsh.o
LOAD ../Sound/out/snd_zlau.o
LOAD ../Sound/out/ch1_1_2.o
LOAD ../Sound/out/ch1_3.o
LOAD ../Sound/out/ch1_4.o
LOAD ../Sound/out/ch1_b.o
LOAD ../Sound/out/ch2_1_3.o
LOAD ../Sound/out/ch2_2.o
LOAD ../Sound/out/ch2_4.o
LOAD ../Sound/out/ch2_b.o
LOAD ../Sound/out/ch3_1.o
LOAD ../Sound/out/ch3_2_3.o
LOAD ../Sound/out/ch3_4.o
LOAD ../Sound/out/ch3_b1.o
LOAD ../Sound/out/ch3_b2.o
LOAD ../Sound/out/ch4_1.o
LOAD ../Sound/out/ch4_2_4.o
LOAD ../Sound/out/ch4_3.o
LOAD ../Sound/out/ch4_b.o
LOAD ../Sound/out/ch5_1_3.o
LOAD ../Sound/out/ch5_2.o
LOAD ../Sound/out/ch5_4.o
LOAD ../Sound/out/ch5_b.o
LOAD ../Sound/out/ch6_b_t.o
LOAD ../Sound/out/ch6_g.o
LOAD ../Sound/out/ch6_r_s.o
LOAD ../Sound/out/ch6_top.o
LOAD ../Sound/out/gameover.o
LOAD ../Sound/out/options.o
LOAD ../Sound/out/titlemusic.o
LOAD ../Sound/out/zfx00.o
LOAD ../Sound/out/zfx01.o
LOAD ../Sound/out/zfx02.o
LOAD ../Sound/out/zfx03.o
LOAD ../Sound/out/zfx04.o
LOAD ../Sound/out/zfx05.o
LOAD ../Sound/out/zfx06.o
LOAD ../Sound/out/zfx07.o
LOAD ../Sound/out/zfx08.o
LOAD ../Sound/out/zfx09.o
LOAD ../Sound/out/zfx10.o
LOAD ../Sound/out/zfx11.o
LOAD ../Sound/out/zfx12.o
LOAD ../Sound/out/zfx13.o
LOAD ../Sound/out/zfx14.o
LOAD ../Sound/out/zfx15.o
LOAD ../Sound/out/zfx16.o
LOAD ../Sound/out/zfx17.o
LOAD ../Sound/out/zfx18.o
LOAD ../Sound/out/zfx19.o
LOAD ../Sound/out/zfx20.o
LOAD ../Sound/out/zfx21.o
LOAD ../Sound/out/zfx22.o
LOAD ../Sound/out/zfx23.o
LOAD ../Sound/out/zfx24.o
LOAD ../Sound/out/zfx25.o
LOAD ../Sound/out/zfx26.o
LOAD ../Sound/out/zfx27.o
LOAD ../Sound/out/zfx28.o
LOAD ../Sound/out/zfx29.o
LOAD ../Sound/out/zfx30.o
LOAD ../Sound/out/zfx31.o
LOAD ../Sound/out/zfx32.o
LOAD ../Sound/out/zfx33.o
LOAD ../Sound/out/zfx34.o
LOAD ../Sound/out/zfx35.o
LOAD ../Sound/out/zfx36.o
LOAD ../Sound/out/zfx37.o
LOAD ../Sound/out/zfx38.o
LOAD ../Sound/out/zfx39.o
LOAD ../Sound/out/zfx40.o
LOAD ../Sound/out/zfx41.o
LOAD ../Sound/out/zfx42.o
LOAD ../Sound/out/zfx43.o
LOAD ../Sound/out/zfx44.o
LOAD ../Sound/out/zfx45.o
LOAD ../Sound/out/zfx46.o
LOAD ../Sound/out/zfx47.o
LOAD ../Sound/out/zfx48.o
LOAD ../Sound/out/zfx49.o
LOAD ../Sound/out/zfx50.o
LOAD ../Sound/out/zfx51.o
LOAD ../Sound/out/zfx52.o
LOAD ../Sound/out/zfx53.o
LOAD ../Sound/out/zfx54.o
LOAD ../Sound/out/zfx55.o
LOAD ../Sound/out/zfx56.o
LOAD ../Sound/out/zfx57.o
LOAD ../Sound/out/zfx58.o
LOAD ../Sound/out/zfx59.o
LOAD ../Sound/out/zfx60.o
LOAD ../Sound/out/zfx61.o
LOAD ../Sound/out/zfx62.o
LOAD ../Sound/out/zfx63.o
LOAD ../Sound/out/zfx64.o
LOAD ../Sound/out/zfx65.o
LOAD ../Sound/out/zfx66.o
LOAD ../Sound/out/zfx67.o
LOAD ../Sound/out/zfx68.o
LOAD ../Sound/out/zfx69.o
LOAD ../Sound/out/zfx70.o
LOAD ../Sound/out/zfx71.o
LOAD ../Sound/out/zfx72.o
LOAD ../Sound/out/zfx73.o
LOAD ../Sound/out/zfx74.o
LOAD ../Sound/out/zfx75.o
LOAD ../Sound/out/zfx76.o
LOAD ../Sound/out/zfx77.o
LOAD ../Sound/out/zfx78.o
LOAD ../Sound/out/zfx79.o
LOAD ../Sound/out/zfx80.o
LOAD ../Sound/out/zfx81.o
LOAD ../Sound/out/zfx82.o
LOAD ../Sound/out/zfx83.o
LOAD ../Sound/out/zfx84.o
LOAD ../Sound/out/zfx85.o
LOAD ../Sound/out/zfx86.o
LOAD ../Sound/out/zfx87.o
LOAD ../Sound/out/zfx88.o
LOAD ../Sound/out/zfx89.o
LOAD ../Sound/out/zfx90.o
LOAD ../Sound/out/zfx91.o
LOAD C:/projects/agb/lib//libisagbprn.a
LOAD C:/projects/agb/lib//libagbsyscall.a
LOAD ../data/Titles//libTitlesGFX.a
LOAD ../data/Maps//libMaps.a
LOAD ../data/Sprites/SpongeBob//libSpongeBob_Sprs.a
LOAD ../data/Sprites/NPC//libNPC_Sprs.a
LOAD ../data/Sprites/Platforms//libPlatforms_Sprs.a
LOAD ../data/Sprites/Monsters//libMonsters_Sprs.a
LOAD C:\PROGRA~1\Cygnus\thumbelf-000512\H-i686-cygwin32\bin/../lib/gcc-lib/thumb-elf/2.9-arm-000512/libgcc.a
LOAD C:\PROGRA~1\Cygnus\thumbelf-000512\H-i686-cygwin32\bin/../lib/gcc-lib/thumb-elf/2.9-arm-000512/../../../../thumb-elf/lib/libg.a
LOAD C:\PROGRA~1\Cygnus\thumbelf-000512\H-i686-cygwin32\bin/../lib/gcc-lib/thumb-elf/2.9-arm-000512/../../../../thumb-elf/lib/libc.a
LOAD C:\PROGRA~1\Cygnus\thumbelf-000512\H-i686-cygwin32\bin/../lib/gcc-lib/thumb-elf/2.9-arm-000512/libgcc.a
Address of section .text set to 0x8000000
Address of section .bss set to 0x3000000
                0x00008000                .=0x8000

.interp
 *(.interp)

.hash
 *(.hash)

.dynsym
 *(.dynsym)

.dynstr
 *(.dynstr)

.gnu.version
 *(.gnu.version)

.gnu.version_d
 *(.gnu.version_d)

.gnu.version_r
 *(.gnu.version_r)

.rel.text
 *(.rel.text)
 *(.rel.text.*)
 *(.rel.gnu.linkonce.t*)

.rela.text
 *(.rela.text)
 *(.rela.text.*)
 *(.rela.gnu.linkonce.t*)

.rel.data
 *(.rel.data)
 *(.rel.data.*)
 *(.rel.gnu.linkonce.d*)

.rela.data
 *(.rela.data)
 *(.rela.data.*)
 *(.rela.gnu.linkonce.d*)

.rel.rodata
 *(.rel.rodata)
 *(.rel.rodata.*)
 *(.rel.gnu.linkonce.r*)

.rela.rodata
 *(.rela.rodata)
 *(.rela.rodata.*)
 *(.rela.gnu.linkonce.r*)

.rel.got
 *(.rel.got)

.rela.got
 *(.rela.got)

.rel.ctors
 *(.rel.ctors)

.rela.ctors
 *(.rela.ctors)

.rel.dtors
 *(.rel.dtors)

.rela.dtors
 *(.rela.dtors)

.rel.init
 *(.rel.init)

.rela.init
 *(.rela.init)

.rel.fini
 *(.rel.fini)

.rela.fini
 *(.rela.fini)

.rel.bss
 *(.rel.bss)

.rela.bss
 *(.rela.bss)

.rel.plt
 *(.rel.plt)

.rela.plt
 *(.rela.plt)

.init
 *(.init)

.plt
 *(.plt)

.text           0x08000000     0xadac
 *(.text)
 .text          0x08000000      0x1d0 Crt0.o
                0x08000000                _start
                0x080000c0                start_vector
                0x080000fc                intr_main
 .text          0x080001d0      0x258 Main.o
                0x080003f8                IntrDummy
                0x080003fc                ReadJoypad
                0x0800038c                WaitVBlank
                0x080001d0                InitSystem
                0x080002b8                AgbMain
 .text          0x08000428      0x704 Game.o
                0x08000480                MainGame
                0x08000508                InitPalettes
                0x08000a50                CheckExit
                0x08000428                InitGame
                0x08000a1c                BlendOff
 .text          0x08000b2c      0xf2c Titles.o
                0x08000dbc                MainTitles
                0x08000b2c                InitTitles
 .text          0x08001a58       0xb8 Random.o
                0x08001aa4                GenRand
                0x08001ad0                InitRand
 .text          0x08001b10      0x158 StartUp.o
                0x08001b10                InitStartUpScreens
                0x08001bf0                MainStartUpScreens
 .text          0x08001c68     0x4200 Scroll_Engine.o
                0x08005b00                BuildScreen
                0x08005a38                SetBgTextControl
                0x08001c68                InitScroll
                0x08005c10                Scroll2Position
                0x08005bbc                UpdateScroll
                0x08005a60                SetDispControl
 .text          0x08005e68      0x2b4 SprEng_Control.o
                0x08005fa4                ObjectClear
                0x08005e68                ObjectControl1
                0x08006058                ObjectPut1
                0x080060b8                ObjectPut2
                0x08006020                ObjectGet1
                0x08005f48                ObjectInit
                0x08006118                SpriteControl00
                0x08005e9c                ObjectControl2
                0x08006064                ObjectGet2
 .text          0x0800611c       0xbc SprEng_Animate.o
                0x0800611c                ObjectAnimate
 .text          0x080061d8      0x498 SprEng_Display.o
                0x08006630                ObjectOff
                0x080061d8                ObjectDisplay
 .text          0x08006670      0x2f4 SprEng_Common.o
                0x080068e0                ClearOAMBuffer
                0x08006670                InitSprites
                0x08006944                UpdateOAMRam
 .text          0x08006964      0xb34 SprEng_SpongeBob.o
                0x08006964                SpriteControl01
 .text          0x08007498       0x5c SprEng_NPC.o
                0x08007498                SpriteControl02
 .text          0x080074f4       0x68 SprEng_Platforms.o
                0x080074f4                SpriteControl03
 .text          0x0800755c      0x198 SprEng_Monsters.o
                0x0800755c                SpriteControl04
 .text          0x080076f4       0x48 Sinecos.o
                0x08007724                FixInverse
                0x080076f4                FixMul
                0x0800770c                FixDiv
 .text          0x0800773c      0x2f8 Contours.o
                0x0800773c                CheckContour
 .text          0x08007a34      0x484 Text_Sys.o
                0x08007cc4                PutText
                0x08007e54                ClearTextLayer
                0x08007a34                PutTextBox
 .text          0x08007eb8      0x1e4 Collision.o
                0x08007ed4                CheckCollision
                0x08007eb8                SB2MovingPlats
 .text          0x0800809c      0x1b8 Hub.o
                0x08008158                MainHub
                0x0800809c                InitHub
 .text          0x08008254      0x934 Fade.o
                0x0800833c                NextMenuSetUp
                0x080082ac                FadeIn
                0x08008254                FadeOut
 .text          0x08008b88     0x2104 ../Sound/out/m4aLib.o
                0x08009ea0                SoundVSyncOff_rev01
                0x08009d10                SampFreqSet_rev01
                0x08008b88                umul3232H32
                0x08009ac8                MPlayExtender
                0x08009e4c                SoundClear_rev01
                0x0800ac20                ply_xsust
                0x08009c04                Clear64byte_rev
                0x0800ac0c                ply_xdeca
                0x08009bec                MusicPlayerJumpTableCopy
                0x0800abe4                ply_xtype
                0x0800a7c4                MPlayVolumeControl
                0x08009fd0                MPlayStart_rev01
                0x08008fc0                SoundMainBTM
                0x0800ac74                ply_xswee
                0x08009f1c                SoundVSyncOn_rev01
                0x08009a70                m4aMPlayFadeOut
                0x08009f58                MPlayOpen_rev01
                0x08009498                TrackStop_rev01
                0x08009a44                m4aMPlayAllContinue
                0x0800abf8                ply_xatta
                0x0800a1f8                MidiKey2CgbFr
                0x0800ac48                ply_xiecv
                0x080099d8                m4aSongNumContinue
                0x0800a99c                MPlayLFOSpeedSet
                0x08009800                DummyFunc
                0x08009820                MPlayFadeOut
                0x0800970c                ply_endtie_rev01
                0x08009a38                m4aMPlayContinue
                0x0800a79c                MPlayTempoControl
                0x0800a0c4                FadeOutBody_rev01
                0x0800a2a0                CgbOscOff
                0x0800ab88                ply_xxx
                0x0800979c                MidiKey2fr
                0x080098cc                m4aSoundMain
                0x0800ab9c                ply_xwave
                0x0800a144                TrkVolPitSet_rev01
                0x080098d8                m4aSongNumStart
                0x08009774                ply_lfos_rev01
                0x08009804                MPlayContinue
                0x08009788                ply_mod_rev01
                0x0800a82c                MPlayPitchControl
                0x0800a908                MP_clear_modM
                0x08009238                MPlayMain_rev01
                0x0800950c                ply_note_rev01
                0x08009c18                SoundInit_rev01
                0x08009904                m4aSongNumStartOrChange
                0x0800a928                MPlayModDepthSet
                0x08009950                m4aSongNumStartOrContinue
                0x0800a358                CgbSound
                0x0800a084                MPlayStop_rev01
                0x0800ac88                DummyFunc_rev
                0x0800ab68                ply_xcmd
                0x08009db4                SoundMode_rev01
                0x0800a8a0                MPlayPanpotControl
                0x08009bf0                ClearChain_rev
                0x080091ec                SoundVSync_rev01
                0x08009840                m4aSoundInit
                0x0800ac54                ply_xiecl
                0x0800ac60                ply_xleng
                0x08009a80                m4aMPlayImmInit
                0x0800aa10                ply_memacc
                0x08008b98                SoundMain
                0x08008c1c                SoundMainRAM
                0x08009a0c                m4aMPlayAllStop
                0x0800a2f0                CgbModVol
                0x08008fc0                Clear64byte
                0x080099a4                m4aSongNumStop
                0x08009028                MPlyJmpTblCopy
                0x0800ac34                ply_xrele
 .text          0x0800ac8c        0x4 C:/projects/agb/lib//libagbsyscall.a(AgbSysCpuSet.o)
                0x0800ac8c                CpuSet
 .text          0x0800ac90        0x4 C:/projects/agb/lib//libagbsyscall.a(AgbSysRLUnCompVram.o)
                0x0800ac90                RLUnCompVram
 .text          0x0800ac94       0x3c C:\PROGRA~1\Cygnus\thumbelf-000512\H-i686-cygwin32\bin/../lib/gcc-lib/thumb-elf/2.9-arm-000512/libgcc.a(_call_via_rX.o)
                0x0800ac9c                _call_via_r2
                0x0800acac                _call_via_r6
                0x0800aca8                _call_via_r5
                0x0800aca0                _call_via_r3
                0x0800acc0                _call_via_fp
                0x0800acb4                _call_via_r8
                0x0800acb0                _call_via_r7
                0x0800ac94                _call_via_r0
                0x0800acbc                _call_via_sl
                0x0800acc8                _call_via_sp
                0x0800acb8                _call_via_r9
                0x0800aca4                _call_via_r4
                0x0800ac98                _call_via_r1
                0x0800acc4                _call_via_ip
                0x0800accc                _call_via_lr
 .text          0x0800acd0       0x94 C:\PROGRA~1\Cygnus\thumbelf-000512\H-i686-cygwin32\bin/../lib/gcc-lib/thumb-elf/2.9-arm-000512/libgcc.a(_divsi3.o)
                0x0800acd0                __divsi3
 .text          0x0800ad64        0x4 C:\PROGRA~1\Cygnus\thumbelf-000512\H-i686-cygwin32\bin/../lib/gcc-lib/thumb-elf/2.9-arm-000512/libgcc.a(_dvmd_tls.o)
                0x0800ad64                __div0
 .text          0x0800ad68       0x44 C:\PROGRA~1\Cygnus\thumbelf-000512\H-i686-cygwin32\bin/../lib/gcc-lib/thumb-elf/2.9-arm-000512/../../../../thumb-elf/lib/libg.a(strlen.o)
                0x0800ad68                strlen
 *(.text.*)
 *(.stub)
 *(.gnu.warning)
 *(.gnu.linkonce.t*)
 *(.glue_7t)
 *(.glue_7)
                0x0800adac                _etext=.
                0x0800adac                PROVIDE (etext, .)

.fini
 *(.fini)

.rodata         0x0800adac    0x90518
 *(.rodata)
 .rodata        0x0800adac       0x38 Main.o
                0x0800adac                IntrTable
 .rodata        0x0800ade4      0xb64 Game.o
                0x0800ade8                Sprite_Palette
                0x0800ade4                Speech_Bubble_Palette
                0x0800afe8                ExitCoords
 .rodata        0x0800b948       0x10 Titles.o
                0x0800b94e                PasswordIconOffsetTable
                0x0800b948                Text_Palette
 .rodata        0x0800b958      0x280 Sinecos.o
                0x0800b958                SinCosTable
 .rodata        0x0800bbd8       0x48 Contours.o
                0x0800bc10                Contour08
                0x0800bbf0                Contour04
                0x0800bbe0                Contour02
                0x0800bc18                Contour09
                0x0800bbf8                Contour05
                0x0800bbe8                Contour03
                0x0800bc00                Contour06
                0x0800bbd8                Contour01
                0x0800bc08                Contour07
 .rodata        0x0800bc20      0x100 Text_Sys.o
                0x0800bc20                TextTileTable
 .rodata        0x0800bd20      0x2d8 ../Sound/out/m4aLib.o
                0x0800be64                FreqTable
                0x0800bf30                CgbFrTable
                0x0800bd20                MPlyJmpTbl
                0x0800bf84                Cgb3vol
                0x0800bdb0                ScaleTable
                0x0800bfc8                xcmd_tbl
                0x0800bf94                clock_tbl_rev01
                0x0800beac                CgbScTable
                0x0800bf48                NoiseTable
                0x0800be94                pcmVBtbl_rev
 .rodata        0x0800bff8      0x9b8 ../Sound/out/SoundDat.o
                0x0800bff8                voicegroup000
                0x0800c5d4                mplay_table
                0x0800c5ec                song_table
 .rodata        0x0800c9b0      0x6c8 ../Sound/out/inst01.o
                0x0800c9b0                inst01
 .rodata        0x0800d078     0x1440 ../Sound/out/inst02.o
                0x0800d078                inst02
 .rodata        0x0800e4b8      0x6c8 ../Sound/out/inst03.o
                0x0800e4b8                inst03
 .rodata        0x0800eb80      0x798 ../Sound/out/inst04.o
                0x0800eb80                inst04
 .rodata        0x0800f318      0x1fc ../Sound/out/inst05.o
                0x0800f318                inst05
 .rodata        0x0800f514      0x288 ../Sound/out/inst06.o
                0x0800f514                inst06
 .rodata        0x0800f79c      0x974 ../Sound/out/inst07.o
                0x0800f79c                inst07
 .rodata        0x08010110     0x1440 ../Sound/out/inst08.o
                0x08010110                inst08
 .rodata        0x08011550      0x28c ../Sound/out/inst09.o
                0x08011550                inst09
 .rodata        0x080117dc      0x370 ../Sound/out/inst0a.o
                0x080117dc                inst0a
 .rodata        0x08011b4c      0x3dc ../Sound/out/inst0b.o
                0x08011b4c                inst0b
 .rodata        0x08011f28      0x6a8 ../Sound/out/inst0c.o
                0x08011f28                inst0c
 .rodata        0x080125d0      0x748 ../Sound/out/inst0d.o
                0x080125d0                inst0d
 .rodata        0x08012d18      0x4cc ../Sound/out/inst0e.o
                0x08012d18                inst0e
 .rodata        0x080131e4      0x560 ../Sound/out/inst0f.o
                0x080131e4                inst0f
 .rodata        0x08013744      0x1f4 ../Sound/out/inst10.o
                0x08013744                inst10
 .rodata        0x08013938      0x4f4 ../Sound/out/inst11.o
                0x08013938                inst11
 .rodata        0x08013e2c      0x470 ../Sound/out/inst12.o
                0x08013e2c                inst12
 .rodata        0x0801429c      0x528 ../Sound/out/inst13.o
                0x0801429c                inst13
 .rodata        0x080147c4      0x734 ../Sound/out/inst14.o
                0x080147c4                inst14
 .rodata        0x08014ef8      0x92c ../Sound/out/inst15.o
                0x08014ef8                inst15
 .rodata        0x08015824     0x1464 ../Sound/out/inst16.o
                0x08015824                inst16
 .rodata        0x08016c88      0x3cc ../Sound/out/inst17.o
                0x08016c88                inst17
 .rodata        0x08017054      0x430 ../Sound/out/inst18.o
                0x08017054                inst18
 .rodata        0x08017484      0x19c ../Sound/out/inst19.o
                0x08017484                inst19
 .rodata        0x08017620      0x28c ../Sound/out/inst1a.o
                0x08017620                inst1a
 .rodata        0x080178ac      0x350 ../Sound/out/inst1b.o
                0x080178ac                inst1b
 .rodata        0x08017bfc      0x334 ../Sound/out/inst1c.o
                0x08017bfc                inst1c
 .rodata        0x08017f30      0x470 ../Sound/out/inst1d.o
                0x08017f30                inst1d
 .rodata        0x080183a0      0x4f0 ../Sound/out/inst1e.o
                0x080183a0                inst1e
 .rodata        0x08018890      0x4e8 ../Sound/out/inst1f.o
                0x08018890                inst1f
 .rodata        0x08018d78      0x28c ../Sound/out/inst20.o
                0x08018d78                inst20
 .rodata        0x08019004      0x208 ../Sound/out/inst21.o
                0x08019004                inst21
 .rodata        0x0801920c      0x5ec ../Sound/out/inst22.o
                0x0801920c                inst22
 .rodata        0x080197f8      0x534 ../Sound/out/inst23.o
                0x080197f8                inst23
 .rodata        0x08019d2c      0x28c ../Sound/out/inst24.o
                0x08019d2c                inst24
 .rodata        0x08019fb8     0x1470 ../Sound/out/inst25.o
                0x08019fb8                inst25
 .rodata        0x0801b428      0x610 ../Sound/out/inst26.o
                0x0801b428                inst26
 .rodata        0x0801ba38      0x45c ../Sound/out/inst27.o
                0x0801ba38                inst27
 .rodata        0x0801be94     0x146c ../Sound/out/inst28.o
                0x0801be94                inst28
 .rodata        0x0801d300     0x1468 ../Sound/out/inst29.o
                0x0801d300                inst29
 .rodata        0x0801e768      0x320 ../Sound/out/inst2a.o
                0x0801e768                inst2a
 .rodata        0x0801ea88      0x91c ../Sound/out/inst2b.o
                0x0801ea88                inst2b
 .rodata        0x0801f3a4     0x1470 ../Sound/out/inst2c.o
                0x0801f3a4                inst2c
 .rodata        0x08020814      0x3fc ../Sound/out/inst2d.o
                0x08020814                inst2d
 .rodata        0x08020c10     0x1464 ../Sound/out/inst2e.o
                0x08020c10                inst2e
 .rodata        0x08022074      0x5b0 ../Sound/out/inst2f.o
                0x08022074                inst2f
 .rodata        0x08022624      0xa04 ../Sound/out/inst30.o
                0x08022624                inst30
 .rodata        0x08023028      0x624 ../Sound/out/inst31.o
                0x08023028                inst31
 .rodata        0x0802364c      0x6d8 ../Sound/out/inst32.o
                0x0802364c                inst32
 .rodata        0x08023d24      0x43c ../Sound/out/inst33.o
                0x08023d24                inst33
 .rodata        0x08024160      0x5f0 ../Sound/out/inst34.o
                0x08024160                inst34
 .rodata        0x08024750      0x5c4 ../Sound/out/inst35.o
                0x08024750                inst35
 .rodata        0x08024d14      0x650 ../Sound/out/inst36.o
                0x08024d14                inst36
 .rodata        0x08025364      0x404 ../Sound/out/inst37.o
                0x08025364                inst37
 .rodata        0x08025768      0x460 ../Sound/out/inst38.o
                0x08025768                inst38
 .rodata        0x08025bc8      0x3c4 ../Sound/out/inst39.o
                0x08025bc8                inst39
 .rodata        0x08025f8c      0x3fc ../Sound/out/inst3a.o
                0x08025f8c                inst3a
 .rodata        0x08026388      0x644 ../Sound/out/inst3b.o
                0x08026388                inst3b
 .rodata        0x080269cc     0x145c ../Sound/out/inst3c.o
                0x080269cc                inst3c
 .rodata        0x08027e28      0x4c8 ../Sound/out/inst3d.o
                0x08027e28                inst3d
 .rodata        0x080282f0      0x20c ../Sound/out/inst3e.o
                0x080282f0                inst3e
 .rodata        0x080284fc      0x540 ../Sound/out/inst3f.o
                0x080284fc                inst3f
 .rodata        0x08028a3c      0x7e4 ../Sound/out/inst40.o
                0x08028a3c                inst40
 .rodata        0x08029220      0x230 ../Sound/out/inst41.o
                0x08029220                inst41
 .rodata        0x08029450      0xab4 ../Sound/out/inst42.o
                0x08029450                inst42
 .rodata        0x08029f04     0x19d8 ../Sound/out/inst43.o
                0x08029f04                inst43
 .rodata        0x0802b8dc      0x714 ../Sound/out/inst44.o
                0x0802b8dc                inst44
 .rodata        0x0802bff0     0x183c ../Sound/out/inst45.o
                0x0802bff0                inst45
 .rodata        0x0802d82c     0x15f0 ../Sound/out/inst46.o
                0x0802d82c                inst46
 .rodata        0x0802ee1c      0x370 ../Sound/out/inst47.o
                0x0802ee1c                inst47
 .rodata        0x0802f18c      0x528 ../Sound/out/inst48.o
                0x0802f18c                inst48
 .rodata        0x0802f6b4      0x4e0 ../Sound/out/inst49.o
                0x0802f6b4                inst49
 .rodata        0x0802fb94      0x5e4 ../Sound/out/inst4a.o
                0x0802fb94                inst4a
 .rodata        0x08030178     0x154c ../Sound/out/inst4b.o
                0x08030178                inst4b
 .rodata        0x080316c4     0x145c ../Sound/out/inst4c.o
                0x080316c4                inst4c
 .rodata        0x08032b20      0x3f4 ../Sound/out/inst4d.o
                0x08032b20                inst4d
 .rodata        0x08032f14      0x838 ../Sound/out/inst4e.o
                0x08032f14                inst4e
 .rodata        0x0803374c      0x70c ../Sound/out/inst4f.o
                0x0803374c                inst4f
 .rodata        0x08033e58      0x378 ../Sound/out/inst50.o
                0x08033e58                inst50
 .rodata        0x080341d0      0xd58 ../Sound/out/inst51.o
                0x080341d0                inst51
 .rodata        0x08034f28      0x64c ../Sound/out/inst52.o
                0x08034f28                inst52
 .rodata        0x08035574      0xc7c ../Sound/out/inst53.o
                0x08035574                inst53
 .rodata        0x080361f0     0x1070 ../Sound/out/inst54.o
                0x080361f0                inst54
 .rodata        0x08037260      0x210 ../Sound/out/inst55.o
                0x08037260                inst55
 .rodata        0x08037470      0x3e0 ../Sound/out/inst56.o
                0x08037470                inst56
 .rodata        0x08037850      0x510 ../Sound/out/inst57.o
                0x08037850                inst57
 .rodata        0x08037d60      0xab4 ../Sound/out/inst58.o
                0x08037d60                inst58
 .rodata        0x08038814      0x98c ../Sound/out/inst59.o
                0x08038814                inst59
 .rodata        0x080391a0      0x380 ../Sound/out/inst5a.o
                0x080391a0                inst5a
 .rodata        0x08039520     0x156c ../Sound/out/inst5b.o
                0x08039520                inst5b
 .rodata        0x0803aa8c     0x1480 ../Sound/out/inst5c.o
                0x0803aa8c                inst5c
 .rodata        0x0803bf0c      0x4dc ../Sound/out/inst5d.o
                0x0803bf0c                inst5d
 .rodata        0x0803c3e8      0x28c ../Sound/out/inst5e.o
                0x0803c3e8                inst5e
 .rodata        0x0803c674      0x250 ../Sound/out/inst5f.o
                0x0803c674                inst5f
 .rodata        0x0803c8c4      0x28c ../Sound/out/inst60.o
                0x0803c8c4                inst60
 .rodata        0x0803cb50      0x46c ../Sound/out/inst61.o
                0x0803cb50                inst61
 .rodata        0x0803cfbc      0x7a0 ../Sound/out/inst62.o
                0x0803cfbc                inst62
 .rodata        0x0803d75c      0x308 ../Sound/out/inst63.o
                0x0803d75c                inst63
 .rodata        0x0803da64      0x470 ../Sound/out/inst64.o
                0x0803da64                inst64
 .rodata        0x0803ded4      0xb88 ../Sound/out/inst65.o
                0x0803ded4                inst65
 .rodata        0x0803ea5c      0x654 ../Sound/out/inst66.o
                0x0803ea5c                inst66
 .rodata        0x0803f0b0      0x400 ../Sound/out/inst67.o
                0x0803f0b0                inst67
 .rodata        0x0803f4b0     0x1a0c ../Sound/out/snd_anmf.o
                0x0803f4b0                snd_anmf
 .rodata        0x08040ebc      0xd58 ../Sound/out/snd_bblw.o
                0x08040ebc                snd_bblw
 .rodata        0x08041c14      0x7e4 ../Sound/out/snd_bbou.o
                0x08041c14                snd_bbou
 .rodata        0x080423f8     0x23e8 ../Sound/out/snd_blam.o
                0x080423f8                snd_blam
 .rodata        0x080447e0      0x8e4 ../Sound/out/snd_boun.o
                0x080447e0                snd_boun
 .rodata        0x080450c4     0x1224 ../Sound/out/snd_corl.o
                0x080450c4                snd_corl
 .rodata        0x080462e8      0xcac ../Sound/out/snd_eat.o
                0x080462e8                snd_eat
 .rodata        0x08046f94      0xba0 ../Sound/out/snd_elec.o
                0x08046f94                snd_elec
 .rodata        0x08047b34      0x914 ../Sound/out/snd_impc.o
                0x08047b34                snd_impc
 .rodata        0x08048448      0xa1c ../Sound/out/snd_jfsh.o
                0x08048448                snd_jfsh
 .rodata        0x08048e64      0x6c8 ../Sound/out/snd_jump.o
                0x08048e64                snd_jump
 .rodata        0x0804952c      0x554 ../Sound/out/snd_krte.o
                0x0804952c                snd_krte
 .rodata        0x08049a80     0x139c ../Sound/out/snd_move.o
                0x08049a80                snd_move
 .rodata        0x0804ae1c      0x654 ../Sound/out/snd_net.o
                0x0804ae1c                snd_net
 .rodata        0x0804b470      0xe74 ../Sound/out/snd_satk.o
                0x0804b470                snd_satk
 .rodata        0x0804c2e4      0xcdc ../Sound/out/snd_saw.o
                0x0804c2e4                snd_saw
 .rodata        0x0804cfc0      0xd30 ../Sound/out/snd_splt.o
                0x0804cfc0                snd_splt
 .rodata        0x0804dcf0      0x654 ../Sound/out/snd_squk.o
                0x0804dcf0                snd_squk
 .rodata        0x0804e344     0x118c ../Sound/out/snd_tndr.o
                0x0804e344                snd_tndr
 .rodata        0x0804f4d0     0x1c08 ../Sound/out/snd_watr.o
                0x0804f4d0                snd_watr
 .rodata        0x080510d8     0x15ac ../Sound/out/snd_whsh.o
                0x080510d8                snd_whsh
 .rodata        0x08052684     0x15a4 ../Sound/out/snd_zlau.o
                0x08052684                snd_zlau
 .rodata        0x08053c28     0x16d0 ../Sound/out/ch1_1_2.o
                0x080552e0                ch1_1_2
 .rodata        0x080552f8     0x1d38 ../Sound/out/ch1_3.o
                0x08057018                ch1_3
 .rodata        0x08057030      0xc5c ../Sound/out/ch1_4.o
                0x08057c74                ch1_4
 .rodata        0x08057c8c      0x784 ../Sound/out/ch1_b.o
                0x080583f8                ch1_b
 .rodata        0x08058410     0x10cc ../Sound/out/ch2_1_3.o
                0x080594c4                ch2_1_3
 .rodata        0x080594dc     0x1310 ../Sound/out/ch2_2.o
                0x0805a7d4                ch2_2
 .rodata        0x0805a7ec      0xdb0 ../Sound/out/ch2_4.o
                0x0805b584                ch2_4
 .rodata        0x0805b59c      0x124 ../Sound/out/ch2_b.o
                0x0805b6a8                ch2_b
 .rodata        0x0805b6c0      0xb2c ../Sound/out/ch3_1.o
                0x0805c1d4                ch3_1
 .rodata        0x0805c1ec     0x1538 ../Sound/out/ch3_2_3.o
                0x0805d70c                ch3_2_3
 .rodata        0x0805d724      0xde0 ../Sound/out/ch3_4.o
                0x0805e4ec                ch3_4
 .rodata        0x0805e504      0x19c ../Sound/out/ch3_b1.o
                0x0805e688                ch3_b1
 .rodata        0x0805e6a0      0x45c ../Sound/out/ch3_b2.o
                0x0805eae4                ch3_b2
 .rodata        0x0805eafc     0x165c ../Sound/out/ch4_1.o
                0x08060140                ch4_1
 .rodata        0x08060158     0x1bac ../Sound/out/ch4_2_4.o
                0x08061cec                ch4_2_4
 .rodata        0x08061d04      0xdb8 ../Sound/out/ch4_3.o
                0x08062aa4                ch4_3
 .rodata        0x08062abc      0x474 ../Sound/out/ch4_b.o
                0x08062f18                ch4_b
 .rodata        0x08062f30      0xec0 ../Sound/out/ch5_1_3.o
                0x08063dd8                ch5_1_3
 .rodata        0x08063df0      0xd48 ../Sound/out/ch5_2.o
                0x08064b20                ch5_2
 .rodata        0x08064b38     0x18ac ../Sound/out/ch5_4.o
                0x080663cc                ch5_4
 .rodata        0x080663e4      0x2dc ../Sound/out/ch5_b.o
                0x080666a8                ch5_b
 .rodata        0x080666c0      0x848 ../Sound/out/ch6_b_t.o
                0x08066ef0                ch6_b_t
 .rodata        0x08066f08      0xb1c ../Sound/out/ch6_g.o
                0x08067a0c                ch6_g
 .rodata        0x08067a24      0xd84 ../Sound/out/ch6_r_s.o
                0x08068790                ch6_r_s
 .rodata        0x080687a8      0x508 ../Sound/out/ch6_top.o
                0x08068c98                ch6_top
 .rodata        0x08068cb0      0x1dc ../Sound/out/gameover.o
                0x08068e74                gameover
 .rodata        0x08068e8c      0x2f4 ../Sound/out/options.o
                0x08069168                options
 .rodata        0x08069180      0x9a8 ../Sound/out/titlemusic.o
                0x08069b10                titlemusic
 .rodata        0x08069b28       0x1c ../Sound/out/zfx00.o
                0x08069b38                zfx00
 .rodata        0x08069b44       0x1c ../Sound/out/zfx01.o
                0x08069b54                zfx01
 .rodata        0x08069b60       0x1c ../Sound/out/zfx02.o
                0x08069b70                zfx02
 .rodata        0x08069b7c       0x1c ../Sound/out/zfx03.o
                0x08069b8c                zfx03
 .rodata        0x08069b98       0x1c ../Sound/out/zfx04.o
                0x08069ba8                zfx04
 .rodata        0x08069bb4       0x1c ../Sound/out/zfx05.o
                0x08069bc4                zfx05
 .rodata        0x08069bd0       0x20 ../Sound/out/zfx06.o
                0x08069be4                zfx06
 .rodata        0x08069bf0       0x1c ../Sound/out/zfx07.o
                0x08069c00                zfx07
 .rodata        0x08069c0c       0x28 ../Sound/out/zfx08.o
                0x08069c28                zfx08
 .rodata        0x08069c34       0x34 ../Sound/out/zfx09.o
                0x08069c5c                zfx09
 .rodata        0x08069c68       0x28 ../Sound/out/zfx10.o
                0x08069c84                zfx10
 .rodata        0x08069c90       0x1c ../Sound/out/zfx11.o
                0x08069ca0                zfx11
 .rodata        0x08069cac       0x1c ../Sound/out/zfx12.o
                0x08069cbc                zfx12
 .rodata        0x08069cc8       0x1c ../Sound/out/zfx13.o
                0x08069cd8                zfx13
 .rodata        0x08069ce4       0x1c ../Sound/out/zfx14.o
                0x08069cf4                zfx14
 .rodata        0x08069d00       0x1c ../Sound/out/zfx15.o
                0x08069d10                zfx15
 .rodata        0x08069d1c       0x1c ../Sound/out/zfx16.o
                0x08069d2c                zfx16
 .rodata        0x08069d38       0x40 ../Sound/out/zfx17.o
                0x08069d6c                zfx17
 .rodata        0x08069d78       0x1c ../Sound/out/zfx18.o
                0x08069d88                zfx18
 .rodata        0x08069d94       0x20 ../Sound/out/zfx19.o
                0x08069da8                zfx19
 .rodata        0x08069db4       0x2c ../Sound/out/zfx20.o
                0x08069dd4                zfx20
 .rodata        0x08069de0       0x28 ../Sound/out/zfx21.o
                0x08069dfc                zfx21
 .rodata        0x08069e08       0x38 ../Sound/out/zfx22.o
                0x08069e34                zfx22
 .rodata        0x08069e40       0x1c ../Sound/out/zfx23.o
                0x08069e50                zfx23
 .rodata        0x08069e5c       0x38 ../Sound/out/zfx24.o
                0x08069e88                zfx24
 .rodata        0x08069e94       0x24 ../Sound/out/zfx25.o
                0x08069eac                zfx25
 .rodata        0x08069eb8       0x1c ../Sound/out/zfx26.o
                0x08069ec8                zfx26
 .rodata        0x08069ed4       0x28 ../Sound/out/zfx27.o
                0x08069ef0                zfx27
 .rodata        0x08069efc       0x20 ../Sound/out/zfx28.o
                0x08069f10                zfx28
 .rodata        0x08069f1c       0x1c ../Sound/out/zfx29.o
                0x08069f2c                zfx29
 .rodata        0x08069f38       0x1c ../Sound/out/zfx30.o
                0x08069f48                zfx30
 .rodata        0x08069f54       0x38 ../Sound/out/zfx31.o
                0x08069f80                zfx31
 .rodata        0x08069f8c       0x20 ../Sound/out/zfx32.o
                0x08069fa0                zfx32
 .rodata        0x08069fac       0x34 ../Sound/out/zfx33.o
                0x08069fd4                zfx33
 .rodata        0x08069fe0       0x38 ../Sound/out/zfx34.o
                0x0806a00c                zfx34
 .rodata        0x0806a018       0x28 ../Sound/out/zfx35.o
                0x0806a034                zfx35
 .rodata        0x0806a040       0x1c ../Sound/out/zfx36.o
                0x0806a050                zfx36
 .rodata        0x0806a05c       0x20 ../Sound/out/zfx37.o
                0x0806a070                zfx37
 .rodata        0x0806a07c       0x30 ../Sound/out/zfx38.o
                0x0806a0a0                zfx38
 .rodata        0x0806a0ac       0x30 ../Sound/out/zfx39.o
                0x0806a0d0                zfx39
 .rodata        0x0806a0dc       0x28 ../Sound/out/zfx40.o
                0x0806a0f8                zfx40
 .rodata        0x0806a104       0x24 ../Sound/out/zfx41.o
                0x0806a11c                zfx41
 .rodata        0x0806a128       0x28 ../Sound/out/zfx42.o
                0x0806a144                zfx42
 .rodata        0x0806a150       0x20 ../Sound/out/zfx43.o
                0x0806a164                zfx43
 .rodata        0x0806a170       0x20 ../Sound/out/zfx44.o
                0x0806a184                zfx44
 .rodata        0x0806a190       0x20 ../Sound/out/zfx45.o
                0x0806a1a4                zfx45
 .rodata        0x0806a1b0       0x30 ../Sound/out/zfx46.o
                0x0806a1d4                zfx46
 .rodata        0x0806a1e0       0x1c ../Sound/out/zfx47.o
                0x0806a1f0                zfx47
 .rodata        0x0806a1fc       0x1c ../Sound/out/zfx48.o
                0x0806a20c                zfx48
 .rodata        0x0806a218       0x30 ../Sound/out/zfx49.o
                0x0806a23c                zfx49
 .rodata        0x0806a248       0x20 ../Sound/out/zfx50.o
                0x0806a25c                zfx50
 .rodata        0x0806a268       0x28 ../Sound/out/zfx51.o
                0x0806a284                zfx51
 .rodata        0x0806a290       0x1c ../Sound/out/zfx52.o
                0x0806a2a0                zfx52
 .rodata        0x0806a2ac       0x1c ../Sound/out/zfx53.o
                0x0806a2bc                zfx53
 .rodata        0x0806a2c8       0x44 ../Sound/out/zfx54.o
                0x0806a300                zfx54
 .rodata        0x0806a30c       0x20 ../Sound/out/zfx55.o
                0x0806a320                zfx55
 .rodata        0x0806a32c       0x58 ../Sound/out/zfx56.o
                0x0806a378                zfx56
 .rodata        0x0806a384       0x3c ../Sound/out/zfx57.o
                0x0806a3b4                zfx57
 .rodata        0x0806a3c0       0x34 ../Sound/out/zfx58.o
                0x0806a3e8                zfx58
 .rodata        0x0806a3f4       0x20 ../Sound/out/zfx59.o
                0x0806a408                zfx59
 .rodata        0x0806a414       0x20 ../Sound/out/zfx60.o
                0x0806a428                zfx60
 .rodata        0x0806a434       0x2c ../Sound/out/zfx61.o
                0x0806a454                zfx61
 .rodata        0x0806a460       0x20 ../Sound/out/zfx62.o
                0x0806a474                zfx62
 .rodata        0x0806a480       0x2c ../Sound/out/zfx63.o
                0x0806a4a0                zfx63
 .rodata        0x0806a4ac       0x34 ../Sound/out/zfx64.o
                0x0806a4d4                zfx64
 .rodata        0x0806a4e0       0x30 ../Sound/out/zfx65.o
                0x0806a504                zfx65
 .rodata        0x0806a510       0x1c ../Sound/out/zfx66.o
                0x0806a520                zfx66
 .rodata        0x0806a52c       0x20 ../Sound/out/zfx67.o
                0x0806a540                zfx67
 .rodata        0x0806a54c       0x1c ../Sound/out/zfx68.o
                0x0806a55c                zfx68
 .rodata        0x0806a568       0x1c ../Sound/out/zfx69.o
                0x0806a578                zfx69
 .rodata        0x0806a584       0x1c ../Sound/out/zfx70.o
                0x0806a594                zfx70
 .rodata        0x0806a5a0       0x20 ../Sound/out/zfx71.o
                0x0806a5b4                zfx71
 .rodata        0x0806a5c0       0x1c ../Sound/out/zfx72.o
                0x0806a5d0                zfx72
 .rodata        0x0806a5dc       0x1c ../Sound/out/zfx73.o
                0x0806a5ec                zfx73
 .rodata        0x0806a5f8       0x20 ../Sound/out/zfx74.o
                0x0806a60c                zfx74
 .rodata        0x0806a618       0x20 ../Sound/out/zfx75.o
                0x0806a62c                zfx75
 .rodata        0x0806a638       0x28 ../Sound/out/zfx76.o
                0x0806a654                zfx76
 .rodata        0x0806a660       0x44 ../Sound/out/zfx77.o
                0x0806a698                zfx77
 .rodata        0x0806a6a4       0x1c ../Sound/out/zfx78.o
                0x0806a6b4                zfx78
 .rodata        0x0806a6c0       0x20 ../Sound/out/zfx79.o
                0x0806a6d4                zfx79
 .rodata        0x0806a6e0       0x1c ../Sound/out/zfx80.o
                0x0806a6f0                zfx80
 .rodata        0x0806a6fc       0x1c ../Sound/out/zfx81.o
                0x0806a70c                zfx81
 .rodata        0x0806a718       0x1c ../Sound/out/zfx82.o
                0x0806a728                zfx82
 .rodata        0x0806a734       0x20 ../Sound/out/zfx83.o
                0x0806a748                zfx83
 .rodata        0x0806a754       0x24 ../Sound/out/zfx84.o
                0x0806a76c                zfx84
 .rodata        0x0806a778       0x20 ../Sound/out/zfx85.o
                0x0806a78c                zfx85
 .rodata        0x0806a798       0x34 ../Sound/out/zfx86.o
                0x0806a7c0                zfx86
 .rodata        0x0806a7cc       0x1c ../Sound/out/zfx87.o
                0x0806a7dc                zfx87
 .rodata        0x0806a7e8       0x24 ../Sound/out/zfx88.o
                0x0806a800                zfx88
 .rodata        0x0806a80c       0x20 ../Sound/out/zfx89.o
                0x0806a820                zfx89
 .rodata        0x0806a82c       0x20 ../Sound/out/zfx90.o
                0x0806a840                zfx90
 .rodata        0x0806a84c       0x24 ../Sound/out/zfx91.o
                0x0806a864                zfx91
 .rodata        0x0806a870     0x2170 ../data/Titles//libTitlesGFX.a(Start_Copy.o)
                0x0806aa70                Start_Copy_Character
                0x0806c530                Start_Copy_Map
                0x0806a870                Start_Copy_Palette
 .rodata        0x0806c9e0     0x19b0 ../data/Titles//libTitlesGFX.a(Start_THQ.o)
                0x0806c9e0                Start_THQ_Palette
                0x0806dee0                Start_THQ_Map
                0x0806cbe0                Start_THQ_Character
 .rodata        0x0806e390     0x1a70 ../data/Titles//libTitlesGFX.a(Start_Nick.o)
                0x0806e390                Start_Nick_Palette
                0x0806f950                Start_Nick_Map
                0x0806e590                Start_Nick_Character
 .rodata        0x0806fe00     0x1170 ../data/Titles//libTitlesGFX.a(Start_Climax.o)
                0x08070ac0                Start_Climax_Map
                0x0806fe00                Start_Climax_Palette
                0x08070000                Start_Climax_Character
 .rodata        0x08070f70     0x1800 ../data/Titles//libTitlesGFX.a(libFontGame.o)
                0x08070f70                libFontGame_Char
 .rodata        0x08072770     0x1800 ../data/Titles//libTitlesGFX.a(libFontMenu.o)
                0x08072770                libFontMenu_Char
 .rodata        0x08073f70     0x12c0 ../data/Titles//libTitlesGFX.a(menuback.o)
                0x08074a30                menuback_Map
                0x08074170                menuback_Character
                0x08073f70                menuback_Palette
 .rodata        0x08075230     0x2b00 ../data/Titles//libTitlesGFX.a(HubMap.o)
                0x08075430                HubMap_Character
                0x08075230                HubMap_Palette
                0x08076d30                HubMap_Map
 .rodata        0x08077d30     0x1a30 ../data/Titles//libTitlesGFX.a(menul2.o)
                0x08077d30                menul2_Palette
                0x080792b0                menul2_Map
                0x08077f30                menul2_Character
 .rodata        0x08079760     0x1200 ../data/Titles//libTitlesGFX.a(menuback2.o)
                0x08079760                menuback2_Palette
                0x0807a160                menuback2_Map
                0x08079960                menuback2_Character
 .rodata        0x0807a960     0x1b80 ../data/Titles//libTitlesGFX.a(menuback3.o)
                0x0807bce0                menuback3_Map
                0x0807a960                menuback3_Palette
                0x0807ab60                menuback3_Character
 .rodata        0x0807c4e0     0x1a40 ../data/Titles//libTitlesGFX.a(menuback4.o)
                0x0807c6e0                menuback4_Character
                0x0807d720                menuback4_Map
                0x0807c4e0                menuback4_Palette
 .rodata        0x0807df20     0x1cc0 ../data/Titles//libTitlesGFX.a(menuback5.o)
                0x0807df20                menuback5_Palette
                0x0807e120                menuback5_Character
                0x0807f3e0                menuback5_Map
 .rodata        0x0807fbe0     0x1c40 ../data/Titles//libTitlesGFX.a(menuback6.o)
                0x0807fbe0                menuback6_Palette
                0x0807fde0                menuback6_Character
                0x08081020                menuback6_Map
 .rodata        0x08081820     0x10e0 ../data/Titles//libTitlesGFX.a(icons.o)
                0x08081820                icons_Char
 .rodata        0x08082900      0x13c ../data/Sprites/SpongeBob//libSpongeBob_Sprs.a(buttbounceend0001_RL.o)
                0x08082900                buttbounceend0001_Char_RL
 .rodata        0x08082a3c      0x178 ../data/Sprites/SpongeBob//libSpongeBob_Sprs.a(buttbounceend0003_RL.o)
                0x08082a3c                buttbounceend0003_Char_RL
 .rodata        0x08082bb4      0x13c ../data/Sprites/SpongeBob//libSpongeBob_Sprs.a(buttbounceend0005_RL.o)
                0x08082bb4                buttbounceend0005_Char_RL
 .rodata        0x08082cf0      0x1c8 ../data/Sprites/SpongeBob//libSpongeBob_Sprs.a(buttbounceend0007_RL.o)
                0x08082cf0                buttbounceend0007_Char_RL
 .rodata        0x08082eb8      0x1c8 ../data/Sprites/SpongeBob//libSpongeBob_Sprs.a(buttbouncestart0001_RL.o)
                0x08082eb8                buttbouncestart0001_Char_RL
 .rodata        0x08083080      0x1a8 ../data/Sprites/SpongeBob//libSpongeBob_Sprs.a(buttbouncestart0003_RL.o)
                0x08083080                buttbouncestart0003_Char_RL
 .rodata        0x08083228      0x188 ../data/Sprites/SpongeBob//libSpongeBob_Sprs.a(buttbouncestart0005_RL.o)
                0x08083228                buttbouncestart0005_Char_RL
 .rodata        0x080833b0      0x154 ../data/Sprites/SpongeBob//libSpongeBob_Sprs.a(buttbouncestart0007_RL.o)
                0x080833b0                buttbouncestart0007_Char_RL
 .rodata        0x08083504      0x1c8 ../data/Sprites/SpongeBob//libSpongeBob_Sprs.a(deathbackwards0001_RL.o)
                0x08083504                deathbackwards0001_Char_RL
 .rodata        0x080836cc      0x16c ../data/Sprites/SpongeBob//libSpongeBob_Sprs.a(deathbackwards0003_RL.o)
                0x080836cc                deathbackwards0003_Char_RL
 .rodata        0x08083838      0x174 ../data/Sprites/SpongeBob//libSpongeBob_Sprs.a(deathbackwards0005_RL.o)
                0x08083838                deathbackwards0005_Char_RL
 .rodata        0x080839ac       0xe0 ../data/Sprites/SpongeBob//libSpongeBob_Sprs.a(deathbackwards0007_RL.o)
                0x080839ac                deathbackwards0007_Char_RL
 .rodata        0x08083a8c       0xd8 ../data/Sprites/SpongeBob//libSpongeBob_Sprs.a(deathbackwards0009_RL.o)
                0x08083a8c                deathbackwards0009_Char_RL
 .rodata        0x08083b64       0xbc ../data/Sprites/SpongeBob//libSpongeBob_Sprs.a(deathbackwards0011_RL.o)
                0x08083b64                deathbackwards0011_Char_RL
 .rodata        0x08083c20       0xec ../data/Sprites/SpongeBob//libSpongeBob_Sprs.a(deathbackwards0013_RL.o)
                0x08083c20                deathbackwards0013_Char_RL
 .rodata        0x08083d0c       0xf0 ../data/Sprites/SpongeBob//libSpongeBob_Sprs.a(deathbackwards0015_RL.o)
                0x08083d0c                deathbackwards0015_Char_RL
 .rodata        0x08083dfc      0x1c4 ../data/Sprites/SpongeBob//libSpongeBob_Sprs.a(deathdry0001_RL.o)
                0x08083dfc                deathdry0001_Char_RL
 .rodata        0x08083fc0      0x1c0 ../data/Sprites/SpongeBob//libSpongeBob_Sprs.a(deathdry0003_RL.o)
                0x08083fc0                deathdry0003_Char_RL
 .rodata        0x08084180      0x1a8 ../data/Sprites/SpongeBob//libSpongeBob_Sprs.a(deathdry0005_RL.o)
                0x08084180                deathdry0005_Char_RL
 .rodata        0x08084328      0x1b8 ../data/Sprites/SpongeBob//libSpongeBob_Sprs.a(deathdry0007_RL.o)
                0x08084328                deathdry0007_Char_RL
 .rodata        0x080844e0      0x18c ../data/Sprites/SpongeBob//libSpongeBob_Sprs.a(deathdry0009_RL.o)
                0x080844e0                deathdry0009_Char_RL
 .rodata        0x0808466c      0x1d4 ../data/Sprites/SpongeBob//libSpongeBob_Sprs.a(deathdry0011_RL.o)
                0x0808466c                deathdry0011_Char_RL
 .rodata        0x08084840      0x1b8 ../data/Sprites/SpongeBob//libSpongeBob_Sprs.a(deathdry0013_RL.o)
                0x08084840                deathdry0013_Char_RL
 .rodata        0x080849f8      0x168 ../data/Sprites/SpongeBob//libSpongeBob_Sprs.a(deathdry0015_RL.o)
                0x080849f8                deathdry0015_Char_RL
 .rodata        0x08084b60      0x180 ../data/Sprites/SpongeBob//libSpongeBob_Sprs.a(deathforwards0001_RL.o)
                0x08084b60                deathforwards0001_Char_RL
 .rodata        0x08084ce0      0x170 ../data/Sprites/SpongeBob//libSpongeBob_Sprs.a(deathforwards0003_RL.o)
                0x08084ce0                deathforwards0003_Char_RL
 .rodata        0x08084e50      0x170 ../data/Sprites/SpongeBob//libSpongeBob_Sprs.a(deathforwards0005_RL.o)
                0x08084e50                deathforwards0005_Char_RL
 .rodata        0x08084fc0      0x15c ../data/Sprites/SpongeBob//libSpongeBob_Sprs.a(deathforwards0007_RL.o)
                0x08084fc0                deathforwards0007_Char_RL
 .rodata        0x0808511c      0x16c ../data/Sprites/SpongeBob//libSpongeBob_Sprs.a(deathforwards0009_RL.o)
                0x0808511c                deathforwards0009_Char_RL
 .rodata        0x08085288      0x164 ../data/Sprites/SpongeBob//libSpongeBob_Sprs.a(deathforwards0011_RL.o)
                0x08085288                deathforwards0011_Char_RL
 .rodata        0x080853ec      0x160 ../data/Sprites/SpongeBob//libSpongeBob_Sprs.a(deathforwards0013_RL.o)
                0x080853ec                deathforwards0013_Char_RL
 .rodata        0x0808554c       0xc0 ../data/Sprites/SpongeBob//libSpongeBob_Sprs.a(deathforwards0015_RL.o)
                0x0808554c                deathforwards0015_Char_RL
 .rodata        0x0808560c      0x1c8 ../data/Sprites/SpongeBob//libSpongeBob_Sprs.a(deathspin0001_RL.o)
                0x0808560c                deathspin0001_Char_RL
 .rodata        0x080857d4      0x17c ../data/Sprites/SpongeBob//libSpongeBob_Sprs.a(deathspin0003_RL.o)
                0x080857d4                deathspin0003_Char_RL
 .rodata        0x08085950      0x180 ../data/Sprites/SpongeBob//libSpongeBob_Sprs.a(deathspin0005_RL.o)
                0x08085950                deathspin0005_Char_RL
 .rodata        0x08085ad0      0x1a4 ../data/Sprites/SpongeBob//libSpongeBob_Sprs.a(deathspin0007_RL.o)
                0x08085ad0                deathspin0007_Char_RL
 .rodata        0x08085c74      0x1a4 ../data/Sprites/SpongeBob//libSpongeBob_Sprs.a(deathspin0009_RL.o)
                0x08085c74                deathspin0009_Char_RL
 .rodata        0x08085e18      0x11c ../data/Sprites/SpongeBob//libSpongeBob_Sprs.a(deathspin0011_RL.o)
                0x08085e18                deathspin0011_Char_RL
 .rodata        0x08085f34      0x1b0 ../data/Sprites/SpongeBob//libSpongeBob_Sprs.a(deathspin0013_RL.o)
                0x08085f34                deathspin0013_Char_RL
 .rodata        0x080860e4      0x1b0 ../data/Sprites/SpongeBob//libSpongeBob_Sprs.a(deathspin0015_RL.o)
                0x080860e4                deathspin0015_Char_RL
 .rodata        0x08086294      0x1bc ../data/Sprites/SpongeBob//libSpongeBob_Sprs.a(deathsquash0001_RL.o)
                0x08086294                deathsquash0001_Char_RL
 .rodata        0x08086450      0x188 ../data/Sprites/SpongeBob//libSpongeBob_Sprs.a(deathsquash0003_RL.o)
                0x08086450                deathsquash0003_Char_RL
 .rodata        0x080865d8      0x16c ../data/Sprites/SpongeBob//libSpongeBob_Sprs.a(deathsquash0005_RL.o)
                0x080865d8                deathsquash0005_Char_RL
 .rodata        0x08086744      0x150 ../data/Sprites/SpongeBob//libSpongeBob_Sprs.a(deathsquash0007_RL.o)
                0x08086744                deathsquash0007_Char_RL
 .rodata        0x08086894      0x12c ../data/Sprites/SpongeBob//libSpongeBob_Sprs.a(deathsquash0009_RL.o)
                0x08086894                deathsquash0009_Char_RL
 .rodata        0x080869c0       0xec ../data/Sprites/SpongeBob//libSpongeBob_Sprs.a(deathsquash0011_RL.o)
                0x080869c0                deathsquash0011_Char_RL
 .rodata        0x08086aac      0x150 ../data/Sprites/SpongeBob//libSpongeBob_Sprs.a(deathsquash0013_RL.o)
                0x08086aac                deathsquash0013_Char_RL
 .rodata        0x08086bfc       0xcc ../data/Sprites/SpongeBob//libSpongeBob_Sprs.a(deathsquash0015_RL.o)
                0x08086bfc                deathsquash0015_Char_RL
 .rodata        0x08086cc8      0x180 ../data/Sprites/SpongeBob//libSpongeBob_Sprs.a(deathtar0001_RL.o)
                0x08086cc8                deathtar0001_Char_RL
 .rodata        0x08086e48      0x170 ../data/Sprites/SpongeBob//libSpongeBob_Sprs.a(deathtar0003_RL.o)
                0x08086e48                deathtar0003_Char_RL
 .rodata        0x08086fb8      0x170 ../data/Sprites/SpongeBob//libSpongeBob_Sprs.a(deathtar0005_RL.o)
                0x08086fb8                deathtar0005_Char_RL
 .rodata        0x08087128      0x184 ../data/Sprites/SpongeBob//libSpongeBob_Sprs.a(deathtar0007_RL.o)
                0x08087128                deathtar0007_Char_RL
 .rodata        0x080872ac      0x1b4 ../data/Sprites/SpongeBob//libSpongeBob_Sprs.a(deathtarstart0001_RL.o)
                0x080872ac                deathtarstart0001_Char_RL
 .rodata        0x08087460      0x1ac ../data/Sprites/SpongeBob//libSpongeBob_Sprs.a(deathtarstart0003_RL.o)
                0x08087460                deathtarstart0003_Char_RL
 .rodata        0x0808760c      0x194 ../data/Sprites/SpongeBob//libSpongeBob_Sprs.a(deathtarstart0005_RL.o)
                0x0808760c                deathtarstart0005_Char_RL
 .rodata        0x080877a0      0x188 ../data/Sprites/SpongeBob//libSpongeBob_Sprs.a(deathtarstart0007_RL.o)
                0x080877a0                deathtarstart0007_Char_RL
 .rodata        0x08087928      0x194 ../data/Sprites/SpongeBob//libSpongeBob_Sprs.a(electricshock0001_RL.o)
                0x08087928                electricshock0001_Char_RL
 .rodata        0x08087abc      0x18c ../data/Sprites/SpongeBob//libSpongeBob_Sprs.a(electricshock0003_RL.o)
                0x08087abc                electricshock0003_Char_RL
 .rodata        0x08087c48      0x18c ../data/Sprites/SpongeBob//libSpongeBob_Sprs.a(electricshock0005_RL.o)
                0x08087c48                electricshock0005_Char_RL
 .rodata        0x08087dd4      0x18c ../data/Sprites/SpongeBob//libSpongeBob_Sprs.a(electricshock0007_RL.o)
                0x08087dd4                electricshock0007_Char_RL
 .rodata        0x08087f60      0x190 ../data/Sprites/SpongeBob//libSpongeBob_Sprs.a(electricshockend0000_RL.o)
                0x08087f60                electricshockend0000_Char_RL
 .rodata        0x080880f0      0x1d4 ../data/Sprites/SpongeBob//libSpongeBob_Sprs.a(electricshockend0001_RL.o)
                0x080880f0                electricshockend0001_Char_RL
 .rodata        0x080882c4      0x1b4 ../data/Sprites/SpongeBob//libSpongeBob_Sprs.a(electricshockstart0000_RL.o)
                0x080882c4                electricshockstart0000_Char_RL
 .rodata        0x08088478      0x170 ../data/Sprites/SpongeBob//libSpongeBob_Sprs.a(electricshockstart0001_RL.o)
                0x08088478                electricshockstart0001_Char_RL
 .rodata        0x080885e8      0x17c ../data/Sprites/SpongeBob//libSpongeBob_Sprs.a(faceback0001_RL.o)
                0x080885e8                faceback0001_Char_RL
 .rodata        0x08088764      0x174 ../data/Sprites/SpongeBob//libSpongeBob_Sprs.a(faceback0003_RL.o)
                0x08088764                faceback0003_Char_RL
 .rodata        0x080888d8      0x190 ../data/Sprites/SpongeBob//libSpongeBob_Sprs.a(faceback0005_RL.o)
                0x080888d8                faceback0005_Char_RL
 .rodata        0x08088a68      0x1b0 ../data/Sprites/SpongeBob//libSpongeBob_Sprs.a(faceback0007_RL.o)
                0x08088a68                faceback0007_Char_RL
 .rodata        0x08088c18      0x1b4 ../data/Sprites/SpongeBob//libSpongeBob_Sprs.a(facefront0000_RL.o)
                0x08088c18                facefront0000_Char_RL
 .rodata        0x08088dcc      0x184 ../data/Sprites/SpongeBob//libSpongeBob_Sprs.a(facefront0001_RL.o)
                0x08088dcc                facefront0001_Char_RL
 .rodata        0x08088f50       0xec ../data/Sprites/SpongeBob//libSpongeBob_Sprs.a(fall0001_RL.o)
                0x08088f50                fall0001_Char_RL
 .rodata        0x0808903c      0x120 ../data/Sprites/SpongeBob//libSpongeBob_Sprs.a(fall0003_RL.o)
                0x0808903c                fall0003_Char_RL
 .rodata        0x0808915c       0x6c ../data/Sprites/SpongeBob//libSpongeBob_Sprs.a(fall0005_RL.o)
                0x0808915c                fall0005_Char_RL
 .rodata        0x080891c8      0x1e0 ../data/Sprites/SpongeBob//libSpongeBob_Sprs.a(fireend0000_RL.o)
                0x080891c8                fireend0000_Char_RL
 .rodata        0x080893a8      0x1c4 ../data/Sprites/SpongeBob//libSpongeBob_Sprs.a(fireend0001_RL.o)
                0x080893a8                fireend0001_Char_RL
 .rodata        0x0808956c      0x1a8 ../data/Sprites/SpongeBob//libSpongeBob_Sprs.a(firestart0000_RL.o)
                0x0808956c                firestart0000_Char_RL
 .rodata        0x08089714      0x1b4 ../data/Sprites/SpongeBob//libSpongeBob_Sprs.a(firestart0001_RL.o)
                0x08089714                firestart0001_Char_RL
 .rodata        0x080898c8      0x1b8 ../data/Sprites/SpongeBob//libSpongeBob_Sprs.a(firestart0002_RL.o)
                0x080898c8                firestart0002_Char_RL
 .rodata        0x08089a80      0x1cc ../data/Sprites/SpongeBob//libSpongeBob_Sprs.a(firestart0003_RL.o)
                0x08089a80                firestart0003_Char_RL
 .rodata        0x08089c4c       0xe8 ../data/Sprites/SpongeBob//libSpongeBob_Sprs.a(getup0001_RL.o)
                0x08089c4c                getup0001_Char_RL
 .rodata        0x08089d34      0x1a0 ../data/Sprites/SpongeBob//libSpongeBob_Sprs.a(getup0003_RL.o)
                0x08089d34                getup0003_Char_RL
 .rodata        0x08089ed4      0x190 ../data/Sprites/SpongeBob//libSpongeBob_Sprs.a(getup0005_RL.o)
                0x08089ed4                getup0005_Char_RL
 .rodata        0x0808a064      0x1b4 ../data/Sprites/SpongeBob//libSpongeBob_Sprs.a(getup0007_RL.o)
                0x0808a064                getup0007_Char_RL
 .rodata        0x0808a218      0x140 ../data/Sprites/SpongeBob//libSpongeBob_Sprs.a(getuprun0001_RL.o)
                0x0808a218                getuprun0001_Char_RL
 .rodata        0x0808a358      0x180 ../data/Sprites/SpongeBob//libSpongeBob_Sprs.a(getuprun0003_RL.o)
                0x0808a358                getuprun0003_Char_RL
 .rodata        0x0808a4d8      0x180 ../data/Sprites/SpongeBob//libSpongeBob_Sprs.a(getuprun0005_RL.o)
                0x0808a4d8                getuprun0005_Char_RL
 .rodata        0x0808a658      0x180 ../data/Sprites/SpongeBob//libSpongeBob_Sprs.a(getuprun0007_RL.o)
                0x0808a658                getuprun0007_Char_RL
 .rodata        0x0808a7d8       0xd4 ../data/Sprites/SpongeBob//libSpongeBob_Sprs.a(hitground0001_RL.o)
                0x0808a7d8                hitground0001_Char_RL
 .rodata        0x0808a8ac       0xbc ../data/Sprites/SpongeBob//libSpongeBob_Sprs.a(hitground0003_RL.o)
                0x0808a8ac                hitground0003_Char_RL
 .rodata        0x0808a968       0xcc ../data/Sprites/SpongeBob//libSpongeBob_Sprs.a(hitground0005_RL.o)
                0x0808a968                hitground0005_Char_RL
 .rodata        0x0808aa34       0xc8 ../data/Sprites/SpongeBob//libSpongeBob_Sprs.a(hitground0007_RL.o)
                0x0808aa34                hitground0007_Char_RL
 .rodata        0x0808aafc       0xb8 ../data/Sprites/SpongeBob//libSpongeBob_Sprs.a(hover0001_RL.o)
                0x0808aafc                hover0001_Char_RL
 .rodata        0x0808abb4       0xc4 ../data/Sprites/SpongeBob//libSpongeBob_Sprs.a(hover0003_RL.o)
                0x0808abb4                hover0003_Char_RL
 .rodata        0x0808ac78       0xc8 ../data/Sprites/SpongeBob//libSpongeBob_Sprs.a(hover0005_RL.o)
                0x0808ac78                hover0005_Char_RL
 .rodata        0x0808ad40       0xc8 ../data/Sprites/SpongeBob//libSpongeBob_Sprs.a(hover0007_RL.o)
                0x0808ad40                hover0007_Char_RL
 .rodata        0x0808ae08      0x1b8 ../data/Sprites/SpongeBob//libSpongeBob_Sprs.a(hoverend0000_RL.o)
                0x0808ae08                hoverend0000_Char_RL
 .rodata        0x0808afc0      0x17c ../data/Sprites/SpongeBob//libSpongeBob_Sprs.a(hoverend0001_RL.o)
                0x0808afc0                hoverend0001_Char_RL
 .rodata        0x0808b13c      0x194 ../data/Sprites/SpongeBob//libSpongeBob_Sprs.a(hoverstart0000_RL.o)
                0x0808b13c                hoverstart0000_Char_RL
 .rodata        0x0808b2d0      0x19c ../data/Sprites/SpongeBob//libSpongeBob_Sprs.a(hoverstart0001_RL.o)
                0x0808b2d0                hoverstart0001_Char_RL
 .rodata        0x0808b46c       0x5c ../data/Sprites/SpongeBob//libSpongeBob_Sprs.a(idlebouncehead0001_RL.o)
                0x0808b46c                idlebouncehead0001_Char_RL
 .rodata        0x0808b4c8       0x88 ../data/Sprites/SpongeBob//libSpongeBob_Sprs.a(idlebouncehead0003_RL.o)
                0x0808b4c8                idlebouncehead0003_Char_RL
 .rodata        0x0808b550       0x84 ../data/Sprites/SpongeBob//libSpongeBob_Sprs.a(idlebouncehead0005_RL.o)
                0x0808b550                idlebouncehead0005_Char_RL
 .rodata        0x0808b5d4       0x48 ../data/Sprites/SpongeBob//libSpongeBob_Sprs.a(idlebouncehead0007_RL.o)
                0x0808b5d4                idlebouncehead0007_Char_RL
 .rodata        0x0808b61c       0x1c ../data/Sprites/SpongeBob//libSpongeBob_Sprs.a(idlebouncehead0009_RL.o)
                0x0808b61c                idlebouncehead0009_Char_RL
 .rodata        0x0808b638       0x34 ../data/Sprites/SpongeBob//libSpongeBob_Sprs.a(idlebouncehead0011_RL.o)
                0x0808b638                idlebouncehead0011_Char_RL
 .rodata        0x0808b66c       0x40 ../data/Sprites/SpongeBob//libSpongeBob_Sprs.a(idlebouncehead0013_RL.o)
                0x0808b66c                idlebouncehead0013_Char_RL
 .rodata        0x0808b6ac       0x40 ../data/Sprites/SpongeBob//libSpongeBob_Sprs.a(idlebouncehead0015_RL.o)
                0x0808b6ac                idlebouncehead0015_Char_RL
 .rodata        0x0808b6ec       0x14 ../data/Sprites/SpongeBob//libSpongeBob_Sprs.a(idlebounceheadend0001_RL.o)
                0x0808b6ec                idlebounceheadend0001_Char_RL
 .rodata        0x0808b700       0x78 ../data/Sprites/SpongeBob//libSpongeBob_Sprs.a(idlebounceheadend0003_RL.o)
                0x0808b700                idlebounceheadend0003_Char_RL
 .rodata        0x0808b778       0xb0 ../data/Sprites/SpongeBob//libSpongeBob_Sprs.a(idlebounceheadend0005_RL.o)
                0x0808b778                idlebounceheadend0005_Char_RL
 .rodata        0x0808b828       0x80 ../data/Sprites/SpongeBob//libSpongeBob_Sprs.a(idlebounceheadend0007_RL.o)
                0x0808b828                idlebounceheadend0007_Char_RL
 .rodata        0x0808b8a8      0x1d0 ../data/Sprites/SpongeBob//libSpongeBob_Sprs.a(idlebounceheadstart0001_RL.o)
                0x0808b8a8                idlebounceheadstart0001_Char_RL
 .rodata        0x0808ba78      0x1ac ../data/Sprites/SpongeBob//libSpongeBob_Sprs.a(idlebounceheadstart0003_RL.o)
                0x0808ba78                idlebounceheadstart0003_Char_RL
 .rodata        0x0808bc24      0x18c ../data/Sprites/SpongeBob//libSpongeBob_Sprs.a(idlebounceheadstart0005_RL.o)
                0x0808bc24                idlebounceheadstart0005_Char_RL
 .rodata        0x0808bdb0      0x170 ../data/Sprites/SpongeBob//libSpongeBob_Sprs.a(idlebounceheadstart0007_RL.o)
                0x0808bdb0                idlebounceheadstart0007_Char_RL
 .rodata        0x0808bf20      0x1b4 ../data/Sprites/SpongeBob//libSpongeBob_Sprs.a(idlebreathe0000_RL.o)
                0x0808bf20                idlebreathe0000_Char_RL
 .rodata        0x0808c0d4      0x1c8 ../data/Sprites/SpongeBob//libSpongeBob_Sprs.a(idlebreathe0001_RL.o)
                0x0808c0d4                idlebreathe0001_Char_RL
 .rodata        0x0808c29c      0x1cc ../data/Sprites/SpongeBob//libSpongeBob_Sprs.a(idlebreathe0002_RL.o)
                0x0808c29c                idlebreathe0002_Char_RL
 .rodata        0x0808c468      0x1bc ../data/Sprites/SpongeBob//libSpongeBob_Sprs.a(idlebreathe0003_RL.o)
                0x0808c468                idlebreathe0003_Char_RL
 .rodata        0x0808c624       0xf4 ../data/Sprites/SpongeBob//libSpongeBob_Sprs.a(idlefaces0001_RL.o)
                0x0808c624                idlefaces0001_Char_RL
 .rodata        0x0808c718       0xf8 ../data/Sprites/SpongeBob//libSpongeBob_Sprs.a(idlefaces0003_RL.o)
                0x0808c718                idlefaces0003_Char_RL
 .rodata        0x0808c810      0x1cc ../data/Sprites/SpongeBob//libSpongeBob_Sprs.a(idlefaces0005_RL.o)
                0x0808c810                idlefaces0005_Char_RL
 .rodata        0x0808c9dc      0x188 ../data/Sprites/SpongeBob//libSpongeBob_Sprs.a(idlefaces0007_RL.o)
                0x0808c9dc                idlefaces0007_Char_RL
 .rodata        0x0808cb64      0x140 ../data/Sprites/SpongeBob//libSpongeBob_Sprs.a(idlefacesend0001_RL.o)
                0x0808cb64                idlefacesend0001_Char_RL
 .rodata        0x0808cca4      0x18c ../data/Sprites/SpongeBob//libSpongeBob_Sprs.a(idlefacesend0003_RL.o)
                0x0808cca4                idlefacesend0003_Char_RL
 .rodata        0x0808ce30      0x1cc ../data/Sprites/SpongeBob//libSpongeBob_Sprs.a(idlefacesend0005_RL.o)
                0x0808ce30                idlefacesend0005_Char_RL
 .rodata        0x0808cffc      0x1b4 ../data/Sprites/SpongeBob//libSpongeBob_Sprs.a(idlefacesend0007_RL.o)
                0x0808cffc                idlefacesend0007_Char_RL
 .rodata        0x0808d1b0      0x1b4 ../data/Sprites/SpongeBob//libSpongeBob_Sprs.a(idlefacesstart0000_RL.o)
                0x0808d1b0                idlefacesstart0000_Char_RL
 .rodata        0x0808d364      0x1b4 ../data/Sprites/SpongeBob//libSpongeBob_Sprs.a(idlefacesstart0001_RL.o)
                0x0808d364                idlefacesstart0001_Char_RL
 .rodata        0x0808d518      0x16c ../data/Sprites/SpongeBob//libSpongeBob_Sprs.a(idlehoola0001_RL.o)
                0x0808d518                idlehoola0001_Char_RL
 .rodata        0x0808d684      0x160 ../data/Sprites/SpongeBob//libSpongeBob_Sprs.a(idlehoola0003_RL.o)
                0x0808d684                idlehoola0003_Char_RL
 .rodata        0x0808d7e4      0x164 ../data/Sprites/SpongeBob//libSpongeBob_Sprs.a(idlehoola0005_RL.o)
                0x0808d7e4                idlehoola0005_Char_RL
 .rodata        0x0808d948      0x160 ../data/Sprites/SpongeBob//libSpongeBob_Sprs.a(idlehoola0007_RL.o)
                0x0808d948                idlehoola0007_Char_RL
 .rodata        0x0808daa8      0x164 ../data/Sprites/SpongeBob//libSpongeBob_Sprs.a(idlehoola0009_RL.o)
                0x0808daa8                idlehoola0009_Char_RL
 .rodata        0x0808dc0c      0x170 ../data/Sprites/SpongeBob//libSpongeBob_Sprs.a(idlehoola0011_RL.o)
                0x0808dc0c                idlehoola0011_Char_RL
 .rodata        0x0808dd7c      0x17c ../data/Sprites/SpongeBob//libSpongeBob_Sprs.a(idlehoola0013_RL.o)
                0x0808dd7c                idlehoola0013_Char_RL
 .rodata        0x0808def8      0x170 ../data/Sprites/SpongeBob//libSpongeBob_Sprs.a(idlehoola0015_RL.o)
                0x0808def8                idlehoola0015_Char_RL
 .rodata        0x0808e068      0x1b4 ../data/Sprites/SpongeBob//libSpongeBob_Sprs.a(idlekarate0001_RL.o)
                0x0808e068                idlekarate0001_Char_RL
 .rodata        0x0808e21c      0x138 ../data/Sprites/SpongeBob//libSpongeBob_Sprs.a(idlekarate0003_RL.o)
                0x0808e21c                idlekarate0003_Char_RL
 .rodata        0x0808e354      0x138 ../data/Sprites/SpongeBob//libSpongeBob_Sprs.a(idlekarate0005_RL.o)
                0x0808e354                idlekarate0005_Char_RL
 .rodata        0x0808e48c      0x180 ../data/Sprites/SpongeBob//libSpongeBob_Sprs.a(idlekarate0007_RL.o)
                0x0808e48c                idlekarate0007_Char_RL
 .rodata        0x0808e60c      0x140 ../data/Sprites/SpongeBob//libSpongeBob_Sprs.a(idlekarate0009_RL.o)
                0x0808e60c                idlekarate0009_Char_RL
 .rodata        0x0808e74c      0x130 ../data/Sprites/SpongeBob//libSpongeBob_Sprs.a(idlekarate0011_RL.o)
                0x0808e74c                idlekarate0011_Char_RL
 .rodata        0x0808e87c      0x12c ../data/Sprites/SpongeBob//libSpongeBob_Sprs.a(idlekarate0013_RL.o)
                0x0808e87c                idlekarate0013_Char_RL
 .rodata        0x0808e9a8      0x1c8 ../data/Sprites/SpongeBob//libSpongeBob_Sprs.a(idlekarate0015_RL.o)
                0x0808e9a8                idlekarate0015_Char_RL
 .rodata        0x0808eb70      0x138 ../data/Sprites/SpongeBob//libSpongeBob_Sprs.a(idlesleep0001_RL.o)
                0x0808eb70                idlesleep0001_Char_RL
 .rodata        0x0808eca8      0x12c ../data/Sprites/SpongeBob//libSpongeBob_Sprs.a(idlesleep0003_RL.o)
                0x0808eca8                idlesleep0003_Char_RL
 .rodata        0x0808edd4      0x134 ../data/Sprites/SpongeBob//libSpongeBob_Sprs.a(idlesleep0005_RL.o)
                0x0808edd4                idlesleep0005_Char_RL
 .rodata        0x0808ef08      0x150 ../data/Sprites/SpongeBob//libSpongeBob_Sprs.a(idlesleep0007_RL.o)
                0x0808ef08                idlesleep0007_Char_RL
 .rodata        0x0808f058      0x1ac ../data/Sprites/SpongeBob//libSpongeBob_Sprs.a(idlesleepend0001_RL.o)
                0x0808f058                idlesleepend0001_Char_RL
 .rodata        0x0808f204      0x190 ../data/Sprites/SpongeBob//libSpongeBob_Sprs.a(idlesleepend0003_RL.o)
                0x0808f204                idlesleepend0003_Char_RL
 .rodata        0x0808f394      0x1e8 ../data/Sprites/SpongeBob//libSpongeBob_Sprs.a(idlesleepstart0001_RL.o)
                0x0808f394                idlesleepstart0001_Char_RL
 .rodata        0x0808f57c      0x148 ../data/Sprites/SpongeBob//libSpongeBob_Sprs.a(idlesleepstart0003_RL.o)
                0x0808f57c                idlesleepstart0003_Char_RL
 .rodata        0x0808f6c4      0x1d0 ../data/Sprites/SpongeBob//libSpongeBob_Sprs.a(idlesplitpants0001_RL.o)
                0x0808f6c4                idlesplitpants0001_Char_RL
 .rodata        0x0808f894      0x144 ../data/Sprites/SpongeBob//libSpongeBob_Sprs.a(idlesplitpants0003_RL.o)
                0x0808f894                idlesplitpants0003_Char_RL
 .rodata        0x0808f9d8       0xd0 ../data/Sprites/SpongeBob//libSpongeBob_Sprs.a(idlesplitpants0005_RL.o)
                0x0808f9d8                idlesplitpants0005_Char_RL
 .rodata        0x0808faa8       0xc0 ../data/Sprites/SpongeBob//libSpongeBob_Sprs.a(idlesplitpants0007_RL.o)
                0x0808faa8                idlesplitpants0007_Char_RL
 .rodata        0x0808fb68       0xc0 ../data/Sprites/SpongeBob//libSpongeBob_Sprs.a(idlesplitpants0009_RL.o)
                0x0808fb68                idlesplitpants0009_Char_RL
 .rodata        0x0808fc28      0x1e4 ../data/Sprites/SpongeBob//libSpongeBob_Sprs.a(idlesplitpants0011_RL.o)
                0x0808fc28                idlesplitpants0011_Char_RL
 .rodata        0x0808fe0c      0x158 ../data/Sprites/SpongeBob//libSpongeBob_Sprs.a(idlesplitpants0013_RL.o)
                0x0808fe0c                idlesplitpants0013_Char_RL
 .rodata        0x0808ff64      0x184 ../data/Sprites/SpongeBob//libSpongeBob_Sprs.a(idlesplitpants0015_RL.o)
                0x0808ff64                idlesplitpants0015_Char_RL
 .rodata        0x080900e8      0x180 ../data/Sprites/SpongeBob//libSpongeBob_Sprs.a(idlesplitpants0017_RL.o)
                0x080900e8                idlesplitpants0017_Char_RL
 .rodata        0x08090268      0x184 ../data/Sprites/SpongeBob//libSpongeBob_Sprs.a(idlesplitpants0019_RL.o)
                0x08090268                idlesplitpants0019_Char_RL
 .rodata        0x080903ec      0x184 ../data/Sprites/SpongeBob//libSpongeBob_Sprs.a(idlesplitpants0021_RL.o)
                0x080903ec                idlesplitpants0021_Char_RL
 .rodata        0x08090570      0x180 ../data/Sprites/SpongeBob//libSpongeBob_Sprs.a(idlesplitpants0023_RL.o)
                0x08090570                idlesplitpants0023_Char_RL
 .rodata        0x080906f0      0x1b8 ../data/Sprites/SpongeBob//libSpongeBob_Sprs.a(idleweapon0001_RL.o)
                0x080906f0                idleweapon0001_Char_RL
 .rodata        0x080908a8      0x1a0 ../data/Sprites/SpongeBob//libSpongeBob_Sprs.a(idleweapon0003_RL.o)
                0x080908a8                idleweapon0003_Char_RL
 .rodata        0x08090a48      0x1ac ../data/Sprites/SpongeBob//libSpongeBob_Sprs.a(idleweapon0005_RL.o)
                0x08090a48                idleweapon0005_Char_RL
 .rodata        0x08090bf4      0x1b0 ../data/Sprites/SpongeBob//libSpongeBob_Sprs.a(idleweapon0007_RL.o)
                0x08090bf4                idleweapon0007_Char_RL
 .rodata        0x08090da4      0x1a8 ../data/Sprites/SpongeBob//libSpongeBob_Sprs.a(idleweapon0009_RL.o)
                0x08090da4                idleweapon0009_Char_RL
 .rodata        0x08090f4c      0x1b0 ../data/Sprites/SpongeBob//libSpongeBob_Sprs.a(idleweapon0011_RL.o)
                0x08090f4c                idleweapon0011_Char_RL
 .rodata        0x080910fc      0x1b8 ../data/Sprites/SpongeBob//libSpongeBob_Sprs.a(idleweapon0013_RL.o)
                0x080910fc                idleweapon0013_Char_RL
 .rodata        0x080912b4      0x1ac ../data/Sprites/SpongeBob//libSpongeBob_Sprs.a(idleweapon0015_RL.o)
                0x080912b4                idleweapon0015_Char_RL
 .rodata        0x08091460      0x178 ../data/Sprites/SpongeBob//libSpongeBob_Sprs.a(idlewigglearms0001_RL.o)
                0x08091460                idlewigglearms0001_Char_RL
 .rodata        0x080915d8      0x17c ../data/Sprites/SpongeBob//libSpongeBob_Sprs.a(idlewigglearms0003_RL.o)
                0x080915d8                idlewigglearms0003_Char_RL
 .rodata        0x08091754      0x178 ../data/Sprites/SpongeBob//libSpongeBob_Sprs.a(idlewigglearms0005_RL.o)
                0x08091754                idlewigglearms0005_Char_RL
 .rodata        0x080918cc      0x178 ../data/Sprites/SpongeBob//libSpongeBob_Sprs.a(idlewigglearms0007_RL.o)
                0x080918cc                idlewigglearms0007_Char_RL
 .rodata        0x08091a44      0x17c ../data/Sprites/SpongeBob//libSpongeBob_Sprs.a(idlewigglearms0009_RL.o)
                0x08091a44                idlewigglearms0009_Char_RL
 .rodata        0x08091bc0      0x17c ../data/Sprites/SpongeBob//libSpongeBob_Sprs.a(idlewigglearms0011_RL.o)
                0x08091bc0                idlewigglearms0011_Char_RL
 .rodata        0x08091d3c      0x180 ../data/Sprites/SpongeBob//libSpongeBob_Sprs.a(idlewigglearms0013_RL.o)
                0x08091d3c                idlewigglearms0013_Char_RL
 .rodata        0x08091ebc      0x178 ../data/Sprites/SpongeBob//libSpongeBob_Sprs.a(idlewigglearms0015_RL.o)
                0x08091ebc                idlewigglearms0015_Char_RL
 .rodata        0x08092034      0x1e8 ../data/Sprites/SpongeBob//libSpongeBob_Sprs.a(idlewind0001_RL.o)
                0x08092034                idlewind0001_Char_RL
 .rodata        0x0809221c      0x1e8 ../data/Sprites/SpongeBob//libSpongeBob_Sprs.a(idlewind0003_RL.o)
                0x0809221c                idlewind0003_Char_RL
 .rodata        0x08092404      0x18c ../data/Sprites/SpongeBob//libSpongeBob_Sprs.a(idlewind0005_RL.o)
                0x08092404                idlewind0005_Char_RL
 .rodata        0x08092590      0x180 ../data/Sprites/SpongeBob//libSpongeBob_Sprs.a(idlewind0007_RL.o)
                0x08092590                idlewind0007_Char_RL
 .rodata        0x08092710      0x188 ../data/Sprites/SpongeBob//libSpongeBob_Sprs.a(idlewind0009_RL.o)
                0x08092710                idlewind0009_Char_RL
 .rodata        0x08092898      0x178 ../data/Sprites/SpongeBob//libSpongeBob_Sprs.a(idlewind0011_RL.o)
                0x08092898                idlewind0011_Char_RL
 .rodata        0x08092a10      0x1a4 ../data/Sprites/SpongeBob//libSpongeBob_Sprs.a(idlewind0013_RL.o)
                0x08092a10                idlewind0013_Char_RL
 .rodata        0x08092bb4      0x19c ../data/Sprites/SpongeBob//libSpongeBob_Sprs.a(idlewind0015_RL.o)
                0x08092bb4                idlewind0015_Char_RL
 .rodata        0x08092d50      0x1ac ../data/Sprites/SpongeBob//libSpongeBob_Sprs.a(jumpend0001_RL.o)
                0x08092d50                jumpend0001_Char_RL
 .rodata        0x08092efc      0x1b4 ../data/Sprites/SpongeBob//libSpongeBob_Sprs.a(jumpend0003_RL.o)
                0x08092efc                jumpend0003_Char_RL
 .rodata        0x080930b0      0x1bc ../data/Sprites/SpongeBob//libSpongeBob_Sprs.a(karate0001_RL.o)
                0x080930b0                karate0001_Char_RL
 .rodata        0x0809326c      0x18c ../data/Sprites/SpongeBob//libSpongeBob_Sprs.a(karate0003_RL.o)
                0x0809326c                karate0003_Char_RL
 .rodata        0x080933f8      0x16c ../data/Sprites/SpongeBob//libSpongeBob_Sprs.a(karate0005_RL.o)
                0x080933f8                karate0005_Char_RL
 .rodata        0x08093564      0x19c ../data/Sprites/SpongeBob//libSpongeBob_Sprs.a(karate0007_RL.o)
                0x08093564                karate0007_Char_RL
 .rodata        0x08093700      0x1ac ../data/Sprites/SpongeBob//libSpongeBob_Sprs.a(karate0009_RL.o)
                0x08093700                karate0009_Char_RL
 .rodata        0x080938ac      0x178 ../data/Sprites/SpongeBob//libSpongeBob_Sprs.a(karate0011_RL.o)
                0x080938ac                karate0011_Char_RL
 .rodata        0x08093a24      0x1b4 ../data/Sprites/SpongeBob//libSpongeBob_Sprs.a(karate0013_RL.o)
                0x08093a24                karate0013_Char_RL
 .rodata        0x08093bd8      0x1b4 ../data/Sprites/SpongeBob//libSpongeBob_Sprs.a(karate0015_RL.o)
                0x08093bd8                karate0015_Char_RL
 .rodata        0x08093d8c      0x1b8 ../data/Sprites/SpongeBob//libSpongeBob_Sprs.a(netfirelob0001_RL.o)
                0x08093d8c                netfirelob0001_Char_RL
 .rodata        0x08093f44      0x1bc ../data/Sprites/SpongeBob//libSpongeBob_Sprs.a(netfirelob0003_RL.o)
                0x08093f44                netfirelob0003_Char_RL
 .rodata        0x08094100      0x1a0 ../data/Sprites/SpongeBob//libSpongeBob_Sprs.a(netfirelob0005_RL.o)
                0x08094100                netfirelob0005_Char_RL
 .rodata        0x080942a0      0x160 ../data/Sprites/SpongeBob//libSpongeBob_Sprs.a(netfirelob0007_RL.o)
                0x080942a0                netfirelob0007_Char_RL
 .rodata        0x08094400      0x158 ../data/Sprites/SpongeBob//libSpongeBob_Sprs.a(netfirelob0009_RL.o)
                0x08094400                netfirelob0009_Char_RL
 .rodata        0x08094558      0x108 ../data/Sprites/SpongeBob//libSpongeBob_Sprs.a(netfirelob0011_RL.o)
                0x08094558                netfirelob0011_Char_RL
 .rodata        0x08094660       0xf8 ../data/Sprites/SpongeBob//libSpongeBob_Sprs.a(netfirelob0013_RL.o)
                0x08094660                netfirelob0013_Char_RL
 .rodata        0x08094758      0x10c ../data/Sprites/SpongeBob//libSpongeBob_Sprs.a(netfirelob0015_RL.o)
                0x08094758                netfirelob0015_Char_RL
 .rodata        0x08094864      0x1a8 ../data/Sprites/SpongeBob//libSpongeBob_Sprs.a(netswipe0001_RL.o)
                0x08094864                netswipe0001_Char_RL
 .rodata        0x08094a0c      0x1b0 ../data/Sprites/SpongeBob//libSpongeBob_Sprs.a(netswipe0003_RL.o)
                0x08094a0c                netswipe0003_Char_RL
 .rodata        0x08094bbc      0x1e4 ../data/Sprites/SpongeBob//libSpongeBob_Sprs.a(netswipe0005_RL.o)
                0x08094bbc                netswipe0005_Char_RL
 .rodata        0x08094da0      0x1e4 ../data/Sprites/SpongeBob//libSpongeBob_Sprs.a(netswipe0007_RL.o)
                0x08094da0                netswipe0007_Char_RL
 .rodata        0x08094f84      0x1e8 ../data/Sprites/SpongeBob//libSpongeBob_Sprs.a(netswipe0009_RL.o)
                0x08094f84                netswipe0009_Char_RL
 .rodata        0x0809516c      0x1e4 ../data/Sprites/SpongeBob//libSpongeBob_Sprs.a(netswipe0011_RL.o)
                0x0809516c                netswipe0011_Char_RL
 .rodata        0x08095350      0x1ec ../data/Sprites/SpongeBob//libSpongeBob_Sprs.a(netswipe0013_RL.o)
                0x08095350                netswipe0013_Char_RL
 .rodata        0x0809553c      0x1a8 ../data/Sprites/SpongeBob//libSpongeBob_Sprs.a(netswipe0015_RL.o)
                0x0809553c                netswipe0015_Char_RL
 .rodata        0x080956e4      0x188 ../data/Sprites/SpongeBob//libSpongeBob_Sprs.a(run0000_RL.o)
                0x080956e4                run0000_Char_RL
 .rodata        0x0809586c      0x19c ../data/Sprites/SpongeBob//libSpongeBob_Sprs.a(run0001_RL.o)
                0x0809586c                run0001_Char_RL
 .rodata        0x08095a08      0x1a4 ../data/Sprites/SpongeBob//libSpongeBob_Sprs.a(run0002_RL.o)
                0x08095a08                run0002_Char_RL
 .rodata        0x08095bac      0x1a4 ../data/Sprites/SpongeBob//libSpongeBob_Sprs.a(run0003_RL.o)
                0x08095bac                run0003_Char_RL
 .rodata        0x08095d50      0x194 ../data/Sprites/SpongeBob//libSpongeBob_Sprs.a(run0004_RL.o)
                0x08095d50                run0004_Char_RL
 .rodata        0x08095ee4      0x1c0 ../data/Sprites/SpongeBob//libSpongeBob_Sprs.a(run0005_RL.o)
                0x08095ee4                run0005_Char_RL
 .rodata        0x080960a4      0x1d0 ../data/Sprites/SpongeBob//libSpongeBob_Sprs.a(run0006_RL.o)
                0x080960a4                run0006_Char_RL
 .rodata        0x08096274      0x1d4 ../data/Sprites/SpongeBob//libSpongeBob_Sprs.a(run0007_RL.o)
                0x08096274                run0007_Char_RL
 .rodata        0x08096448      0x1c4 ../data/Sprites/SpongeBob//libSpongeBob_Sprs.a(run0008_RL.o)
                0x08096448                run0008_Char_RL
 .rodata        0x0809660c      0x1c8 ../data/Sprites/SpongeBob//libSpongeBob_Sprs.a(run0009_RL.o)
                0x0809660c                run0009_Char_RL
 .rodata        0x080967d4      0x1c4 ../data/Sprites/SpongeBob//libSpongeBob_Sprs.a(run0010_RL.o)
                0x080967d4                run0010_Char_RL
 .rodata        0x08096998      0x1a4 ../data/Sprites/SpongeBob//libSpongeBob_Sprs.a(run0011_RL.o)
                0x08096998                run0011_Char_RL
 .rodata        0x08096b3c      0x190 ../data/Sprites/SpongeBob//libSpongeBob_Sprs.a(run0012_RL.o)
                0x08096b3c                run0012_Char_RL
 .rodata        0x08096ccc      0x190 ../data/Sprites/SpongeBob//libSpongeBob_Sprs.a(run0013_RL.o)
                0x08096ccc                run0013_Char_RL
 .rodata        0x08096e5c      0x198 ../data/Sprites/SpongeBob//libSpongeBob_Sprs.a(run0014_RL.o)
                0x08096e5c                run0014_Char_RL
 .rodata        0x08096ff4      0x188 ../data/Sprites/SpongeBob//libSpongeBob_Sprs.a(run0015_RL.o)
                0x08096ff4                run0015_Char_RL
 .rodata        0x0809717c      0x1ac ../data/Sprites/SpongeBob//libSpongeBob_Sprs.a(soakup0001_RL.o)
                0x0809717c                soakup0001_Char_RL
 .rodata        0x08097328      0x1a4 ../data/Sprites/SpongeBob//libSpongeBob_Sprs.a(soakup0003_RL.o)
                0x08097328                soakup0003_Char_RL
 .rodata        0x080974cc      0x148 ../data/Sprites/SpongeBob//libSpongeBob_Sprs.a(soakup0005_RL.o)
                0x080974cc                soakup0005_Char_RL
 .rodata        0x08097614       0xd4 ../data/Sprites/SpongeBob//libSpongeBob_Sprs.a(soakup0007_RL.o)
                0x08097614                soakup0007_Char_RL
 .rodata        0x080976e8      0x1c4 ../data/Sprites/SpongeBob//libSpongeBob_Sprs.a(teeterfront0001_RL.o)
                0x080976e8                teeterfront0001_Char_RL
 .rodata        0x080978ac      0x1a0 ../data/Sprites/SpongeBob//libSpongeBob_Sprs.a(teeterfront0003_RL.o)
                0x080978ac                teeterfront0003_Char_RL
 .rodata        0x08097a4c      0x19c ../data/Sprites/SpongeBob//libSpongeBob_Sprs.a(teeterfront0005_RL.o)
                0x08097a4c                teeterfront0005_Char_RL
 .rodata        0x08097be8      0x1a0 ../data/Sprites/SpongeBob//libSpongeBob_Sprs.a(teeterfront0007_RL.o)
                0x08097be8                teeterfront0007_Char_RL
 .rodata        0x08097d88      0x1a4 ../data/Sprites/SpongeBob//libSpongeBob_Sprs.a(teeterfront0009_RL.o)
                0x08097d88                teeterfront0009_Char_RL
 .rodata        0x08097f2c      0x19c ../data/Sprites/SpongeBob//libSpongeBob_Sprs.a(teeterfront0011_RL.o)
                0x08097f2c                teeterfront0011_Char_RL
 .rodata        0x080980c8      0x1c0 ../data/Sprites/SpongeBob//libSpongeBob_Sprs.a(teeterfront0013_RL.o)
                0x080980c8                teeterfront0013_Char_RL
 .rodata        0x08098288      0x1ac ../data/Sprites/SpongeBob//libSpongeBob_Sprs.a(teeterfront0015_RL.o)
                0x08098288                teeterfront0015_Char_RL
 .rodata        0x08098434      0x190 ../data/Sprites/SpongeBob//libSpongeBob_Sprs.a(walkforward0001_RL.o)
                0x08098434                walkforward0001_Char_RL
 .rodata        0x080985c4      0x18c ../data/Sprites/SpongeBob//libSpongeBob_Sprs.a(walkforward0003_RL.o)
                0x080985c4                walkforward0003_Char_RL
 .rodata        0x08098750      0x194 ../data/Sprites/SpongeBob//libSpongeBob_Sprs.a(walkforward0005_RL.o)
                0x08098750                walkforward0005_Char_RL
 .rodata        0x080988e4      0x19c ../data/Sprites/SpongeBob//libSpongeBob_Sprs.a(walkforward0007_RL.o)
                0x080988e4                walkforward0007_Char_RL
 .rodata        0x08098a80      0x18c ../data/Sprites/SpongeBob//libSpongeBob_Sprs.a(walkforward0009_RL.o)
                0x08098a80                walkforward0009_Char_RL
 .rodata        0x08098c0c      0x190 ../data/Sprites/SpongeBob//libSpongeBob_Sprs.a(walkforward0011_RL.o)
                0x08098c0c                walkforward0011_Char_RL
 .rodata        0x08098d9c      0x198 ../data/Sprites/SpongeBob//libSpongeBob_Sprs.a(walkforward0013_RL.o)
                0x08098d9c                walkforward0013_Char_RL
 .rodata        0x08098f34      0x190 ../data/Sprites/SpongeBob//libSpongeBob_Sprs.a(walkforward0015_RL.o)
                0x08098f34                walkforward0015_Char_RL
 .rodata        0x080990c4      0x400 ../data/Sprites/NPC//libNPC_Sprs.a(patrick0001.o)
                0x080990c4                patrick0001_Char
 .rodata        0x080994c4      0x200 ../data/Sprites/Platforms//libPlatforms_Sprs.a(platform0001.o)
                0x080994c4                platform0001_Char