Archive member included       because of file (symbol)

../../../lib/libagbsyscall.a(AgbSyscall.o)
                              main.o (RegisterRamReset)
C:\PROGRA~1\CYGNUS\THUMBELF-000512\H-I686-CYGWIN32\BIN/../lib/gcc-lib/thumb-elf/2.9-arm-000512/libgcc.a(_call_via_rX.o)
                              MultiSio.o (_call_via_r0)

Allocating common symbols
Common symbol       size              file

UsrSendBuf          0x20              main.o
IntrTableBuf        0x38              main.o
Cont                0x4               main.o
IntrFuncBuf         0x140             MultiSio.o
Trg                 0x4               main.o
SioFlags            0x4               main.o
IntrMainBuf         0x400             main.o
UsrRecvBuf          0x80              main.o
Ms                  0x290             MultiSio.o
OamBak              0x400             main.o
RecvFuncBuf         0x50              MultiSio.o
BgBak               0x800             main.o

Memory Configuration

Name             Origin             Length             Attributes
*default*        0x00000000         0xffffffff

Linker script and memory map

LOAD crt0.o
LOAD MultiSioAsm.o
LOAD main.o
LOAD data.o
LOAD MultiSio.o
LOAD ../../../lib/libagbsyscall.a
LOAD ../../../lib/libisagbprn.a
LOAD C:\PROGRA~1\CYGNUS\THUMBELF-000512\H-I686-CYGWIN32\BIN/../lib/gcc-lib/thumb-elf/2.9-arm-000512/libgcc.a
LOAD C:\PROGRA~1\CYGNUS\THUMBELF-000512\H-I686-CYGWIN32\BIN/../lib/gcc-lib/thumb-elf/2.9-arm-000512/../../../../thumb-elf/lib/libg.a
LOAD C:\PROGRA~1\CYGNUS\THUMBELF-000512\H-I686-CYGWIN32\BIN/../lib/gcc-lib/thumb-elf/2.9-arm-000512/../../../../thumb-elf/lib/libc.a
LOAD C:\PROGRA~1\CYGNUS\THUMBELF-000512\H-I686-CYGWIN32\BIN/../lib/gcc-lib/thumb-elf/2.9-arm-000512/libgcc.a
Address of section .text set to 0x8000000
Address of section .bss set to 0x3000000
                0x00008000                .=0x8000

.interp
 *(.interp)

.hash
 *(.hash)

.dynsym
 *(.dynsym)

.dynstr
 *(.dynstr)

.gnu.version
 *(.gnu.version)

.gnu.version_d
 *(.gnu.version_d)

.gnu.version_r
 *(.gnu.version_r)

.rel.text
 *(.rel.text)
 *(.rel.text.*)
 *(.rel.gnu.linkonce.t*)

.rela.text
 *(.rela.text)
 *(.rela.text.*)
 *(.rela.gnu.linkonce.t*)

.rel.data
 *(.rel.data)
 *(.rel.data.*)
 *(.rel.gnu.linkonce.d*)

.rela.data
 *(.rela.data)
 *(.rela.data.*)
 *(.rela.gnu.linkonce.d*)

.rel.rodata
 *(.rel.rodata)
 *(.rel.rodata.*)
 *(.rel.gnu.linkonce.r*)

.rela.rodata
 *(.rela.rodata)
 *(.rela.rodata.*)
 *(.rela.gnu.linkonce.r*)

.rel.got
 *(.rel.got)

.rela.got
 *(.rela.got)

.rel.ctors
 *(.rel.ctors)

.rela.ctors
 *(.rela.ctors)

.rel.dtors
 *(.rel.dtors)

.rela.dtors
 *(.rela.dtors)

.rel.init
 *(.rel.init)

.rela.init
 *(.rela.init)

.rel.fini
 *(.rel.fini)

.rela.fini
 *(.rela.fini)

.rel.bss
 *(.rel.bss)

.rela.bss
 *(.rela.bss)

.rel.plt
 *(.rel.plt)

.rela.plt
 *(.rela.plt)

.init
 *(.init)

.plt
 *(.plt)

.text           0x08000000      0x964
 *(.text)
 .text          0x08000000      0x1d4 crt0.o
                0x08000000                _start
                0x080000c0                start_vector
                0x080000fc                intr_main
 .text          0x080001d4      0x174 MultiSioAsm.o
                0x08000218                MultiSioIntr
                0x080001d4                MultiSioRecvBufChange
 .text          0x08000348      0x23c main.o
                0x08000554                IntrDummy
                0x08000550                VBlankIntr
                0x08000558                KeyRead
                0x08000348                AgbMain
 .text          0x08000584      0x2cc MultiSio.o
                0x08000584                MultiSioInit
                0x08000688                MultiSioMain
                0x0800077c                MultiSioRecvDataCheck
                0x08000730                MultiSioSendDataSet
 .text          0x08000850       0xd8 ../../../lib/libagbsyscall.a(AgbSyscall.o)
                0x080008a0                BitUnPack
                0x080008d4                SoundBiasChange
                0x0800088c                ArcTan2
                0x080008c8                Diff8bitUnFilterWram
                0x08000904                MusicPlayerOpen
                0x080008d0                Diff16bitUnFilter
                0x080008f8                SoundDriverVSyncOff
                0x080008e8                SoundDriverMode
                0x0800090c                MusicPlayerStop
                0x08000850                SoftReset
                0x080008cc                Diff8bitUnFilterVram
                0x080008e4                SoundDriverInit
                0x0800086a                VBlankIntrWait
                0x080008c4                RLUnCompVram
                0x080008de                SoundBiasReset
                0x0800089c                ObjAffineSet
                0x08000894                CpuFastSet
                0x08000900                MidiKey2Freq
                0x08000908                MusicPlayerStart
                0x08000864                IntrWait
                0x0800087e                DivRemArm
                0x080008c0                RLUnCompWram
                0x08000878                DivRem
                0x08000888                ArcTan
                0x08000860                RegisterRamReset
                0x08000910                MusicPlayerContinue
                0x08000898                BgAffineSet
                0x080008f4                SoundChannelClear
                0x080008d8                SoundBiasSet
                0x080008fc                SoundDriverVSyncOn
                0x08000870                Div
                0x080008f0                SoundDriverVSync
                0x08000914                MusicPlayerFadeOut
                0x080008a4                LZ77UnCompWram
                0x080008ec                SoundDriverMain
                0x08000918                MultiBoot
                0x08000890                CpuSet
                0x08000874                DivArm
                0x080008bc                HuffUnComp
                0x08000884                Sqrt
                0x080008a8                LZ77UnCompVram
 .text          0x08000928       0x3c C:\PROGRA~1\CYGNUS\THUMBELF-000512\H-I686-CYGWIN32\BIN/../lib/gcc-lib/thumb-elf/2.9-arm-000512/libgcc.a(_call_via_rX.o)
                0x08000930                _call_via_r2
                0x08000940                _call_via_r6
                0x0800093c                _call_via_r5
                0x08000934                _call_via_r3
                0x08000954                _call_via_fp
                0x08000948                _call_via_r8
                0x08000944                _call_via_r7
                0x08000928                _call_via_r0
                0x08000950                _call_via_sl
                0x0800095c                _call_via_sp
                0x0800094c                _call_via_r9
                0x08000938                _call_via_r4
                0x0800092c                _call_via_r1
                0x08000958                _call_via_ip
                0x08000960                _call_via_lr
 *(.text.*)
 *(.stub)
 *(.gnu.warning)
 *(.gnu.linkonce.t*)
 *(.glue_7t)
 *(.glue_7)
                0x08000964                _etext=.
                0x08000964                PROVIDE (etext, .)

.fini
 *(.fini)

.rodata         0x08000964     0x2358
 *(.rodata)
 .rodata        0x08000964       0x38 main.o
                0x08000964                IntrTable
 .rodata        0x0800099c     0x2320 data.o
                0x08000e9c                OamData_Sample
                0x08000ebc                PlttData_Sample
                0x080010bc                CharData_Sample
                0x0800099c                BgScData_Sample
 *(.rodata.*)
 *(.gnu.linkonce.r*)

.rodata1
 *(.rodata1)
                0x08002dbc                .=(ALIGN(0x100)+(.&0xff))

.data           0x08002dbc        0x0
 *(.data)
 *(.data.*)
 *(.gnu.linkonce.d*)

.data1
 *(.data1)

.ctors
 EXCLUDE_FILE ( *crtend.o )*(.ctors)
 *(SORT(.ctors.*))
 *crtend(.ctors)

.dtors
 EXCLUDE_FILE ( *crtend.o )*(.dtors)
 *(SORT(.dtors.*))
 *crtend.o(.dtors)

.got
 *(.got.plt)
 *(.got)

.dynamic
 *(.dynamic)

.sdata
 *(.sdata)
 *(.sdata.*)
                0x08002dbc                _edata=.
                0x08002dbc                PROVIDE (edata, .)
                0x08002dbc                __bss_start=.
                0x08002dbc                __bss_start__=.

.sbss
 *(.sbss)
 *(.scommon)

.bss            0x03000000     0x1510
 *(.dynbss)
 *(.bss)
 *(.bss.*)
 *(COMMON)
 COMMON         0x03000000     0x10f0 main.o
                                  0x0 (size before relaxing)
                0x03000000                UsrSendBuf
                0x03000020                IntrTableBuf
                0x03000058                Cont
                0x0300005c                Trg
                0x03000060                SioFlags
                0x03000070                IntrMainBuf
                0x03000470                UsrRecvBuf
                0x030004f0                OamBak
                0x030008f0                BgBak
 COMMON         0x030010f0      0x420 MultiSio.o
                                  0x0 (size before relaxing)
                0x030010f0                IntrFuncBuf
                0x03001230                Ms
                0x030014c0                RecvFuncBuf
                0x03001510                .=ALIGN(0x4)
                0x03001510                .=ALIGN(0x4)
                0x03001510                _end=.
                0x03001510                _bss_end__=.
                0x03001510                __bss_end__=.
                0x03001510                PROVIDE (end, .)

.stab
 *(.stab)

.stabstr
 *(.stabstr)

.stab.excl
 *(.stab.excl)

.stab.exclstr
 *(.stab.exclstr)

.stab.index
 *(.stab.index)

.stab.indexstr
 *(.stab.indexstr)

.comment
 *(.comment)

.debug
 *(.debug)

.line
 *(.line)

.debug_srcinfo
 *(.debug_srcinfo)

.debug_sfnames
 *(.debug_sfnames)

.debug_aranges  0x00000000       0x40
 *(.debug_aranges)
 .debug_aranges
                0x00000000       0x20 main.o
 .debug_aranges
                0x00000020       0x20 MultiSio.o

.debug_pubnames
                0x00000000      0x1b5
 *(.debug_pubnames)
 .debug_pubnames
                0x00000000       0xc7 main.o
 .debug_pubnames
                0x000000c7       0x61 data.o
 .debug_pubnames
                0x00000128       0x8d MultiSio.o

.debug_info     0x00000000     0x948f
 *(.debug_info)
 .debug_info    0x00000000     0x3418 main.o
 .debug_info    0x00003418     0x2e1c data.o
 .debug_info    0x00006234     0x325b MultiSio.o

.debug_abbrev   0x00000000      0x3e2
 *(.debug_abbrev)
 .debug_abbrev  0x00000000      0x172 main.o
 .debug_abbrev  0x00000172      0x101 data.o
 .debug_abbrev  0x00000273      0x16f MultiSio.o

.debug_line     0x00000000      0x510
 *(.debug_line)
 .debug_line    0x00000000      0x226 main.o
 .debug_line    0x00000226      0x2ea MultiSio.o

.debug_frame
 *(.debug_frame)

.debug_str
 *(.debug_str)

.debug_loc
 *(.debug_loc)

.debug_macinfo
 *(.debug_macinfo)

.debug_weaknames
 *(.debug_weaknames)

.debug_funcnames
 *(.debug_funcnames)

.debug_typenames
 *(.debug_typenames)

.debug_varnames
 *(.debug_varnames)

.stack          0x00080000        0x0
                0x00080000                _stack=.
 *(.stack)
OUTPUT(multi_sio.elf elf32-littlearm)
