Archive member included       because of file (symbol)

C:/agb/lib/libagbsyscall.a(AgbSysDivRem.o)
                              main.o (DivRem)
C:/agb/lib/libagbsyscall.a(AgbSysVBlankIntrWait.o)
                              main.o (VBlankIntrWait)

Allocating common symbols
Common symbol       size              file

Cont                0x4               main.o
Trg                 0x4               main.o
IntrMainBuf         0x800             main.o
OamBak              0x400             main.o
BgBak               0x800             main.o

Memory Configuration

Name             Origin             Length             Attributes
*default*        0x00000000         0xffffffff

Linker script and memory map

LOAD crt0.o
LOAD main.o
LOAD data.o
LOAD C:/agb/lib/libagbsyscall.a
LOAD C:/agb/lib/libisagbprn.a
LOAD C:\PROGRA~1\CYGNUS\THUMBELF-000512\H-I686-CYGWIN32\BIN/../lib/gcc-lib/thumb-elf/2.9-arm-000512/libgcc.a
LOAD C:\PROGRA~1\CYGNUS\THUMBELF-000512\H-I686-CYGWIN32\BIN/../lib/gcc-lib/thumb-elf/2.9-arm-000512/../../../../thumb-elf/lib/libg.a
LOAD C:\PROGRA~1\CYGNUS\THUMBELF-000512\H-I686-CYGWIN32\BIN/../lib/gcc-lib/thumb-elf/2.9-arm-000512/../../../../thumb-elf/lib/libc.a
LOAD C:\PROGRA~1\CYGNUS\THUMBELF-000512\H-I686-CYGWIN32\BIN/../lib/gcc-lib/thumb-elf/2.9-arm-000512/libgcc.a
Address of section .text set to 0x8000000
Address of section .bss set to 0x3000000
                0x00008000                .=0x8000

.interp
 *(.interp)

.hash
 *(.hash)

.dynsym
 *(.dynsym)

.dynstr
 *(.dynstr)

.gnu.version
 *(.gnu.version)

.gnu.version_d
 *(.gnu.version_d)

.gnu.version_r
 *(.gnu.version_r)

.rel.text
 *(.rel.text)
 *(.rel.text.*)
 *(.rel.gnu.linkonce.t*)

.rela.text
 *(.rela.text)
 *(.rela.text.*)
 *(.rela.gnu.linkonce.t*)

.rel.data
 *(.rel.data)
 *(.rel.data.*)
 *(.rel.gnu.linkonce.d*)

.rela.data
 *(.rela.data)
 *(.rela.data.*)
 *(.rela.gnu.linkonce.d*)

.rel.rodata
 *(.rel.rodata)
 *(.rel.rodata.*)
 *(.rel.gnu.linkonce.r*)

.rela.rodata
 *(.rela.rodata)
 *(.rela.rodata.*)
 *(.rela.gnu.linkonce.r*)

.rel.got
 *(.rel.got)

.rela.got
 *(.rela.got)

.rel.ctors
 *(.rel.ctors)

.rela.ctors
 *(.rela.ctors)

.rel.dtors
 *(.rel.dtors)

.rela.dtors
 *(.rela.dtors)

.rel.init
 *(.rel.init)

.rela.init
 *(.rela.init)

.rel.fini
 *(.rel.fini)

.rela.fini
 *(.rela.fini)

.rel.bss
 *(.rel.bss)

.rela.bss
 *(.rela.bss)

.rel.plt
 *(.rel.plt)

.rela.plt
 *(.rela.plt)

.init
 *(.init)

.plt
 *(.plt)

.text           0x08000000      0x5cc
 *(.text)
 .text          0x08000000      0x22c crt0.o
                0x08000000                _start
                0x080000c0                start_vector
                0x080000fc                intr_main
 .text          0x0800022c      0x390 main.o
                0x080004fc                IntrDummy
                0x0800048c                VBlankIntr
                0x080004d0                KeyRead
                0x08000500                ObjSnakeMove
                0x0800022c                AgbMain
 .text          0x080005bc        0x8 C:/agb/lib/libagbsyscall.a(AgbSysDivRem.o)
                0x080005bc                DivRem
 .text          0x080005c4        0x8 C:/agb/lib/libagbsyscall.a(AgbSysVBlankIntrWait.o)
                0x080005c4                VBlankIntrWait
 *(.text.*)
 *(.stub)
 *(.gnu.warning)
 *(.gnu.linkonce.t*)
 *(.glue_7t)
 *(.glue_7)
                0x080005cc                _etext=.
                0x080005cc                PROVIDE (etext, .)

.fini
 *(.fini)

.rodata         0x080005cc     0x233c
 *(.rodata)
 .rodata        0x080005cc       0x34 main.o
                0x080005cc                IntrTable
 .rodata        0x08000600     0x2308 data.o
                0x08000b00                OamData_Sample
                0x08000b08                PlttData_Sample
                0x08000d08                CharData_Sample
                0x08000600                BgScData_Sample
 *(.rodata.*)
 *(.gnu.linkonce.r*)

.rodata1
 *(.rodata1)
                0x08002a08                .=(ALIGN(0x100)+(.&0xff))

.data           0x08002a08        0x0
 *(.data)
 *(.data.*)
 *(.gnu.linkonce.d*)

.data1
 *(.data1)

.ctors
 EXCLUDE_FILE ( *crtend.o )*(.ctors)
 *(SORT(.ctors.*))
 *crtend(.ctors)

.dtors
 EXCLUDE_FILE ( *crtend.o )*(.dtors)
 *(SORT(.dtors.*))
 *crtend.o(.dtors)

.got
 *(.got.plt)
 *(.got)

.dynamic
 *(.dynamic)

.sdata
 *(.sdata)
 *(.sdata.*)
                0x08002a08                _edata=.
                0x08002a08                PROVIDE (edata, .)
                0x08002a08                __bss_start=.
                0x08002a08                __bss_start__=.

.sbss
 *(.sbss)
 *(.scommon)

.bss            0x03000000     0x1410
 *(.dynbss)
 *(.bss)
 *(.bss.*)
 *(COMMON)
 COMMON         0x03000000     0x1410 main.o
                                  0x0 (size before relaxing)
                0x03000000                Cont
                0x03000004                Trg
                0x03000010                IntrMainBuf
                0x03000810                OamBak
                0x03000c10                BgBak
                0x03001410                .=ALIGN(0x4)
                0x03001410                .=ALIGN(0x4)
                0x03001410                _end=.
                0x03001410                _bss_end__=.
                0x03001410                __bss_end__=.
                0x03001410                PROVIDE (end, .)

.stab
 *(.stab)

.stabstr
 *(.stabstr)

.stab.excl
 *(.stab.excl)

.stab.exclstr
 *(.stab.exclstr)

.stab.index
 *(.stab.index)

.stab.indexstr
 *(.stab.indexstr)

.comment
 *(.comment)

.debug
 *(.debug)

.line
 *(.line)

.debug_srcinfo
 *(.debug_srcinfo)

.debug_sfnames
 *(.debug_sfnames)

.debug_aranges  0x00000000       0x20
 *(.debug_aranges)
 .debug_aranges
                0x00000000       0x20 main.o

.debug_pubnames
                0x00000000       0xfd
 *(.debug_pubnames)
 .debug_pubnames
                0x00000000       0x9c main.o
 .debug_pubnames
                0x0000009c       0x61 data.o

.debug_info     0x00000000     0x6034
 *(.debug_info)
 .debug_info    0x00000000     0x31d1 main.o
 .debug_info    0x000031d1     0x2e63 data.o

.debug_abbrev   0x00000000      0x273
 *(.debug_abbrev)
 .debug_abbrev  0x00000000      0x172 main.o
 .debug_abbrev  0x00000172      0x101 data.o

.debug_line     0x00000000      0x282
 *(.debug_line)
 .debug_line    0x00000000      0x282 main.o

.debug_frame
 *(.debug_frame)

.debug_str
 *(.debug_str)

.debug_loc
 *(.debug_loc)

.debug_macinfo
 *(.debug_macinfo)

.debug_weaknames
 *(.debug_weaknames)

.debug_funcnames
 *(.debug_funcnames)

.debug_typenames
 *(.debug_typenames)

.debug_varnames
 *(.debug_varnames)

.stack          0x00080000        0x0
                0x00080000                _stack=.
 *(.stack)
OUTPUT(reintr.elf elf32-littlearm)
