Archive member included       because of file (symbol)

C:/UTILS/GAMEBOYA/UTILS/AGB/lib//libagbsyscall.a(AgbSysCpuSet.o)
                              ../Sound/out/m4aLib.o (CpuSet)
C:/UTILS/GAMEBOYA/UTILS/AGB/lib//libagbsyscall.a(AgbSysRLUnCompVram.o)
                              SprEng_Animate.o (RLUnCompVram)
../data/Titles//libTitlesGFX.a(libFontGame.o)
                              Scroll_Engine.o (libFontGame_Char)
../data/Titles//libTitlesGFX.a(libFontMenu.o)
                              Titles.o (libFontMenu_Char)
../data/Titles//libTitlesGFX.a(Start_Copy.o)
                              StartUp.o (Start_Copy_Palette)
../data/Titles//libTitlesGFX.a(Start_THQ.o)
                              Fade.o (Start_THQ_Character)
../data/Titles//libTitlesGFX.a(Start_Nick.o)
                              Fade.o (Start_Nick_Character)
../data/Titles//libTitlesGFX.a(Start_Climax.o)
                              Fade.o (Start_Climax_Character)
../data/Titles//libTitlesGFX.a(menuback.o)
                              Fade.o (menuback_Character)
../data/Titles//libTitlesGFX.a(PasswordIcons.o)
                              Titles.o (PasswordIcons_Char)
../data/Titles//libTitlesGFX.a(HubMap.o)
                              Hub.o (HubMap_Palette)
../data/Titles//libTitlesGFX.a(menul2.o)
                              Titles.o (menul2_Palette)
../data/Titles//libTitlesGFX.a(menuback2.o)
                              Titles.o (menuback2_Character)
../data/Maps//libMaps.a(CHAPTER02_LEVEL0101.o)
                              Scroll_Engine.o (CHAPTER02_LEVEL0101_BACK)
../data/Maps//libMaps.a(CHAPTER02_LEVEL0102.o)
                              Scroll_Engine.o (CHAPTER02_LEVEL0102_BACK)
../data/Maps//libMaps.a(CHAPTER02_LEVEL0103.o)
                              Scroll_Engine.o (CHAPTER02_LEVEL0103_BACK)
../data/Maps//libMaps.a(CHAPTER02_LEVEL0104.o)
                              Scroll_Engine.o (CHAPTER02_LEVEL0104_BACK)
../data/Maps//libMaps.a(CHAPTER02_LEVEL0105.o)
                              Scroll_Engine.o (CHAPTER02_LEVEL0105_BACK)
../data/Maps//libMaps.a(CHAPTER02_LEVEL0106.o)
                              Scroll_Engine.o (CHAPTER02_LEVEL0106_BACK)
../data/Maps//libMaps.a(CHAPTER02_LEVEL0107.o)
                              Scroll_Engine.o (CHAPTER02_LEVEL0107_BACK)
../data/Maps//libMaps.a(CHAPTER02_LEVEL0201.o)
                              Scroll_Engine.o (CHAPTER02_LEVEL0201_BACK)
../data/Maps//libMaps.a(CHAPTER02_LEVEL0202.o)
                              Scroll_Engine.o (CHAPTER02_LEVEL0202_BACK)
../data/Maps//libMaps.a(CHAPTER02_LEVEL0203.o)
                              Scroll_Engine.o (CHAPTER02_LEVEL0203_BACK)
../data/Maps//libMaps.a(CHAPTER02_LEVEL0204.o)
                              Scroll_Engine.o (CHAPTER02_LEVEL0204_BACK)
../data/Maps//libMaps.a(CHAPTER02_LEVEL0301.o)
                              Scroll_Engine.o (CHAPTER02_LEVEL0301_BACK)
../data/Maps//libMaps.a(CHAPTER02_LEVEL0302.o)
                              Scroll_Engine.o (CHAPTER02_LEVEL0302_BACK)
../data/Maps//libMaps.a(CHAPTER02_LEVEL0303.o)
                              Scroll_Engine.o (CHAPTER02_LEVEL0303_BACK)
../data/Maps//libMaps.a(CHAPTER02_LEVEL0304.o)
                              Scroll_Engine.o (CHAPTER02_LEVEL0304_BACK)
../data/Maps//libMaps.a(CHAPTER02_LEVEL0305.o)
                              Scroll_Engine.o (CHAPTER02_LEVEL0305_BACK)
../data/Maps//libMaps.a(CHAPTER02_LEVEL0306.o)
                              Scroll_Engine.o (CHAPTER02_LEVEL0306_BACK)
../data/Maps//libMaps.a(CHAPTER02_LEVEL0401.o)
                              Scroll_Engine.o (CHAPTER02_LEVEL0401_BACK)
../data/Maps//libMaps.a(CHAPTER02_LEVEL0402.o)
                              Scroll_Engine.o (CHAPTER02_LEVEL0402_BACK)
../data/Maps//libMaps.a(CHAPTER02_LEVEL0403.o)
                              Scroll_Engine.o (CHAPTER02_LEVEL0403_BACK)
../data/Maps//libMaps.a(CHAPTER02_LEVEL0404.o)
                              Scroll_Engine.o (CHAPTER02_LEVEL0404_BACK)
../data/Maps//libMaps.a(CHAPTER02_LEVEL0405.o)
                              Scroll_Engine.o (CHAPTER02_LEVEL0405_BACK)
../data/Maps//libMaps.a(CHAPTER03_LEVEL0101.o)
                              Scroll_Engine.o (CHAPTER03_LEVEL0101_BACK)
../data/Maps//libMaps.a(CHAPTER03_LEVEL0102.o)
                              Scroll_Engine.o (CHAPTER03_LEVEL0102_BACK)
../data/Maps//libMaps.a(CHAPTER03_LEVEL0103.o)
                              Scroll_Engine.o (CHAPTER03_LEVEL0103_BACK)
../data/Maps//libMaps.a(CHAPTER03_LEVEL0104.o)
                              Scroll_Engine.o (CHAPTER03_LEVEL0104_BACK)
../data/Maps//libMaps.a(CHAPTER03_LEVEL0105.o)
                              Scroll_Engine.o (CHAPTER03_LEVEL0105_BACK)
../data/Maps//libMaps.a(CHAPTER03_LEVEL0106.o)
                              Scroll_Engine.o (CHAPTER03_LEVEL0106_BACK)
../data/Maps//libMaps.a(CHAPTER03_LEVEL0107.o)
                              Scroll_Engine.o (CHAPTER03_LEVEL0107_BACK)
../data/Maps//libMaps.a(CHAPTER03_LEVEL0201.o)
[...]
Memory Configuration

Name             Origin             Length             Attributes
*default*        0x00000000         0xffffffff

Linker script and memory map

LOAD Crt0.o
LOAD Main.o
LOAD Game.o
LOAD Titles.o
LOAD Random.o
LOAD StartUp.o
LOAD Scroll_Engine.o
LOAD SprEng_Control.o
LOAD SprEng_Animate.o
LOAD SprEng_Display.o
LOAD SprEng_Common.o
LOAD SprEng_SpongeBob.o
LOAD SprEng_NPC.o
LOAD SprEng_Platforms.o
LOAD SprEng_Monsters.o
LOAD Sinecos.o
LOAD Contours.o
LOAD Text_Sys.o
LOAD Collision.o
LOAD Hub.o
LOAD Fade.o
LOAD ../Sound/out/m4aLib.o
LOAD ../Sound/out/SoundDat.o
LOAD ../Sound/out/inst01.o
LOAD ../Sound/out/inst02.o
LOAD ../Sound/out/inst03.o
LOAD ../Sound/out/inst04.o
LOAD ../Sound/out/inst05.o
LOAD ../Sound/out/inst06.o
LOAD ../Sound/out/inst07.o
LOAD ../Sound/out/inst08.o
LOAD ../Sound/out/inst09.o
LOAD ../Sound/out/inst0a.o
LOAD ../Sound/out/inst0b.o
LOAD ../Sound/out/inst0c.o
LOAD ../Sound/out/inst0d.o
LOAD ../Sound/out/inst0e.o
LOAD ../Sound/out/inst0f.o
LOAD ../Sound/out/inst10.o
LOAD ../Sound/out/inst11.o
LOAD ../Sound/out/inst12.o
LOAD ../Sound/out/inst13.o
LOAD ../Sound/out/inst14.o
LOAD ../Sound/out/inst15.o
LOAD ../Sound/out/inst16.o
LOAD ../Sound/out/inst17.o
LOAD ../Sound/out/inst18.o
LOAD ../Sound/out/inst19.o
LOAD ../Sound/out/inst1a.o
LOAD ../Sound/out/inst1b.o
LOAD ../Sound/out/inst1c.o
LOAD ../Sound/out/inst1d.o
LOAD ../Sound/out/inst1e.o
LOAD ../Sound/out/inst1f.o
LOAD ../Sound/out/inst20.o
LOAD ../Sound/out/inst21.o
LOAD ../Sound/out/inst22.o
LOAD ../Sound/out/inst23.o
LOAD ../Sound/out/inst24.o
LOAD ../Sound/out/inst25.o
LOAD ../Sound/out/inst26.o
LOAD ../Sound/out/inst27.o
LOAD ../Sound/out/inst28.o
LOAD ../Sound/out/inst29.o
LOAD ../Sound/out/inst2a.o
LOAD ../Sound/out/inst2b.o
LOAD ../Sound/out/inst2c.o
LOAD ../Sound/out/inst2d.o
LOAD ../Sound/out/inst2e.o
LOAD ../Sound/out/inst2f.o
LOAD ../Sound/out/inst30.o
LOAD ../Sound/out/inst31.o
LOAD ../Sound/out/inst32.o
LOAD ../Sound/out/inst33.o
LOAD ../Sound/out/inst34.o
LOAD ../Sound/out/inst35.o
LOAD ../Sound/out/inst36.o
LOAD ../Sound/out/inst37.o
LOAD ../Sound/out/inst38.o
LOAD ../Sound/out/inst39.o
LOAD ../Sound/out/inst3a.o
LOAD ../Sound/out/inst3b.o
LOAD ../Sound/out/inst3c.o
LOAD ../Sound/out/inst3d.o
LOAD ../Sound/out/inst3e.o
LOAD ../Sound/out/inst3f.o
LOAD ../Sound/out/inst40.o
LOAD ../Sound/out/inst41.o
LOAD ../Sound/out/inst42.o
LOAD ../Sound/out/inst43.o
LOAD ../Sound/out/inst44.o
LOAD ../Sound/out/inst45.o
LOAD ../Sound/out/inst46.o
LOAD ../Sound/out/inst47.o
LOAD ../Sound/out/inst48.o
LOAD ../Sound/out/inst49.o
LOAD ../Sound/out/inst4a.o
LOAD ../Sound/out/inst4b.o
LOAD ../Sound/out/inst4c.o
LOAD ../Sound/out/inst4d.o
LOAD ../Sound/out/inst4e.o
LOAD ../Sound/out/inst4f.o
LOAD ../Sound/out/inst50.o
LOAD ../Sound/out/inst51.o
LOAD ../Sound/out/inst52.o
LOAD ../Sound/out/inst53.o
LOAD ../Sound/out/inst54.o
LOAD ../Sound/out/inst55.o
LOAD ../Sound/out/inst56.o
LOAD ../Sound/out/inst57.o
LOAD ../Sound/out/inst58.o
LOAD ../Sound/out/inst59.o
LOAD ../Sound/out/inst5a.o
LOAD ../Sound/out/inst5b.o
LOAD ../Sound/out/inst5c.o
LOAD ../Sound/out/inst5d.o
LOAD ../Sound/out/inst5e.o
LOAD ../Sound/out/inst5f.o
LOAD ../Sound/out/inst60.o
LOAD ../Sound/out/inst61.o
LOAD ../Sound/out/inst62.o
LOAD ../Sound/out/inst63.o
LOAD ../Sound/out/inst64.o
LOAD ../Sound/out/inst65.o
LOAD ../Sound/out/inst66.o
LOAD ../Sound/out/inst67.o
LOAD ../Sound/out/sfx1squ.o
LOAD ../Sound/out/sfx2jmp.o
LOAD ../Sound/out/sfx3but.o
LOAD ../Sound/out/sfx4bbl.o
LOAD ../Sound/out/sfx5def.o
LOAD ../Sound/out/sfx6lau.o
LOAD ../Sound/out/sfx7kar.o
LOAD ../Sound/out/sfx8ipc.o
LOAD ../Sound/out/sfx9net.o
LOAD ../Sound/out/sfxaspl.o
LOAD ../Sound/out/sfxbanm.o
LOAD ../Sound/out/sfxcclm.o
LOAD ../Sound/out/sfxdgho.o
LOAD ../Sound/out/sfxejfs.o
LOAD ../Sound/out/sfxfpic.o
LOAD ../Sound/out/sfxgcrs.o
LOAD ../Sound/out/ch112.o
LOAD ../Sound/out/ch13.o
LOAD ../Sound/out/ch14.o
LOAD ../Sound/out/ch1b.o
LOAD ../Sound/out/ch213.o
LOAD ../Sound/out/ch22.o
LOAD ../Sound/out/ch24.o
LOAD ../Sound/out/ch2b.o
LOAD ../Sound/out/ch31.o
LOAD ../Sound/out/ch323.o
LOAD ../Sound/out/ch34.o
LOAD ../Sound/out/ch3b1.o
LOAD ../Sound/out/ch3b2.o
LOAD ../Sound/out/ch41.o
LOAD ../Sound/out/ch424.o
LOAD ../Sound/out/ch43.o
LOAD ../Sound/out/ch4b.o
LOAD ../Sound/out/ch513.o
LOAD ../Sound/out/ch52.o
LOAD ../Sound/out/ch54.o
LOAD ../Sound/out/ch5b.o
LOAD ../Sound/out/ch6bt.o
LOAD ../Sound/out/ch6g.o
LOAD ../Sound/out/ch6rs.o
LOAD ../Sound/out/ch6top.o
LOAD ../Sound/out/gameover.o
LOAD ../Sound/out/options.o
LOAD ../Sound/out/titlemusic.o
LOAD ../Sound/out/sfx1.o
LOAD ../Sound/out/sfx2.o
LOAD ../Sound/out/sfx3.o
LOAD ../Sound/out/sfx4.o
LOAD ../Sound/out/sfx5.o
LOAD ../Sound/out/sfx6.o
LOAD ../Sound/out/sfx7.o
LOAD ../Sound/out/sfx8.o
LOAD ../Sound/out/sfx9.o
LOAD ../Sound/out/sfxa.o
LOAD ../Sound/out/sfxb.o
LOAD ../Sound/out/sfxc.o
LOAD ../Sound/out/sfxd.o
LOAD ../Sound/out/sfxe.o
LOAD ../Sound/out/sfxf.o
LOAD ../Sound/out/sfxg.o
LOAD C:/UTILS/GAMEBOYA/UTILS/AGB/lib//libisagbprn.a
LOAD C:/UTILS/GAMEBOYA/UTILS/AGB/lib//libagbsyscall.a
LOAD ../data/Titles//libTitlesGFX.a
LOAD ../data/Maps//libMaps.a
LOAD ../data/Sprites/SpongeBob//libSpongeBob_Sprs.a
LOAD ../data/Sprites/NPC//libNPC_Sprs.a
LOAD ../data/Sprites/Platforms//libPlatforms_Sprs.a
LOAD ../data/Sprites/Monsters//libMonsters_Sprs.a
LOAD C:\PROGRA~1\CYGNUS\thumbelf-000512\H-i686-cygwin32\bin/../lib/gcc-lib/thumb-elf/2.9-arm-000512/libgcc.a
LOAD C:\PROGRA~1\CYGNUS\thumbelf-000512\H-i686-cygwin32\bin/../lib/gcc-lib/thumb-elf/2.9-arm-000512/../../../../thumb-elf/lib/libg.a
LOAD C:\PROGRA~1\CYGNUS\thumbelf-000512\H-i686-cygwin32\bin/../lib/gcc-lib/thumb-elf/2.9-arm-000512/../../../../thumb-elf/lib/libc.a
LOAD C:\PROGRA~1\CYGNUS\thumbelf-000512\H-i686-cygwin32\bin/../lib/gcc-lib/thumb-elf/2.9-arm-000512/libgcc.a
Address of section .text set to 0x8000000
Address of section .bss set to 0x3000000
                0x00008000                .=0x8000

.interp
 *(.interp)

.hash
 *(.hash)

.dynsym
 *(.dynsym)

.dynstr
 *(.dynstr)

.gnu.version
 *(.gnu.version)

.gnu.version_d
 *(.gnu.version_d)

.gnu.version_r
 *(.gnu.version_r)

.rel.text
 *(.rel.text)
 *(.rel.text.*)
 *(.rel.gnu.linkonce.t*)

.rela.text
 *(.rela.text)
 *(.rela.text.*)
 *(.rela.gnu.linkonce.t*)

.rel.data
 *(.rel.data)
 *(.rel.data.*)
 *(.rel.gnu.linkonce.d*)

.rela.data
 *(.rela.data)
 *(.rela.data.*)
 *(.rela.gnu.linkonce.d*)

.rel.rodata
 *(.rel.rodata)
 *(.rel.rodata.*)
 *(.rel.gnu.linkonce.r*)

.rela.rodata
 *(.rela.rodata)
 *(.rela.rodata.*)
 *(.rela.gnu.linkonce.r*)

.rel.got
 *(.rel.got)

.rela.got
 *(.rela.got)

.rel.ctors
 *(.rel.ctors)

.rela.ctors
 *(.rela.ctors)

.rel.dtors
 *(.rel.dtors)

.rela.dtors
 *(.rela.dtors)

.rel.init
 *(.rel.init)

.rela.init
 *(.rela.init)

.rel.fini
 *(.rel.fini)

.rela.fini
 *(.rela.fini)

.rel.bss
 *(.rel.bss)

.rela.bss
 *(.rela.bss)

.rel.plt
 *(.rel.plt)

.rela.plt
 *(.rela.plt)

.init
 *(.init)

.plt
 *(.plt)

.text           0x08000000     0xa1dc
 *(.text)
 .text          0x08000000      0x1d0 Crt0.o
                0x08000000                _start
                0x080000c0                start_vector
                0x080000fc                intr_main
 .text          0x080001d0      0x260 Main.o
                0x08000400                IntrDummy
                0x08000404                ReadJoypad
                0x08000394                WaitVBlank
                0x080001d0                InitSystem
                0x080002c0                AgbMain
 .text          0x08000430      0x550 Game.o
                0x08000488                MainGame
                0x08000510                InitPalettes
                0x080008a4                CheckExit
                0x08000430                InitGame
                0x08000870                BlendOff
 .text          0x08000980      0xf0c Titles.o
                0x08000c10                MainTitles
                0x08000980                InitTitles
 .text          0x0800188c       0xb8 Random.o
                0x080018d8                GenRand
                0x08001904                InitRand
 .text          0x08001944      0x158 StartUp.o
                0x08001944                InitStartUpScreens
                0x08001a24                MainStartUpScreens
 .text          0x08001a9c     0x38e4 Scroll_Engine.o
                0x08005018                BuildScreen
                0x08004f50                SetBgTextControl
                0x08001a9c                InitScroll
                0x08005128                Scroll2Position
                0x080050d4                UpdateScroll
                0x08004f78                SetDispControl
 .text          0x08005380      0x2b4 SprEng_Control.o
                0x080054bc                ObjectClear
                0x08005380                ObjectControl1
                0x08005570                ObjectPut1
                0x080055d0                ObjectPut2
                0x08005538                ObjectGet1
                0x08005460                ObjectInit
                0x08005630                SpriteControl00
                0x080053b4                ObjectControl2
                0x0800557c                ObjectGet2
 .text          0x08005634       0xbc SprEng_Animate.o
                0x08005634                ObjectAnimate
 .text          0x080056f0      0x498 SprEng_Display.o
                0x08005b48                ObjectOff
                0x080056f0                ObjectDisplay
 .text          0x08005b88      0x2f4 SprEng_Common.o
                0x08005df8                ClearOAMBuffer
                0x08005b88                InitSprites
                0x08005e5c                UpdateOAMRam
 .text          0x08005e7c      0xaac SprEng_SpongeBob.o
                0x08005e7c                SpriteControl01
 .text          0x08006928       0x5c SprEng_NPC.o
                0x08006928                SpriteControl02
 .text          0x08006984       0x68 SprEng_Platforms.o
                0x08006984                SpriteControl03
 .text          0x080069ec      0x198 SprEng_Monsters.o
                0x080069ec                SpriteControl04
 .text          0x08006b84       0x48 Sinecos.o
                0x08006bb4                FixInverse
                0x08006b84                FixMul
                0x08006b9c                FixDiv
 .text          0x08006bcc      0x2f8 Contours.o
                0x08006bcc                CheckContour
 .text          0x08006ec4      0x484 Text_Sys.o
                0x08007154                PutText
                0x080072e4                ClearTextLayer
                0x08006ec4                PutTextBox
 .text          0x08007348      0x1e4 Collision.o
                0x08007364                CheckCollision
                0x08007348                SB2MovingPlats
 .text          0x0800752c      0x1bc Hub.o
                0x080075ec                MainHub
                0x0800752c                InitHub
 .text          0x080076e8      0x8d0 Fade.o
                0x080077d0                NextMenuSetUp
                0x08007740                FadeIn
                0x080076e8                FadeOut
 .text          0x08007fb8     0x2104 ../Sound/out/m4aLib.o
                0x080092d0                SoundVSyncOff_rev01
                0x08009140                SampFreqSet_rev01
                0x08007fb8                umul3232H32
                0x08008ef8                MPlayExtender
                0x0800927c                SoundClear_rev01
                0x0800a050                ply_xsust
                0x08009034                Clear64byte_rev
                0x0800a03c                ply_xdeca
                0x0800901c                MusicPlayerJumpTableCopy
                0x0800a014                ply_xtype
                0x08009bf4                MPlayVolumeControl
                0x08009400                MPlayStart_rev01
                0x080083f0                SoundMainBTM
                0x0800a0a4                ply_xswee
                0x0800934c                SoundVSyncOn_rev01
                0x08008ea0                m4aMPlayFadeOut
                0x08009388                MPlayOpen_rev01
                0x080088c8                TrackStop_rev01
                0x08008e74                m4aMPlayAllContinue
                0x0800a028                ply_xatta
                0x08009628                MidiKey2CgbFr
                0x0800a078                ply_xiecv
                0x08008e08                m4aSongNumContinue
                0x08009dcc                MPlayLFOSpeedSet
                0x08008c30                DummyFunc
                0x08008c50                MPlayFadeOut
                0x08008b3c                ply_endtie_rev01
                0x08008e68                m4aMPlayContinue
                0x08009bcc                MPlayTempoControl
                0x080094f4                FadeOutBody_rev01
                0x080096d0                CgbOscOff
                0x08009fb8                ply_xxx
                0x08008bcc                MidiKey2fr
                0x08008cfc                m4aSoundMain
                0x08009fcc                ply_xwave
                0x08009574                TrkVolPitSet_rev01
                0x08008d08                m4aSongNumStart
                0x08008ba4                ply_lfos_rev01
                0x08008c34                MPlayContinue
                0x08008bb8                ply_mod_rev01
                0x08009c5c                MPlayPitchControl
                0x08009d38                MP_clear_modM
                0x08008668                MPlayMain_rev01
                0x0800893c                ply_note_rev01
                0x08009048                SoundInit_rev01
                0x08008d34                m4aSongNumStartOrChange
                0x08009d58                MPlayModDepthSet
                0x08008d80                m4aSongNumStartOrContinue
                0x08009788                CgbSound
                0x080094b4                MPlayStop_rev01
                0x0800a0b8                DummyFunc_rev
                0x08009f98                ply_xcmd
                0x080091e4                SoundMode_rev01
                0x08009cd0                MPlayPanpotControl
                0x08009020                ClearChain_rev
                0x0800861c                SoundVSync_rev01
                0x08008c70                m4aSoundInit
                0x0800a084                ply_xiecl
                0x0800a090                ply_xleng
                0x08008eb0                m4aMPlayImmInit
                0x08009e40                ply_memacc
                0x08007fc8                SoundMain
                0x0800804c                SoundMainRAM
                0x08008e3c                m4aMPlayAllStop
                0x08009720                CgbModVol
                0x080083f0                Clear64byte
                0x08008dd4                m4aSongNumStop
                0x08008458                MPlyJmpTblCopy
                0x0800a064                ply_xrele
 .text          0x0800a0bc        0x4 C:/UTILS/GAMEBOYA/UTILS/AGB/lib//libagbsyscall.a(AgbSysCpuSet.o)
                0x0800a0bc                CpuSet
 .text          0x0800a0c0        0x4 C:/UTILS/GAMEBOYA/UTILS/AGB/lib//libagbsyscall.a(AgbSysRLUnCompVram.o)
                0x0800a0c0                RLUnCompVram
 .text          0x0800a0c4       0x3c C:\PROGRA~1\CYGNUS\thumbelf-000512\H-i686-cygwin32\bin/../lib/gcc-lib/thumb-elf/2.9-arm-000512/libgcc.a(_call_via_rX.o)
                0x0800a0cc                _call_via_r2
                0x0800a0dc                _call_via_r6
                0x0800a0d8                _call_via_r5
                0x0800a0d0                _call_via_r3
                0x0800a0f0                _call_via_fp
                0x0800a0e4                _call_via_r8
                0x0800a0e0                _call_via_r7
                0x0800a0c4                _call_via_r0
                0x0800a0ec                _call_via_sl
                0x0800a0f8                _call_via_sp
                0x0800a0e8                _call_via_r9
                0x0800a0d4                _call_via_r4
                0x0800a0c8                _call_via_r1
                0x0800a0f4                _call_via_ip
                0x0800a0fc                _call_via_lr
 .text          0x0800a100       0x94 C:\PROGRA~1\CYGNUS\thumbelf-000512\H-i686-cygwin32\bin/../lib/gcc-lib/thumb-elf/2.9-arm-000512/libgcc.a(_divsi3.o)
                0x0800a100                __divsi3
 .text          0x0800a194        0x4 C:\PROGRA~1\CYGNUS\thumbelf-000512\H-i686-cygwin32\bin/../lib/gcc-lib/thumb-elf/2.9-arm-000512/libgcc.a(_dvmd_tls.o)
                0x0800a194                __div0
 .text          0x0800a198       0x44 C:\PROGRA~1\CYGNUS\thumbelf-000512\H-i686-cygwin32\bin/../lib/gcc-lib/thumb-elf/2.9-arm-000512/../../../../thumb-elf/lib/libg.a(strlen.o)
                0x0800a198                strlen
 *(.text.*)
 *(.stub)
 *(.gnu.warning)
 *(.gnu.linkonce.t*)
 *(.glue_7t)
 *(.glue_7)
                0x0800a1dc                _etext=.
                0x0800a1dc                PROVIDE (etext, .)

.fini
 *(.fini)

.rodata         0x0800a1dc    0x8c16c
 *(.rodata)
 .rodata        0x0800a1dc       0x38 Main.o
                0x0800a1dc                IntrTable
 .rodata        0x0800a214      0x7f4 Game.o
                0x0800a218                Sprite_Palette
                0x0800a214                Speech_Bubble_Palette
                0x0800a418                ExitCoords
 .rodata        0x0800aa08       0x10 Titles.o
                0x0800aa0e                PasswordIconOffsetTable
                0x0800aa08                Text_Palette
 .rodata        0x0800aa18      0x280 Sinecos.o
                0x0800aa18                SinCosTable
 .rodata        0x0800ac98       0x48 Contours.o
                0x0800acd0                Contour08
                0x0800acb0                Contour04
                0x0800aca0                Contour02
                0x0800acd8                Contour09
                0x0800acb8                Contour05
                0x0800aca8                Contour03
                0x0800acc0                Contour06
                0x0800ac98                Contour01
                0x0800acc8                Contour07
 .rodata        0x0800ace0      0x100 Text_Sys.o
                0x0800ace0                TextTileTable
 .rodata        0x0800ade0      0x2d8 ../Sound/out/m4aLib.o
                0x0800af24                FreqTable
                0x0800aff0                CgbFrTable
                0x0800ade0                MPlyJmpTbl
                0x0800b044                Cgb3vol
                0x0800ae70                ScaleTable
                0x0800b088                xcmd_tbl
                0x0800b054                clock_tbl_rev01
                0x0800af6c                CgbScTable
                0x0800b008                NoiseTable
                0x0800af54                pcmVBtbl_rev
 .rodata        0x0800b0b8      0x710 ../Sound/out/SoundDat.o
                0x0800b0b8                voicegroup000
                0x0800b64c                mplay_table
                0x0800b664                song_table
 .rodata        0x0800b7c8      0x6c8 ../Sound/out/inst01.o
                0x0800b7c8                inst01
 .rodata        0x0800be90     0x1440 ../Sound/out/inst02.o
                0x0800be90                inst02
 .rodata        0x0800d2d0      0x6c8 ../Sound/out/inst03.o
                0x0800d2d0                inst03
 .rodata        0x0800d998      0x798 ../Sound/out/inst04.o
                0x0800d998                inst04
 .rodata        0x0800e130      0x1fc ../Sound/out/inst05.o
                0x0800e130                inst05
 .rodata        0x0800e32c      0x288 ../Sound/out/inst06.o
                0x0800e32c                inst06
 .rodata        0x0800e5b4      0x974 ../Sound/out/inst07.o
                0x0800e5b4                inst07
 .rodata        0x0800ef28     0x1440 ../Sound/out/inst08.o
                0x0800ef28                inst08
 .rodata        0x08010368      0x28c ../Sound/out/inst09.o
                0x08010368                inst09
 .rodata        0x080105f4      0x370 ../Sound/out/inst0a.o
                0x080105f4                inst0a
 .rodata        0x08010964      0x3dc ../Sound/out/inst0b.o
                0x08010964                inst0b
 .rodata        0x08010d40      0x6a8 ../Sound/out/inst0c.o
                0x08010d40                inst0c
 .rodata        0x080113e8      0x748 ../Sound/out/inst0d.o
                0x080113e8                inst0d
 .rodata        0x08011b30      0x4cc ../Sound/out/inst0e.o
                0x08011b30                inst0e
 .rodata        0x08011ffc      0x560 ../Sound/out/inst0f.o
                0x08011ffc                inst0f
 .rodata        0x0801255c      0x1f4 ../Sound/out/inst10.o
                0x0801255c                inst10
 .rodata        0x08012750      0x4f4 ../Sound/out/inst11.o
                0x08012750                inst11
 .rodata        0x08012c44      0x470 ../Sound/out/inst12.o
                0x08012c44                inst12
 .rodata        0x080130b4      0x528 ../Sound/out/inst13.o
                0x080130b4                inst13
 .rodata        0x080135dc      0x734 ../Sound/out/inst14.o
                0x080135dc                inst14
 .rodata        0x08013d10      0x92c ../Sound/out/inst15.o
                0x08013d10                inst15
 .rodata        0x0801463c     0x1464 ../Sound/out/inst16.o
                0x0801463c                inst16
 .rodata        0x08015aa0      0x3cc ../Sound/out/inst17.o
                0x08015aa0                inst17
 .rodata        0x08015e6c      0x430 ../Sound/out/inst18.o
                0x08015e6c                inst18
 .rodata        0x0801629c      0x19c ../Sound/out/inst19.o
                0x0801629c                inst19
 .rodata        0x08016438      0x28c ../Sound/out/inst1a.o
                0x08016438                inst1a
 .rodata        0x080166c4      0x350 ../Sound/out/inst1b.o
                0x080166c4                inst1b
 .rodata        0x08016a14      0x334 ../Sound/out/inst1c.o
                0x08016a14                inst1c
 .rodata        0x08016d48      0x470 ../Sound/out/inst1d.o
                0x08016d48                inst1d
 .rodata        0x080171b8      0x4f0 ../Sound/out/inst1e.o
                0x080171b8                inst1e
 .rodata        0x080176a8      0x4e8 ../Sound/out/inst1f.o
                0x080176a8                inst1f
 .rodata        0x08017b90      0x28c ../Sound/out/inst20.o
                0x08017b90                inst20
 .rodata        0x08017e1c      0x208 ../Sound/out/inst21.o
                0x08017e1c                inst21
 .rodata        0x08018024      0x5ec ../Sound/out/inst22.o
                0x08018024                inst22
 .rodata        0x08018610      0x534 ../Sound/out/inst23.o
                0x08018610                inst23
 .rodata        0x08018b44      0x28c ../Sound/out/inst24.o
                0x08018b44                inst24
 .rodata        0x08018dd0     0x1470 ../Sound/out/inst25.o
                0x08018dd0                inst25
 .rodata        0x0801a240      0x610 ../Sound/out/inst26.o
                0x0801a240                inst26
 .rodata        0x0801a850      0x45c ../Sound/out/inst27.o
                0x0801a850                inst27
 .rodata        0x0801acac     0x146c ../Sound/out/inst28.o
                0x0801acac                inst28
 .rodata        0x0801c118     0x1468 ../Sound/out/inst29.o
                0x0801c118                inst29
 .rodata        0x0801d580      0x320 ../Sound/out/inst2a.o
                0x0801d580                inst2a
 .rodata        0x0801d8a0      0x91c ../Sound/out/inst2b.o
                0x0801d8a0                inst2b
 .rodata        0x0801e1bc     0x1470 ../Sound/out/inst2c.o
                0x0801e1bc                inst2c
 .rodata        0x0801f62c      0x3fc ../Sound/out/inst2d.o
                0x0801f62c                inst2d
 .rodata        0x0801fa28     0x1464 ../Sound/out/inst2e.o
                0x0801fa28                inst2e
 .rodata        0x08020e8c      0x5b0 ../Sound/out/inst2f.o
                0x08020e8c                inst2f
 .rodata        0x0802143c      0xa04 ../Sound/out/inst30.o
                0x0802143c                inst30
 .rodata        0x08021e40      0x624 ../Sound/out/inst31.o
                0x08021e40                inst31
 .rodata        0x08022464      0x6d8 ../Sound/out/inst32.o
                0x08022464                inst32
 .rodata        0x08022b3c      0x43c ../Sound/out/inst33.o
                0x08022b3c                inst33
 .rodata        0x08022f78      0x5f0 ../Sound/out/inst34.o
                0x08022f78                inst34
 .rodata        0x08023568      0x5c4 ../Sound/out/inst35.o
                0x08023568                inst35
 .rodata        0x08023b2c      0x650 ../Sound/out/inst36.o
                0x08023b2c                inst36
 .rodata        0x0802417c      0x404 ../Sound/out/inst37.o
                0x0802417c                inst37
 .rodata        0x08024580      0x460 ../Sound/out/inst38.o
                0x08024580                inst38
 .rodata        0x080249e0      0x3c4 ../Sound/out/inst39.o
                0x080249e0                inst39
 .rodata        0x08024da4      0x3fc ../Sound/out/inst3a.o
                0x08024da4                inst3a
 .rodata        0x080251a0      0x644 ../Sound/out/inst3b.o
                0x080251a0                inst3b
 .rodata        0x080257e4     0x145c ../Sound/out/inst3c.o
                0x080257e4                inst3c
 .rodata        0x08026c40      0x4c8 ../Sound/out/inst3d.o
                0x08026c40                inst3d
 .rodata        0x08027108      0x20c ../Sound/out/inst3e.o
                0x08027108                inst3e
 .rodata        0x08027314      0x540 ../Sound/out/inst3f.o
                0x08027314                inst3f
 .rodata        0x08027854      0x7e4 ../Sound/out/inst40.o
                0x08027854                inst40
 .rodata        0x08028038      0x230 ../Sound/out/inst41.o
                0x08028038                inst41
 .rodata        0x08028268      0xab4 ../Sound/out/inst42.o
                0x08028268                inst42
 .rodata        0x08028d1c     0x19d8 ../Sound/out/inst43.o
                0x08028d1c                inst43
 .rodata        0x0802a6f4      0x714 ../Sound/out/inst44.o
                0x0802a6f4                inst44
 .rodata        0x0802ae08     0x183c ../Sound/out/inst45.o
                0x0802ae08                inst45
 .rodata        0x0802c644     0x15f0 ../Sound/out/inst46.o
                0x0802c644                inst46
 .rodata        0x0802dc34      0x370 ../Sound/out/inst47.o
                0x0802dc34                inst47
 .rodata        0x0802dfa4      0x528 ../Sound/out/inst48.o
                0x0802dfa4                inst48
 .rodata        0x0802e4cc      0x4e0 ../Sound/out/inst49.o
                0x0802e4cc                inst49
 .rodata        0x0802e9ac      0x5e4 ../Sound/out/inst4a.o
                0x0802e9ac                inst4a
 .rodata        0x0802ef90     0x154c ../Sound/out/inst4b.o
                0x0802ef90                inst4b
 .rodata        0x080304dc     0x145c ../Sound/out/inst4c.o
                0x080304dc                inst4c
 .rodata        0x08031938      0x3f4 ../Sound/out/inst4d.o
                0x08031938                inst4d
 .rodata        0x08031d2c      0x838 ../Sound/out/inst4e.o
                0x08031d2c                inst4e
 .rodata        0x08032564      0x70c ../Sound/out/inst4f.o
                0x08032564                inst4f
 .rodata        0x08032c70      0x378 ../Sound/out/inst50.o
                0x08032c70                inst50
 .rodata        0x08032fe8      0xd58 ../Sound/out/inst51.o
                0x08032fe8                inst51
 .rodata        0x08033d40      0x64c ../Sound/out/inst52.o
                0x08033d40                inst52
 .rodata        0x0803438c      0xc7c ../Sound/out/inst53.o
                0x0803438c                inst53
 .rodata        0x08035008     0x1070 ../Sound/out/inst54.o
                0x08035008                inst54
 .rodata        0x08036078      0x210 ../Sound/out/inst55.o
                0x08036078                inst55
 .rodata        0x08036288      0x3e0 ../Sound/out/inst56.o
                0x08036288                inst56
 .rodata        0x08036668      0x510 ../Sound/out/inst57.o
                0x08036668                inst57
 .rodata        0x08036b78      0xab4 ../Sound/out/inst58.o
                0x08036b78                inst58
 .rodata        0x0803762c      0x98c ../Sound/out/inst59.o
                0x0803762c                inst59
 .rodata        0x08037fb8      0x380 ../Sound/out/inst5a.o
                0x08037fb8                inst5a
 .rodata        0x08038338     0x156c ../Sound/out/inst5b.o
                0x08038338                inst5b
 .rodata        0x080398a4     0x1480 ../Sound/out/inst5c.o
                0x080398a4                inst5c
 .rodata        0x0803ad24      0x4dc ../Sound/out/inst5d.o
                0x0803ad24                inst5d
 .rodata        0x0803b200      0x28c ../Sound/out/inst5e.o
                0x0803b200                inst5e
 .rodata        0x0803b48c      0x250 ../Sound/out/inst5f.o
                0x0803b48c                inst5f
 .rodata        0x0803b6dc      0x28c ../Sound/out/inst60.o
                0x0803b6dc                inst60
 .rodata        0x0803b968      0x46c ../Sound/out/inst61.o
                0x0803b968                inst61
 .rodata        0x0803bdd4      0x7a0 ../Sound/out/inst62.o
                0x0803bdd4                inst62
 .rodata        0x0803c574      0x308 ../Sound/out/inst63.o
                0x0803c574                inst63
 .rodata        0x0803c87c      0x470 ../Sound/out/inst64.o
                0x0803c87c                inst64
 .rodata        0x0803ccec      0xb88 ../Sound/out/inst65.o
                0x0803ccec                inst65
 .rodata        0x0803d874      0x654 ../Sound/out/inst66.o
                0x0803d874                inst66
 .rodata        0x0803dec8      0x400 ../Sound/out/inst67.o
                0x0803dec8                inst67
 .rodata        0x0803e2c8      0x794 ../Sound/out/sfx1squ.o
                0x0803e2c8                sfx1squ
 .rodata        0x0803ea5c      0xb54 ../Sound/out/sfx2jmp.o
                0x0803ea5c                sfx2jmp
 .rodata        0x0803f5b0      0xb54 ../Sound/out/sfx3but.o
                0x0803f5b0                sfx3but
 .rodata        0x08040104     0x129c ../Sound/out/sfx4bbl.o
                0x08040104                sfx4bbl
 .rodata        0x080413a0     0x3ae8 ../Sound/out/sfx5def.o
                0x080413a0                sfx5def
 .rodata        0x08044e88     0x1664 ../Sound/out/sfx6lau.o
                0x08044e88                sfx6lau
 .rodata        0x080464ec      0x5fc ../Sound/out/sfx7kar.o
                0x080464ec                sfx7kar
 .rodata        0x08046ae8      0xb54 ../Sound/out/sfx8ipc.o
                0x08046ae8                sfx8ipc
 .rodata        0x0804763c      0xb54 ../Sound/out/sfx9net.o
                0x0804763c                sfx9net
 .rodata        0x08048190      0xed4 ../Sound/out/sfxaspl.o
                0x08048190                sfxaspl
 .rodata        0x08049064      0xb54 ../Sound/out/sfxbanm.o
                0x08049064                sfxbanm
 .rodata        0x08049bb8     0x129c ../Sound/out/sfxcclm.o
                0x08049bb8                sfxcclm
 .rodata        0x0804ae54     0x4ed4 ../Sound/out/sfxdgho.o
                0x0804ae54                sfxdgho
 .rodata        0x0804fd28     0x5004 ../Sound/out/sfxejfs.o
                0x0804fd28                sfxejfs
 .rodata        0x08054d2c      0xc94 ../Sound/out/sfxfpic.o
                0x08054d2c                sfxfpic
 .rodata        0x080559c0      0xed4 ../Sound/out/sfxgcrs.o
                0x080559c0                sfxgcrs
 .rodata        0x08056894     0x16d0 ../Sound/out/ch112.o
                0x08057f4c                ch112
 .rodata        0x08057f64     0x1d38 ../Sound/out/ch13.o
                0x08059c84                ch13
 .rodata        0x08059c9c      0xc5c ../Sound/out/ch14.o
                0x0805a8e0                ch14
 .rodata        0x0805a8f8      0x784 ../Sound/out/ch1b.o
                0x0805b064                ch1b
 .rodata        0x0805b07c     0x10cc ../Sound/out/ch213.o
                0x0805c130                ch213
 .rodata        0x0805c148     0x1310 ../Sound/out/ch22.o
                0x0805d440                ch22
 .rodata        0x0805d458      0xdb0 ../Sound/out/ch24.o
                0x0805e1f0                ch24
 .rodata        0x0805e208      0x124 ../Sound/out/ch2b.o
                0x0805e314                ch2b
 .rodata        0x0805e32c      0xb2c ../Sound/out/ch31.o
                0x0805ee40                ch31
 .rodata        0x0805ee58     0x1538 ../Sound/out/ch323.o
                0x08060378                ch323
 .rodata        0x08060390      0xde0 ../Sound/out/ch34.o
                0x08061158                ch34
 .rodata        0x08061170      0x19c ../Sound/out/ch3b1.o
                0x080612f4                ch3b1
 .rodata        0x0806130c      0x45c ../Sound/out/ch3b2.o
                0x08061750                ch3b2
 .rodata        0x08061768     0x165c ../Sound/out/ch41.o
                0x08062dac                ch41
 .rodata        0x08062dc4     0x1bac ../Sound/out/ch424.o
                0x08064958                ch424
 .rodata        0x08064970      0xdb8 ../Sound/out/ch43.o
                0x08065710                ch43
 .rodata        0x08065728      0x474 ../Sound/out/ch4b.o
                0x08065b84                ch4b
 .rodata        0x08065b9c      0xec0 ../Sound/out/ch513.o
                0x08066a44                ch513
 .rodata        0x08066a5c      0xd48 ../Sound/out/ch52.o
                0x0806778c                ch52
 .rodata        0x080677a4     0x18ac ../Sound/out/ch54.o
                0x08069038                ch54
 .rodata        0x08069050      0x2dc ../Sound/out/ch5b.o
                0x08069314                ch5b
 .rodata        0x0806932c      0x848 ../Sound/out/ch6bt.o
                0x08069b5c                ch6bt
 .rodata        0x08069b74      0xb1c ../Sound/out/ch6g.o
                0x0806a678                ch6g
 .rodata        0x0806a690      0xd84 ../Sound/out/ch6rs.o
                0x0806b3fc                ch6rs
 .rodata        0x0806b414      0x508 ../Sound/out/ch6top.o
                0x0806b904                ch6top
 .rodata        0x0806b91c      0x1dc ../Sound/out/gameover.o
                0x0806bae0                gameover
 .rodata        0x0806baf8      0x2f4 ../Sound/out/options.o
                0x0806bdd4                options
 .rodata        0x0806bdec      0x9a8 ../Sound/out/titlemusic.o
                0x0806c77c                titlemusic
 .rodata        0x0806c794       0x1c ../Sound/out/sfx1.o
                0x0806c7a4                sfx1
 .rodata        0x0806c7b0       0x1c ../Sound/out/sfx2.o
                0x0806c7c0                sfx2
 .rodata        0x0806c7cc       0x1c ../Sound/out/sfx3.o
                0x0806c7dc                sfx3
 .rodata        0x0806c7e8       0x1c ../Sound/out/sfx4.o
                0x0806c7f8                sfx4
 .rodata        0x0806c804       0x1c ../Sound/out/sfx5.o
                0x0806c814                sfx5
 .rodata        0x0806c820       0x1c ../Sound/out/sfx6.o
                0x0806c830                sfx6
 .rodata        0x0806c83c       0x1c ../Sound/out/sfx7.o
                0x0806c84c                sfx7
 .rodata        0x0806c858       0x1c ../Sound/out/sfx8.o
                0x0806c868                sfx8
 .rodata        0x0806c874       0x1c ../Sound/out/sfx9.o
                0x0806c884                sfx9
 .rodata        0x0806c890       0x1c ../Sound/out/sfxa.o
                0x0806c8a0                sfxa
 .rodata        0x0806c8ac       0x1c ../Sound/out/sfxb.o
                0x0806c8bc                sfxb
 .rodata        0x0806c8c8       0x1c ../Sound/out/sfxc.o
                0x0806c8d8                sfxc
 .rodata        0x0806c8e4       0x1c ../Sound/out/sfxd.o
                0x0806c8f4                sfxd
 .rodata        0x0806c900       0x1c ../Sound/out/sfxe.o
                0x0806c910                sfxe
 .rodata        0x0806c91c       0x1c ../Sound/out/sfxf.o
                0x0806c92c                sfxf
 .rodata        0x0806c938       0x1c ../Sound/out/sfxg.o
                0x0806c948                sfxg
 .rodata        0x0806c954     0x1800 ../data/Titles//libTitlesGFX.a(libFontGame.o)
                0x0806c954                libFontGame_Char
 .rodata        0x0806e154     0x1800 ../data/Titles//libTitlesGFX.a(libFontMenu.o)
                0x0806e154                libFontMenu_Char
 .rodata        0x0806f954     0x2170 ../data/Titles//libTitlesGFX.a(Start_Copy.o)
                0x0806fb54                Start_Copy_Character
                0x08071614                Start_Copy_Map
                0x0806f954                Start_Copy_Palette
 .rodata        0x08071ac4     0x19b0 ../data/Titles//libTitlesGFX.a(Start_THQ.o)
                0x08071ac4                Start_THQ_Palette
                0x08072fc4                Start_THQ_Map
                0x08071cc4                Start_THQ_Character
 .rodata        0x08073474     0x1a70 ../data/Titles//libTitlesGFX.a(Start_Nick.o)
                0x08073474                Start_Nick_Palette
                0x08074a34                Start_Nick_Map
                0x08073674                Start_Nick_Character
 .rodata        0x08074ee4     0x1170 ../data/Titles//libTitlesGFX.a(Start_Climax.o)
                0x08075ba4                Start_Climax_Map
                0x08074ee4                Start_Climax_Palette
                0x080750e4                Start_Climax_Character
 .rodata        0x08076054     0x1200 ../data/Titles//libTitlesGFX.a(menuback.o)
                0x08076a54                menuback_Map
                0x08076254                menuback_Character
                0x08076054                menuback_Palette
 .rodata        0x08077254      0xc00 ../data/Titles//libTitlesGFX.a(PasswordIcons.o)
                0x08077254                PasswordIcons_Char
 .rodata        0x08077e54     0x2b00 ../data/Titles//libTitlesGFX.a(HubMap.o)
                0x08078054                HubMap_Character
                0x08077e54                HubMap_Palette
                0x08079954                HubMap_Map
 .rodata        0x0807a954     0x1cf0 ../data/Titles//libTitlesGFX.a(menul2.o)
                0x0807a954                menul2_Palette
                0x0807c194                menul2_Map
                0x0807ab54                menul2_Character
 .rodata        0x0807c644     0x1340 ../data/Titles//libTitlesGFX.a(menuback2.o)
                0x0807c644                menuback2_Palette
                0x0807d184                menuback2_Map
                0x0807c844                menuback2_Character
 .rodata        0x0807d984      0x13c ../data/Sprites/SpongeBob//libSpongeBob_Sprs.a(buttbounceend0001_RL.o)
                0x0807d984                buttbounceend0001_Char_RL
 .rodata        0x0807dac0      0x178 ../data/Sprites/SpongeBob//libSpongeBob_Sprs.a(buttbounceend0003_RL.o)
                0x0807dac0                buttbounceend0003_Char_RL
 .rodata        0x0807dc38      0x13c ../data/Sprites/SpongeBob//libSpongeBob_Sprs.a(buttbounceend0005_RL.o)
                0x0807dc38                buttbounceend0005_Char_RL
 .rodata        0x0807dd74      0x1c8 ../data/Sprites/SpongeBob//libSpongeBob_Sprs.a(buttbounceend0007_RL.o)
                0x0807dd74                buttbounceend0007_Char_RL
 .rodata        0x0807df3c      0x1c8 ../data/Sprites/SpongeBob//libSpongeBob_Sprs.a(buttbouncestart0001_RL.o)
                0x0807df3c                buttbouncestart0001_Char_RL
 .rodata        0x0807e104      0x1a8 ../data/Sprites/SpongeBob//libSpongeBob_Sprs.a(buttbouncestart0003_RL.o)
                0x0807e104                buttbouncestart0003_Char_RL
 .rodata        0x0807e2ac      0x188 ../data/Sprites/SpongeBob//libSpongeBob_Sprs.a(buttbouncestart0005_RL.o)
                0x0807e2ac                buttbouncestart0005_Char_RL
 .rodata        0x0807e434      0x154 ../data/Sprites/SpongeBob//libSpongeBob_Sprs.a(buttbouncestart0007_RL.o)
                0x0807e434                buttbouncestart0007_Char_RL
 .rodata        0x0807e588      0x1c8 ../data/Sprites/SpongeBob//libSpongeBob_Sprs.a(deathbackwards0001_RL.o)
                0x0807e588                deathbackwards0001_Char_RL
 .rodata        0x0807e750      0x16c ../data/Sprites/SpongeBob//libSpongeBob_Sprs.a(deathbackwards0003_RL.o)
                0x0807e750                deathbackwards0003_Char_RL
 .rodata        0x0807e8bc      0x174 ../data/Sprites/SpongeBob//libSpongeBob_Sprs.a(deathbackwards0005_RL.o)
                0x0807e8bc                deathbackwards0005_Char_RL
 .rodata        0x0807ea30       0xe0 ../data/Sprites/SpongeBob//libSpongeBob_Sprs.a(deathbackwards0007_RL.o)
                0x0807ea30                deathbackwards0007_Char_RL
 .rodata        0x0807eb10       0xd8 ../data/Sprites/SpongeBob//libSpongeBob_Sprs.a(deathbackwards0009_RL.o)
                0x0807eb10                deathbackwards0009_Char_RL
 .rodata        0x0807ebe8       0xbc ../data/Sprites/SpongeBob//libSpongeBob_Sprs.a(deathbackwards0011_RL.o)
                0x0807ebe8                deathbackwards0011_Char_RL
 .rodata        0x0807eca4       0xec ../data/Sprites/SpongeBob//libSpongeBob_Sprs.a(deathbackwards0013_RL.o)
                0x0807eca4                deathbackwards0013_Char_RL
 .rodata        0x0807ed90       0xf0 ../data/Sprites/SpongeBob//libSpongeBob_Sprs.a(deathbackwards0015_RL.o)
                0x0807ed90                deathbackwards0015_Char_RL
 .rodata        0x0807ee80      0x1c4 ../data/Sprites/SpongeBob//libSpongeBob_Sprs.a(deathdry0001_RL.o)
                0x0807ee80                deathdry0001_Char_RL
 .rodata        0x0807f044      0x1c0 ../data/Sprites/SpongeBob//libSpongeBob_Sprs.a(deathdry0003_RL.o)
                0x0807f044                deathdry0003_Char_RL
 .rodata        0x0807f204      0x1a8 ../data/Sprites/SpongeBob//libSpongeBob_Sprs.a(deathdry0005_RL.o)
                0x0807f204                deathdry0005_Char_RL
 .rodata        0x0807f3ac      0x1b8 ../data/Sprites/SpongeBob//libSpongeBob_Sprs.a(deathdry0007_RL.o)
                0x0807f3ac                deathdry0007_Char_RL
 .rodata        0x0807f564      0x18c ../data/Sprites/SpongeBob//libSpongeBob_Sprs.a(deathdry0009_RL.o)
                0x0807f564                deathdry0009_Char_RL
 .rodata        0x0807f6f0      0x1d4 ../data/Sprites/SpongeBob//libSpongeBob_Sprs.a(deathdry0011_RL.o)
                0x0807f6f0                deathdry0011_Char_RL
 .rodata        0x0807f8c4      0x1b8 ../data/Sprites/SpongeBob//libSpongeBob_Sprs.a(deathdry0013_RL.o)
                0x0807f8c4                deathdry0013_Char_RL
 .rodata        0x0807fa7c      0x168 ../data/Sprites/SpongeBob//libSpongeBob_Sprs.a(deathdry0015_RL.o)
                0x0807fa7c                deathdry0015_Char_RL
 .rodata        0x0807fbe4      0x180 ../data/Sprites/SpongeBob//libSpongeBob_Sprs.a(deathforwards0001_RL.o)
                0x0807fbe4                deathforwards0001_Char_RL
 .rodata        0x0807fd64      0x170 ../data/Sprites/SpongeBob//libSpongeBob_Sprs.a(deathforwards0003_RL.o)
                0x0807fd64                deathforwards0003_Char_RL
 .rodata        0x0807fed4      0x170 ../data/Sprites/SpongeBob//libSpongeBob_Sprs.a(deathforwards0005_RL.o)
                0x0807fed4                deathforwards0005_Char_RL
 .rodata        0x08080044      0x15c ../data/Sprites/SpongeBob//libSpongeBob_Sprs.a(deathforwards0007_RL.o)
                0x08080044                deathforwards0007_Char_RL
 .rodata        0x080801a0      0x16c ../data/Sprites/SpongeBob//libSpongeBob_Sprs.a(deathforwards0009_RL.o)
                0x080801a0                deathforwards0009_Char_RL
 .rodata        0x0808030c      0x164 ../data/Sprites/SpongeBob//libSpongeBob_Sprs.a(deathforwards0011_RL.o)
                0x0808030c                deathforwards0011_Char_RL
 .rodata        0x08080470      0x160 ../data/Sprites/SpongeBob//libSpongeBob_Sprs.a(deathforwards0013_RL.o)
                0x08080470                deathforwards0013_Char_RL
 .rodata        0x080805d0       0xc0 ../data/Sprites/SpongeBob//libSpongeBob_Sprs.a(deathforwards0015_RL.o)
                0x080805d0                deathforwards0015_Char_RL
 .rodata        0x08080690      0x1c8 ../data/Sprites/SpongeBob//libSpongeBob_Sprs.a(deathspin0001_RL.o)
                0x08080690                deathspin0001_Char_RL
 .rodata        0x08080858      0x17c ../data/Sprites/SpongeBob//libSpongeBob_Sprs.a(deathspin0003_RL.o)
                0x08080858                deathspin0003_Char_RL
 .rodata        0x080809d4      0x180 ../data/Sprites/SpongeBob//libSpongeBob_Sprs.a(deathspin0005_RL.o)
                0x080809d4                deathspin0005_Char_RL
 .rodata        0x08080b54      0x1a4 ../data/Sprites/SpongeBob//libSpongeBob_Sprs.a(deathspin0007_RL.o)
                0x08080b54                deathspin0007_Char_RL
 .rodata        0x08080cf8      0x1a4 ../data/Sprites/SpongeBob//libSpongeBob_Sprs.a(deathspin0009_RL.o)
                0x08080cf8                deathspin0009_Char_RL
 .rodata        0x08080e9c      0x11c ../data/Sprites/SpongeBob//libSpongeBob_Sprs.a(deathspin0011_RL.o)
                0x08080e9c                deathspin0011_Char_RL
 .rodata        0x08080fb8      0x1b0 ../data/Sprites/SpongeBob//libSpongeBob_Sprs.a(deathspin0013_RL.o)
                0x08080fb8                deathspin0013_Char_RL
 .rodata        0x08081168      0x1b0 ../data/Sprites/SpongeBob//libSpongeBob_Sprs.a(deathspin0015_RL.o)
                0x08081168                deathspin0015_Char_RL
 .rodata        0x08081318      0x1bc ../data/Sprites/SpongeBob//libSpongeBob_Sprs.a(deathsquash0001_RL.o)
                0x08081318                deathsquash0001_Char_RL
 .rodata        0x080814d4      0x188 ../data/Sprites/SpongeBob//libSpongeBob_Sprs.a(deathsquash0003_RL.o)
                0x080814d4                deathsquash0003_Char_RL
 .rodata        0x0808165c      0x16c ../data/Sprites/SpongeBob//libSpongeBob_Sprs.a(deathsquash0005_RL.o)
                0x0808165c                deathsquash0005_Char_RL
 .rodata        0x080817c8      0x150 ../data/Sprites/SpongeBob//libSpongeBob_Sprs.a(deathsquash0007_RL.o)
                0x080817c8                deathsquash0007_Char_RL
 .rodata        0x08081918      0x12c ../data/Sprites/SpongeBob//libSpongeBob_Sprs.a(deathsquash0009_RL.o)
                0x08081918                deathsquash0009_Char_RL
 .rodata        0x08081a44       0xec ../data/Sprites/SpongeBob//libSpongeBob_Sprs.a(deathsquash0011_RL.o)
                0x08081a44                deathsquash0011_Char_RL
 .rodata        0x08081b30      0x150 ../data/Sprites/SpongeBob//libSpongeBob_Sprs.a(deathsquash0013_RL.o)
                0x08081b30                deathsquash0013_Char_RL
 .rodata        0x08081c80       0xcc ../data/Sprites/SpongeBob//libSpongeBob_Sprs.a(deathsquash0015_RL.o)
                0x08081c80                deathsquash0015_Char_RL
 .rodata        0x08081d4c      0x180 ../data/Sprites/SpongeBob//libSpongeBob_Sprs.a(deathtar0001_RL.o)
                0x08081d4c                deathtar0001_Char_RL
 .rodata        0x08081ecc      0x170 ../data/Sprites/SpongeBob//libSpongeBob_Sprs.a(deathtar0003_RL.o)
                0x08081ecc                deathtar0003_Char_RL
 .rodata        0x0808203c      0x170 ../data/Sprites/SpongeBob//libSpongeBob_Sprs.a(deathtar0005_RL.o)
                0x0808203c                deathtar0005_Char_RL
 .rodata        0x080821ac      0x184 ../data/Sprites/SpongeBob//libSpongeBob_Sprs.a(deathtar0007_RL.o)
                0x080821ac                deathtar0007_Char_RL
 .rodata        0x08082330      0x1b4 ../data/Sprites/SpongeBob//libSpongeBob_Sprs.a(deathtarstart0001_RL.o)
                0x08082330                deathtarstart0001_Char_RL
 .rodata        0x080824e4      0x1ac ../data/Sprites/SpongeBob//libSpongeBob_Sprs.a(deathtarstart0003_RL.o)
                0x080824e4                deathtarstart0003_Char_RL
 .rodata        0x08082690      0x194 ../data/Sprites/SpongeBob//libSpongeBob_Sprs.a(deathtarstart0005_RL.o)
                0x08082690                deathtarstart0005_Char_RL
 .rodata        0x08082824      0x188 ../data/Sprites/SpongeBob//libSpongeBob_Sprs.a(deathtarstart0007_RL.o)
                0x08082824                deathtarstart0007_Char_RL
 .rodata        0x080829ac      0x194 ../data/Sprites/SpongeBob//libSpongeBob_Sprs.a(electricshock0001_RL.o)
                0x080829ac                electricshock0001_Char_RL
 .rodata        0x08082b40      0x18c ../data/Sprites/SpongeBob//libSpongeBob_Sprs.a(electricshock0003_RL.o)
                0x08082b40                electricshock0003_Char_RL
 .rodata        0x08082ccc      0x18c ../data/Sprites/SpongeBob//libSpongeBob_Sprs.a(electricshock0005_RL.o)
                0x08082ccc                electricshock0005_Char_RL
 .rodata        0x08082e58      0x18c ../data/Sprites/SpongeBob//libSpongeBob_Sprs.a(electricshock0007_RL.o)
                0x08082e58                electricshock0007_Char_RL
 .rodata        0x08082fe4      0x190 ../data/Sprites/SpongeBob//libSpongeBob_Sprs.a(electricshockend0000_RL.o)
                0x08082fe4                electricshockend0000_Char_RL
 .rodata        0x08083174      0x1d4 ../data/Sprites/SpongeBob//libSpongeBob_Sprs.a(electricshockend0001_RL.o)
                0x08083174                electricshockend0001_Char_RL
 .rodata        0x08083348      0x1b4 ../data/Sprites/SpongeBob//libSpongeBob_Sprs.a(electricshockstart0000_RL.o)
                0x08083348                electricshockstart0000_Char_RL
 .rodata        0x080834fc      0x170 ../data/Sprites/SpongeBob//libSpongeBob_Sprs.a(electricshockstart0001_RL.o)
                0x080834fc                electricshockstart0001_Char_RL
 .rodata        0x0808366c      0x17c ../data/Sprites/SpongeBob//libSpongeBob_Sprs.a(faceback0001_RL.o)
                0x0808366c                faceback0001_Char_RL
 .rodata        0x080837e8      0x174 ../data/Sprites/SpongeBob//libSpongeBob_Sprs.a(faceback0003_RL.o)
                0x080837e8                faceback0003_Char_RL
 .rodata        0x0808395c      0x190 ../data/Sprites/SpongeBob//libSpongeBob_Sprs.a(faceback0005_RL.o)
                0x0808395c                faceback0005_Char_RL
 .rodata        0x08083aec      0x1b0 ../data/Sprites/SpongeBob//libSpongeBob_Sprs.a(faceback0007_RL.o)
                0x08083aec                faceback0007_Char_RL
 .rodata        0x08083c9c      0x1b4 ../data/Sprites/SpongeBob//libSpongeBob_Sprs.a(facefront0000_RL.o)
                0x08083c9c                facefront0000_Char_RL
 .rodata        0x08083e50      0x184 ../data/Sprites/SpongeBob//libSpongeBob_Sprs.a(facefront0001_RL.o)
                0x08083e50                facefront0001_Char_RL
 .rodata        0x08083fd4       0xec ../data/Sprites/SpongeBob//libSpongeBob_Sprs.a(fall0001_RL.o)
                0x08083fd4                fall0001_Char_RL
 .rodata        0x080840c0      0x120 ../data/Sprites/SpongeBob//libSpongeBob_Sprs.a(fall0003_RL.o)
                0x080840c0                fall0003_Char_RL
 .rodata        0x080841e0       0x6c ../data/Sprites/SpongeBob//libSpongeBob_Sprs.a(fall0005_RL.o)
                0x080841e0                fall0005_Char_RL
 .rodata        0x0808424c      0x1e0 ../data/Sprites/SpongeBob//libSpongeBob_Sprs.a(fireend0000_RL.o)
                0x0808424c                fireend0000_Char_RL
 .rodata        0x0808442c      0x1c4 ../data/Sprites/SpongeBob//libSpongeBob_Sprs.a(fireend0001_RL.o)
                0x0808442c                fireend0001_Char_RL
 .rodata        0x080845f0      0x1a8 ../data/Sprites/SpongeBob//libSpongeBob_Sprs.a(firestart0000_RL.o)
                0x080845f0                firestart0000_Char_RL
 .rodata        0x08084798      0x1b4 ../data/Sprites/SpongeBob//libSpongeBob_Sprs.a(firestart0001_RL.o)
                0x08084798                firestart0001_Char_RL
 .rodata        0x0808494c      0x1b8 ../data/Sprites/SpongeBob//libSpongeBob_Sprs.a(firestart0002_RL.o)
                0x0808494c                firestart0002_Char_RL
 .rodata        0x08084b04      0x1cc ../data/Sprites/SpongeBob//libSpongeBob_Sprs.a(firestart0003_RL.o)
                0x08084b04                firestart0003_Char_RL
 .rodata        0x08084cd0       0xe8 ../data/Sprites/SpongeBob//libSpongeBob_Sprs.a(getup0001_RL.o)
                0x08084cd0                getup0001_Char_RL
 .rodata        0x08084db8      0x1a0 ../data/Sprites/SpongeBob//libSpongeBob_Sprs.a(getup0003_RL.o)
                0x08084db8                getup0003_Char_RL
 .rodata        0x08084f58      0x190 ../data/Sprites/SpongeBob//libSpongeBob_Sprs.a(getup0005_RL.o)
                0x08084f58                getup0005_Char_RL
 .rodata        0x080850e8      0x1b4 ../data/Sprites/SpongeBob//libSpongeBob_Sprs.a(getup0007_RL.o)
                0x080850e8                getup0007_Char_RL
 .rodata        0x0808529c      0x140 ../data/Sprites/SpongeBob//libSpongeBob_Sprs.a(getuprun0001_RL.o)
                0x0808529c                getuprun0001_Char_RL
 .rodata        0x080853dc      0x180 ../data/Sprites/SpongeBob//libSpongeBob_Sprs.a(getuprun0003_RL.o)
                0x080853dc                getuprun0003_Char_RL
 .rodata        0x0808555c      0x180 ../data/Sprites/SpongeBob//libSpongeBob_Sprs.a(getuprun0005_RL.o)
                0x0808555c                getuprun0005_Char_RL
 .rodata        0x080856dc      0x180 ../data/Sprites/SpongeBob//libSpongeBob_Sprs.a(getuprun0007_RL.o)
                0x080856dc                getuprun0007_Char_RL
 .rodata        0x0808585c       0xd4 ../data/Sprites/SpongeBob//libSpongeBob_Sprs.a(hitground0001_RL.o)
                0x0808585c                hitground0001_Char_RL
 .rodata        0x08085930       0xbc ../data/Sprites/SpongeBob//libSpongeBob_Sprs.a(hitground0003_RL.o)
                0x08085930                hitground0003_Char_RL
 .rodata        0x080859ec       0xcc ../data/Sprites/SpongeBob//libSpongeBob_Sprs.a(hitground0005_RL.o)
                0x080859ec                hitground0005_Char_RL
 .rodata        0x08085ab8       0xc8 ../data/Sprites/SpongeBob//libSpongeBob_Sprs.a(hitground0007_RL.o)
                0x08085ab8                hitground0007_Char_RL
 .rodata        0x08085b80       0xb8 ../data/Sprites/SpongeBob//libSpongeBob_Sprs.a(hover0001_RL.o)
                0x08085b80                hover0001_Char_RL
 .rodata        0x08085c38       0xc4 ../data/Sprites/SpongeBob//libSpongeBob_Sprs.a(hover0003_RL.o)
                0x08085c38                hover0003_Char_RL
 .rodata        0x08085cfc       0xc8 ../data/Sprites/SpongeBob//libSpongeBob_Sprs.a(hover0005_RL.o)
                0x08085cfc                hover0005_Char_RL
 .rodata        0x08085dc4       0xc8 ../data/Sprites/SpongeBob//libSpongeBob_Sprs.a(hover0007_RL.o)
                0x08085dc4                hover0007_Char_RL
 .rodata        0x08085e8c      0x1b8 ../data/Sprites/SpongeBob//libSpongeBob_Sprs.a(hoverend0000_RL.o)
                0x08085e8c                hoverend0000_Char_RL
 .rodata        0x08086044      0x17c ../data/Sprites/SpongeBob//libSpongeBob_Sprs.a(hoverend0001_RL.o)
                0x08086044                hoverend0001_Char_RL
 .rodata        0x080861c0      0x194 ../data/Sprites/SpongeBob//libSpongeBob_Sprs.a(hoverstart0000_RL.o)
                0x080861c0                hoverstart0000_Char_RL
 .rodata        0x08086354      0x19c ../data/Sprites/SpongeBob//libSpongeBob_Sprs.a(hoverstart0001_RL.o)
                0x08086354                hoverstart0001_Char_RL
 .rodata        0x080864f0       0x5c ../data/Sprites/SpongeBob//libSpongeBob_Sprs.a(idlebouncehead0001_RL.o)
                0x080864f0                idlebouncehead0001_Char_RL
 .rodata        0x0808654c       0x88 ../data/Sprites/SpongeBob//libSpongeBob_Sprs.a(idlebouncehead0003_RL.o)
                0x0808654c                idlebouncehead0003_Char_RL
 .rodata        0x080865d4       0x84 ../data/Sprites/SpongeBob//libSpongeBob_Sprs.a(idlebouncehead0005_RL.o)
                0x080865d4                idlebouncehead0005_Char_RL
 .rodata        0x08086658       0x48 ../data/Sprites/SpongeBob//libSpongeBob_Sprs.a(idlebouncehead0007_RL.o)
                0x08086658                idlebouncehead0007_Char_RL
 .rodata        0x080866a0       0x1c ../data/Sprites/SpongeBob//libSpongeBob_Sprs.a(idlebouncehead0009_RL.o)
                0x080866a0                idlebouncehead0009_Char_RL
 .rodata        0x080866bc       0x34 ../data/Sprites/SpongeBob//libSpongeBob_Sprs.a(idlebouncehead0011_RL.o)
                0x080866bc                idlebouncehead0011_Char_RL
 .rodata        0x080866f0       0x40 ../data/Sprites/SpongeBob//libSpongeBob_Sprs.a(idlebouncehead0013_RL.o)
                0x080866f0                idlebouncehead0013_Char_RL
 .rodata        0x08086730       0x40 ../data/Sprites/SpongeBob//libSpongeBob_Sprs.a(idlebouncehead0015_RL.o)
                0x08086730                idlebouncehead0015_Char_RL
 .rodata        0x08086770       0x14 ../data/Sprites/SpongeBob//libSpongeBob_Sprs.a(idlebounceheadend0001_RL.o)
                0x08086770                idlebounceheadend0001_Char_RL
 .rodata        0x08086784       0x78 ../data/Sprites/SpongeBob//libSpongeBob_Sprs.a(idlebounceheadend0003_RL.o)
                0x08086784                idlebounceheadend0003_Char_RL
 .rodata        0x080867fc       0xb0 ../data/Sprites/SpongeBob//libSpongeBob_Sprs.a(idlebounceheadend0005_RL.o)
                0x080867fc                idlebounceheadend0005_Char_RL
 .rodata        0x080868ac       0x80 ../data/Sprites/SpongeBob//libSpongeBob_Sprs.a(idlebounceheadend0007_RL.o)
                0x080868ac                idlebounceheadend0007_Char_RL
 .rodata        0x0808692c      0x1d0 ../data/Sprites/SpongeBob//libSpongeBob_Sprs.a(idlebounceheadstart0001_RL.o)
                0x0808692c                idlebounceheadstart0001_Char_RL
 .rodata        0x08086afc      0x1ac ../data/Sprites/SpongeBob//libSpongeBob_Sprs.a(idlebounceheadstart0003_RL.o)
                0x08086afc                idlebounceheadstart0003_Char_RL
 .rodata        0x08086ca8      0x18c ../data/Sprites/SpongeBob//libSpongeBob_Sprs.a(idlebounceheadstart0005_RL.o)
                0x08086ca8                idlebounceheadstart0005_Char_RL
 .rodata        0x08086e34      0x170 ../data/Sprites/SpongeBob//libSpongeBob_Sprs.a(idlebounceheadstart0007_RL.o)
                0x08086e34                idlebounceheadstart0007_Char_RL
 .rodata        0x08086fa4      0x1b4 ../data/Sprites/SpongeBob//libSpongeBob_Sprs.a(idlebreathe0000_RL.o)
                0x08086fa4                idlebreathe0000_Char_RL
 .rodata        0x08087158      0x1c8 ../data/Sprites/SpongeBob//libSpongeBob_Sprs.a(idlebreathe0001_RL.o)
                0x08087158                idlebreathe0001_Char_RL
 .rodata        0x08087320      0x1cc ../data/Sprites/SpongeBob//libSpongeBob_Sprs.a(idlebreathe0002_RL.o)
                0x08087320                idlebreathe0002_Char_RL
 .rodata        0x080874ec      0x1bc ../data/Sprites/SpongeBob//libSpongeBob_Sprs.a(idlebreathe0003_RL.o)
                0x080874ec                idlebreathe0003_Char_RL
 .rodata        0x080876a8       0xf4 ../data/Sprites/SpongeBob//libSpongeBob_Sprs.a(idlefaces0001_RL.o)
                0x080876a8                idlefaces0001_Char_RL
 .rodata        0x0808779c       0xf8 ../data/Sprites/SpongeBob//libSpongeBob_Sprs.a(idlefaces0003_RL.o)
                0x0808779c                idlefaces0003_Char_RL
 .rodata        0x08087894      0x1cc ../data/Sprites/SpongeBob//libSpongeBob_Sprs.a(idlefaces0005_RL.o)
                0x08087894                idlefaces0005_Char_RL
 .rodata        0x08087a60      0x188 ../data/Sprites/SpongeBob//libSpongeBob_Sprs.a(idlefaces0007_RL.o)
                0x08087a60                idlefaces0007_Char_RL
 .rodata        0x08087be8      0x140 ../data/Sprites/SpongeBob//libSpongeBob_Sprs.a(idlefacesend0001_RL.o)
                0x08087be8                idlefacesend0001_Char_RL
 .rodata        0x08087d28      0x18c ../data/Sprites/SpongeBob//libSpongeBob_Sprs.a(idlefacesend0003_RL.o)
                0x08087d28                idlefacesend0003_Char_RL
 .rodata        0x08087eb4      0x1cc ../data/Sprites/SpongeBob//libSpongeBob_Sprs.a(idlefacesend0005_RL.o)
                0x08087eb4                idlefacesend0005_Char_RL
 .rodata        0x08088080      0x1b4 ../data/Sprites/SpongeBob//libSpongeBob_Sprs.a(idlefacesend0007_RL.o)
                0x08088080                idlefacesend0007_Char_RL
 .rodata        0x08088234      0x1b4 ../data/Sprites/SpongeBob//libSpongeBob_Sprs.a(idlefacesstart0000_RL.o)
                0x08088234                idlefacesstart0000_Char_RL
 .rodata        0x080883e8      0x1b4 ../data/Sprites/SpongeBob//libSpongeBob_Sprs.a(idlefacesstart0001_RL.o)
                0x080883e8                idlefacesstart0001_Char_RL
 .rodata        0x0808859c      0x16c ../data/Sprites/SpongeBob//libSpongeBob_Sprs.a(idlehoola0001_RL.o)
                0x0808859c                idlehoola0001_Char_RL
 .rodata        0x08088708      0x160 ../data/Sprites/SpongeBob//libSpongeBob_Sprs.a(idlehoola0003_RL.o)
                0x08088708                idlehoola0003_Char_RL
 .rodata        0x08088868      0x164 ../data/Sprites/SpongeBob//libSpongeBob_Sprs.a(idlehoola0005_RL.o)
                0x08088868                idlehoola0005_Char_RL
 .rodata        0x080889cc      0x160 ../data/Sprites/SpongeBob//libSpongeBob_Sprs.a(idlehoola0007_RL.o)
                0x080889cc                idlehoola0007_Char_RL
 .rodata        0x08088b2c      0x164 ../data/Sprites/SpongeBob//libSpongeBob_Sprs.a(idlehoola0009_RL.o)
                0x08088b2c                idlehoola0009_Char_RL
 .rodata        0x08088c90      0x170 ../data/Sprites/SpongeBob//libSpongeBob_Sprs.a(idlehoola0011_RL.o)
                0x08088c90                idlehoola0011_Char_RL
 .rodata        0x08088e00      0x17c ../data/Sprites/SpongeBob//libSpongeBob_Sprs.a(idlehoola0013_RL.o)
                0x08088e00                idlehoola0013_Char_RL
 .rodata        0x08088f7c      0x170 ../data/Sprites/SpongeBob//libSpongeBob_Sprs.a(idlehoola0015_RL.o)
                0x08088f7c                idlehoola0015_Char_RL
 .rodata        0x080890ec      0x1b4 ../data/Sprites/SpongeBob//libSpongeBob_Sprs.a(idlekarate0001_RL.o)
                0x080890ec                idlekarate0001_Char_RL
 .rodata        0x080892a0      0x138 ../data/Sprites/SpongeBob//libSpongeBob_Sprs.a(idlekarate0003_RL.o)
                0x080892a0                idlekarate0003_Char_RL
 .rodata        0x080893d8      0x138 ../data/Sprites/SpongeBob//libSpongeBob_Sprs.a(idlekarate0005_RL.o)
                0x080893d8                idlekarate0005_Char_RL
 .rodata        0x08089510      0x180 ../data/Sprites/SpongeBob//libSpongeBob_Sprs.a(idlekarate0007_RL.o)
                0x08089510                idlekarate0007_Char_RL
 .rodata        0x08089690      0x140 ../data/Sprites/SpongeBob//libSpongeBob_Sprs.a(idlekarate0009_RL.o)
                0x08089690                idlekarate0009_Char_RL
 .rodata        0x080897d0      0x130 ../data/Sprites/SpongeBob//libSpongeBob_Sprs.a(idlekarate0011_RL.o)
                0x080897d0                idlekarate0011_Char_RL
 .rodata        0x08089900      0x12c ../data/Sprites/SpongeBob//libSpongeBob_Sprs.a(idlekarate0013_RL.o)
                0x08089900                idlekarate0013_Char_RL
 .rodata        0x08089a2c      0x1c8 ../data/Sprites/SpongeBob//libSpongeBob_Sprs.a(idlekarate0015_RL.o)
                0x08089a2c                idlekarate0015_Char_RL
 .rodata        0x08089bf4      0x138 ../data/Sprites/SpongeBob//libSpongeBob_Sprs.a(idlesleep0001_RL.o)
                0x08089bf4                idlesleep0001_Char_RL
 .rodata        0x08089d2c      0x12c ../data/Sprites/SpongeBob//libSpongeBob_Sprs.a(idlesleep0003_RL.o)
                0x08089d2c                idlesleep0003_Char_RL
 .rodata        0x08089e58      0x134 ../data/Sprites/SpongeBob//libSpongeBob_Sprs.a(idlesleep0005_RL.o)
                0x08089e58                idlesleep0005_Char_RL
 .rodata        0x08089f8c      0x150 ../data/Sprites/SpongeBob//libSpongeBob_Sprs.a(idlesleep0007_RL.o)
                0x08089f8c                idlesleep0007_Char_RL
 .rodata        0x0808a0dc      0x1ac ../data/Sprites/SpongeBob//libSpongeBob_Sprs.a(idlesleepend0001_RL.o)
                0x0808a0dc                idlesleepend0001_Char_RL
 .rodata        0x0808a288      0x190 ../data/Sprites/SpongeBob//libSpongeBob_Sprs.a(idlesleepend0003_RL.o)
                0x0808a288                idlesleepend0003_Char_RL
 .rodata        0x0808a418      0x1e8 ../data/Sprites/SpongeBob//libSpongeBob_Sprs.a(idlesleepstart0001_RL.o)
                0x0808a418                idlesleepstart0001_Char_RL
 .rodata        0x0808a600      0x148 ../data/Sprites/SpongeBob//libSpongeBob_Sprs.a(idlesleepstart0003_RL.o)
                0x0808a600                idlesleepstart0003_Char_RL
 .rodata        0x0808a748      0x1d0 ../data/Sprites/SpongeBob//libSpongeBob_Sprs.a(idlesplitpants0001_RL.o)
                0x0808a748                idlesplitpants0001_Char_RL
 .rodata        0x0808a918      0x144 ../data/Sprites/SpongeBob//libSpongeBob_Sprs.a(idlesplitpants0003_RL.o)
                0x0808a918                idlesplitpants0003_Char_RL
 .rodata        0x0808aa5c       0xd0 ../data/Sprites/SpongeBob//libSpongeBob_Sprs.a(idlesplitpants0005_RL.o)
                0x0808aa5c                idlesplitpants0005_Char_RL
 .rodata        0x0808ab2c       0xc0 ../data/Sprites/SpongeBob//libSpongeBob_Sprs.a(idlesplitpants0007_RL.o)
                0x0808ab2c                idlesplitpants0007_Char_RL
 .rodata        0x0808abec       0xc0 ../data/Sprites/SpongeBob//libSpongeBob_Sprs.a(idlesplitpants0009_RL.o)
                0x0808abec                idlesplitpants0009_Char_RL
 .rodata        0x0808acac      0x1e4 ../data/Sprites/SpongeBob//libSpongeBob_Sprs.a(idlesplitpants0011_RL.o)
                0x0808acac                idlesplitpants0011_Char_RL
 .rodata        0x0808ae90      0x158 ../data/Sprites/SpongeBob//libSpongeBob_Sprs.a(idlesplitpants0013_RL.o)
                0x0808ae90                idlesplitpants0013_Char_RL
 .rodata        0x0808afe8      0x184 ../data/Sprites/SpongeBob//libSpongeBob_Sprs.a(idlesplitpants0015_RL.o)
                0x0808afe8                idlesplitpants0015_Char_RL
 .rodata        0x0808b16c      0x180 ../data/Sprites/SpongeBob//libSpongeBob_Sprs.a(idlesplitpants0017_RL.o)
                0x0808b16c                idlesplitpants0017_Char_RL
 .rodata        0x0808b2ec      0x184 ../data/Sprites/SpongeBob//libSpongeBob_Sprs.a(idlesplitpants0019_RL.o)
                0x0808b2ec                idlesplitpants0019_Char_RL
 .rodata        0x0808b470      0x184 ../data/Sprites/SpongeBob//libSpongeBob_Sprs.a(idlesplitpants0021_RL.o)
                0x0808b470                idlesplitpants0021_Char_RL
 .rodata        0x0808b5f4      0x180 ../data/Sprites/SpongeBob//libSpongeBob_Sprs.a(idlesplitpants0023_RL.o)
                0x0808b5f4                idlesplitpants0023_Char_RL
 .rodata        0x0808b774      0x1b8 ../data/Sprites/SpongeBob//libSpongeBob_Sprs.a(idleweapon0001_RL.o)
                0x0808b774                idleweapon0001_Char_RL
 .rodata        0x0808b92c      0x1a0 ../data/Sprites/SpongeBob//libSpongeBob_Sprs.a(idleweapon0003_RL.o)
                0x0808b92c                idleweapon0003_Char_RL
 .rodata        0x0808bacc      0x1ac ../data/Sprites/SpongeBob//libSpongeBob_Sprs.a(idleweapon0005_RL.o)
                0x0808bacc                idleweapon0005_Char_RL
 .rodata        0x0808bc78      0x1b0 ../data/Sprites/SpongeBob//libSpongeBob_Sprs.a(idleweapon0007_RL.o)
                0x0808bc78                idleweapon0007_Char_RL
 .rodata        0x0808be28      0x1a8 ../data/Sprites/SpongeBob//libSpongeBob_Sprs.a(idleweapon0009_RL.o)
                0x0808be28                idleweapon0009_Char_RL
 .rodata        0x0808bfd0      0x1b0 ../data/Sprites/SpongeBob//libSpongeBob_Sprs.a(idleweapon0011_RL.o)
                0x0808bfd0                idleweapon0011_Char_RL
 .rodata        0x0808c180      0x1b8 ../data/Sprites/SpongeBob//libSpongeBob_Sprs.a(idleweapon0013_RL.o)
                0x0808c180                idleweapon0013_Char_RL
 .rodata        0x0808c338      0x1ac ../data/Sprites/SpongeBob//libSpongeBob_Sprs.a(idleweapon0015_RL.o)
                0x0808c338                idleweapon0015_Char_RL
 .rodata        0x0808c4e4      0x178 ../data/Sprites/SpongeBob//libSpongeBob_Sprs.a(idlewigglearms0001_RL.o)
                0x0808c4e4                idlewigglearms0001_Char_RL
 .rodata        0x0808c65c      0x17c ../data/Sprites/SpongeBob//libSpongeBob_Sprs.a(idlewigglearms0003_RL.o)
                0x0808c65c                idlewigglearms0003_Char_RL
 .rodata        0x0808c7d8      0x178 ../data/Sprites/SpongeBob//libSpongeBob_Sprs.a(idlewigglearms0005_RL.o)
                0x0808c7d8                idlewigglearms0005_Char_RL
 .rodata        0x0808c950      0x178 ../data/Sprites/SpongeBob//libSpongeBob_Sprs.a(idlewigglearms0007_RL.o)
                0x0808c950                idlewigglearms0007_Char_RL
 .rodata        0x0808cac8      0x17c ../data/Sprites/SpongeBob//libSpongeBob_Sprs.a(idlewigglearms0009_RL.o)
                0x0808cac8                idlewigglearms0009_Char_RL
 .rodata        0x0808cc44      0x17c ../data/Sprites/SpongeBob//libSpongeBob_Sprs.a(idlewigglearms0011_RL.o)
                0x0808cc44                idlewigglearms0011_Char_RL
 .rodata        0x0808cdc0      0x180 ../data/Sprites/SpongeBob//libSpongeBob_Sprs.a(idlewigglearms0013_RL.o)
                0x0808cdc0                idlewigglearms0013_Char_RL
 .rodata        0x0808cf40      0x178 ../data/Sprites/SpongeBob//libSpongeBob_Sprs.a(idlewigglearms0015_RL.o)
                0x0808cf40                idlewigglearms0015_Char_RL
 .rodata        0x0808d0b8      0x1e8 ../data/Sprites/SpongeBob//libSpongeBob_Sprs.a(idlewind0001_RL.o)
                0x0808d0b8                idlewind0001_Char_RL
 .rodata        0x0808d2a0      0x1e8 ../data/Sprites/SpongeBob//libSpongeBob_Sprs.a(idlewind0003_RL.o)
                0x0808d2a0                idlewind0003_Char_RL
 .rodata        0x0808d488      0x18c ../data/Sprites/SpongeBob//libSpongeBob_Sprs.a(idlewind0005_RL.o)
                0x0808d488                idlewind0005_Char_RL
 .rodata        0x0808d614      0x180 ../data/Sprites/SpongeBob//libSpongeBob_Sprs.a(idlewind0007_RL.o)
                0x0808d614                idlewind0007_Char_RL
 .rodata        0x0808d794      0x188 ../data/Sprites/SpongeBob//libSpongeBob_Sprs.a(idlewind0009_RL.o)
                0x0808d794                idlewind0009_Char_RL
 .rodata        0x0808d91c      0x178 ../data/Sprites/SpongeBob//libSpongeBob_Sprs.a(idlewind0011_RL.o)
                0x0808d91c                idlewind0011_Char_RL
 .rodata        0x0808da94      0x1a4 ../data/Sprites/SpongeBob//libSpongeBob_Sprs.a(idlewind0013_RL.o)
                0x0808da94                idlewind0013_Char_RL
 .rodata        0x0808dc38      0x19c ../data/Sprites/SpongeBob//libSpongeBob_Sprs.a(idlewind0015_RL.o)
                0x0808dc38                idlewind0015_Char_RL
 .rodata        0x0808ddd4      0x1ac ../data/Sprites/SpongeBob//libSpongeBob_Sprs.a(jumpend0001_RL.o)
                0x0808ddd4                jumpend0001_Char_RL
 .rodata        0x0808df80      0x1b4 ../data/Sprites/SpongeBob//libSpongeBob_Sprs.a(jumpend0003_RL.o)
                0x0808df80                jumpend0003_Char_RL
 .rodata        0x0808e134      0x1bc ../data/Sprites/SpongeBob//libSpongeBob_Sprs.a(karate0001_RL.o)
                0x0808e134                karate0001_Char_RL
 .rodata        0x0808e2f0      0x18c ../data/Sprites/SpongeBob//libSpongeBob_Sprs.a(karate0003_RL.o)
                0x0808e2f0                karate0003_Char_RL
 .rodata        0x0808e47c      0x16c ../data/Sprites/SpongeBob//libSpongeBob_Sprs.a(karate0005_RL.o)
                0x0808e47c                karate0005_Char_RL
 .rodata        0x0808e5e8      0x19c ../data/Sprites/SpongeBob//libSpongeBob_Sprs.a(karate0007_RL.o)
                0x0808e5e8                karate0007_Char_RL
 .rodata        0x0808e784      0x1ac ../data/Sprites/SpongeBob//libSpongeBob_Sprs.a(karate0009_RL.o)
                0x0808e784                karate0009_Char_RL
 .rodata        0x0808e930      0x178 ../data/Sprites/SpongeBob//libSpongeBob_Sprs.a(karate0011_RL.o)
                0x0808e930                karate0011_Char_RL
 .rodata        0x0808eaa8      0x1b4 ../data/Sprites/SpongeBob//libSpongeBob_Sprs.a(karate0013_RL.o)
                0x0808eaa8                karate0013_Char_RL
 .rodata        0x0808ec5c      0x1b4 ../data/Sprites/SpongeBob//libSpongeBob_Sprs.a(karate0015_RL.o)
                0x0808ec5c                karate0015_Char_RL
 .rodata        0x0808ee10      0x1b8 ../data/Sprites/SpongeBob//libSpongeBob_Sprs.a(netfirelob0001_RL.o)
                0x0808ee10                netfirelob0001_Char_RL
 .rodata        0x0808efc8      0x1bc ../data/Sprites/SpongeBob//libSpongeBob_Sprs.a(netfirelob0003_RL.o)
                0x0808efc8                netfirelob0003_Char_RL
 .rodata        0x0808f184      0x1a0 ../data/Sprites/SpongeBob//libSpongeBob_Sprs.a(netfirelob0005_RL.o)
                0x0808f184                netfirelob0005_Char_RL
 .rodata        0x0808f324      0x160 ../data/Sprites/SpongeBob//libSpongeBob_Sprs.a(netfirelob0007_RL.o)
                0x0808f324                netfirelob0007_Char_RL
 .rodata        0x0808f484      0x158 ../data/Sprites/SpongeBob//libSpongeBob_Sprs.a(netfirelob0009_RL.o)
                0x0808f484                netfirelob0009_Char_RL
 .rodata        0x0808f5dc      0x108 ../data/Sprites/SpongeBob//libSpongeBob_Sprs.a(netfirelob0011_RL.o)
                0x0808f5dc                netfirelob0011_Char_RL
 .rodata        0x0808f6e4       0xf8 ../data/Sprites/SpongeBob//libSpongeBob_Sprs.a(netfirelob0013_RL.o)
                0x0808f6e4                netfirelob0013_Char_RL
 .rodata        0x0808f7dc      0x10c ../data/Sprites/SpongeBob//libSpongeBob_Sprs.a(netfirelob0015_RL.o)
                0x0808f7dc                netfirelob0015_Char_RL
 .rodata        0x0808f8e8      0x1a8 ../data/Sprites/SpongeBob//libSpongeBob_Sprs.a(netswipe0001_RL.o)
                0x0808f8e8                netswipe0001_Char_RL
 .rodata        0x0808fa90      0x1b0 ../data/Sprites/SpongeBob//libSpongeBob_Sprs.a(netswipe0003_RL.o)
                0x0808fa90                netswipe0003_Char_RL
 .rodata        0x0808fc40      0x1e4 ../data/Sprites/SpongeBob//libSpongeBob_Sprs.a(netswipe0005_RL.o)
                0x0808fc40                netswipe0005_Char_RL
 .rodata        0x0808fe24      0x1e4 ../data/Sprites/SpongeBob//libSpongeBob_Sprs.a(netswipe0007_RL.o)
                0x0808fe24                netswipe0007_Char_RL
 .rodata        0x08090008      0x1e8 ../data/Sprites/SpongeBob//libSpongeBob_Sprs.a(netswipe0009_RL.o)
                0x08090008                netswipe0009_Char_RL
 .rodata        0x080901f0      0x1e4 ../data/Sprites/SpongeBob//libSpongeBob_Sprs.a(netswipe0011_RL.o)
                0x080901f0                netswipe0011_Char_RL
 .rodata        0x080903d4      0x1ec ../data/Sprites/SpongeBob//libSpongeBob_Sprs.a(netswipe0013_RL.o)
                0x080903d4                netswipe0013_Char_RL
 .rodata        0x080905c0      0x1a8 ../data/Sprites/SpongeBob//libSpongeBob_Sprs.a(netswipe0015_RL.o)
                0x080905c0                netswipe0015_Char_RL
 .rodata        0x08090768      0x188 ../data/Sprites/SpongeBob//libSpongeBob_Sprs.a(run0000_RL.o)
                0x08090768                run0000_Char_RL
 .rodata        0x080908f0      0x19c ../data/Sprites/SpongeBob//libSpongeBob_Sprs.a(run0001_RL.o)
                0x080908f0                run0001_Char_RL
 .rodata        0x08090a8c      0x1a4 ../data/Sprites/SpongeBob//libSpongeBob_Sprs.a(run0002_RL.o)
                0x08090a8c                run0002_Char_RL
 .rodata        0x08090c30      0x1a4 ../data/Sprites/SpongeBob//libSpongeBob_Sprs.a(run0003_RL.o)
                0x08090c30                run0003_Char_RL
 .rodata        0x08090dd4      0x194 ../data/Sprites/SpongeBob//libSpongeBob_Sprs.a(run0004_RL.o)
                0x08090dd4                run0004_Char_RL
 .rodata        0x08090f68      0x1c0 ../data/Sprites/SpongeBob//libSpongeBob_Sprs.a(run0005_RL.o)
                0x08090f68                run0005_Char_RL
 .rodata        0x08091128      0x1d0 ../data/Sprites/SpongeBob//libSpongeBob_Sprs.a(run0006_RL.o)
                0x08091128                run0006_Char_RL
 .rodata        0x080912f8      0x1d4 ../data/Sprites/SpongeBob//libSpongeBob_Sprs.a(run0007_RL.o)
                0x080912f8                run0007_Char_RL
 .rodata        0x080914cc      0x1c4 ../data/Sprites/SpongeBob//libSpongeBob_Sprs.a(run0008_RL.o)
                0x080914cc                run0008_Char_RL
 .rodata        0x08091690      0x1c8 ../data/Sprites/SpongeBob//libSpongeBob_Sprs.a(run0009_RL.o)
                0x08091690                run0009_Char_RL
 .rodata        0x08091858      0x1c4 ../data/Sprites/SpongeBob//libSpongeBob_Sprs.a(run0010_RL.o)
                0x08091858                run0010_Char_RL
 .rodata        0x08091a1c      0x1a4 ../data/Sprites/SpongeBob//libSpongeBob_Sprs.a(run0011_RL.o)
                0x08091a1c                run0011_Char_RL
 .rodata        0x08091bc0      0x190 ../data/Sprites/SpongeBob//libSpongeBob_Sprs.a(run0012_RL.o)
                0x08091bc0                run0012_Char_RL
 .rodata        0x08091d50      0x190 ../data/Sprites/SpongeBob//libSpongeBob_Sprs.a(run0013_RL.o)
                0x08091d50                run0013_Char_RL
 .rodata        0x08091ee0      0x198 ../data/Sprites/SpongeBob//libSpongeBob_Sprs.a(run0014_RL.o)
                0x08091ee0                run0014_Char_RL
 .rodata        0x08092078      0x188 ../data/Sprites/SpongeBob//libSpongeBob_Sprs.a(run0015_RL.o)
                0x08092078                run0015_Char_RL
 .rodata        0x08092200      0x1ac ../data/Sprites/SpongeBob//libSpongeBob_Sprs.a(soakup0001_RL.o)
                0x08092200                soakup0001_Char_RL
 .rodata        0x080923ac      0x1a4 ../data/Sprites/SpongeBob//libSpongeBob_Sprs.a(soakup0003_RL.o)
                0x080923ac                soakup0003_Char_RL
 .rodata        0x08092550      0x148 ../data/Sprites/SpongeBob//libSpongeBob_Sprs.a(soakup0005_RL.o)
                0x08092550                soakup0005_Char_RL
 .rodata        0x08092698       0xd4 ../data/Sprites/SpongeBob//libSpongeBob_Sprs.a(soakup0007_RL.o)
                0x08092698                soakup0007_Char_RL
 .rodata        0x0809276c      0x1c4 ../data/Sprites/SpongeBob//libSpongeBob_Sprs.a(teeterfront0001_RL.o)
                0x0809276c                teeterfront0001_Char_RL
 .rodata        0x08092930      0x1a0 ../data/Sprites/SpongeBob//libSpongeBob_Sprs.a(teeterfront0003_RL.o)
                0x08092930                teeterfront0003_Char_RL
 .rodata        0x08092ad0      0x19c ../data/Sprites/SpongeBob//libSpongeBob_Sprs.a(teeterfront0005_RL.o)
                0x08092ad0                teeterfront0005_Char_RL
 .rodata        0x08092c6c      0x1a0 ../data/Sprites/SpongeBob//libSpongeBob_Sprs.a(teeterfront0007_RL.o)
                0x08092c6c                teeterfront0007_Char_RL
 .rodata        0x08092e0c      0x1a4 ../data/Sprites/SpongeBob//libSpongeBob_Sprs.a(teeterfront0009_RL.o)
                0x08092e0c                teeterfront0009_Char_RL
 .rodata        0x08092fb0      0x19c ../data/Sprites/SpongeBob//libSpongeBob_Sprs.a(teeterfront0011_RL.o)
                0x08092fb0                teeterfront0011_Char_RL
 .rodata        0x0809314c      0x1c0 ../data/Sprites/SpongeBob//libSpongeBob_Sprs.a(teeterfront0013_RL.o)
                0x0809314c                teeterfront0013_Char_RL
 .rodata        0x0809330c      0x1ac ../data/Sprites/SpongeBob//libSpongeBob_Sprs.a(teeterfront0015_RL.o)
                0x0809330c                teeterfront0015_Char_RL
 .rodata        0x080934b8      0x190 ../data/Sprites/SpongeBob//libSpongeBob_Sprs.a(walkforward0001_RL.o)
                0x080934b8                walkforward0001_Char_RL
 .rodata        0x08093648      0x18c ../data/Sprites/SpongeBob//libSpongeBob_Sprs.a(walkforward0003_RL.o)
                0x08093648                walkforward0003_Char_RL
 .rodata        0x080937d4      0x194 ../data/Sprites/SpongeBob//libSpongeBob_Sprs.a(walkforward0005_RL.o)
                0x080937d4                walkforward0005_Char_RL
 .rodata        0x08093968      0x19c ../data/Sprites/SpongeBob//libSpongeBob_Sprs.a(walkforward0007_RL.o)
                0x08093968                walkforward0007_Char_RL
 .rodata        0x08093b04      0x18c ../data/Sprites/SpongeBob//libSpongeBob_Sprs.a(walkforward0009_RL.o)
                0x08093b04                walkforward0009_Char_RL
 .rodata        0x08093c90      0x190 ../data/Sprites/SpongeBob//libSpongeBob_Sprs.a(walkforward0011_RL.o)
                0x08093c90                walkforward0011_Char_RL
 .rodata        0x08093e20      0x198 ../data/Sprites/SpongeBob//libSpongeBob_Sprs.a(walkforward0013_RL.o)
                0x08093e20                walkforward0013_Char_RL
 .rodata        0x08093fb8      0x190 ../data/Sprites/SpongeBob//libSpongeBob_Sprs.a(walkforward0015_RL.o)
                0x08093fb8                walkforward0015_Char_RL
 .rodata        0x08094148      0x400 ../data/Sprites/NPC//libNPC_Sprs.a(patrick0001.o)
                0x08094148                patrick0001_Char
 .rodata        0x08094548      0x200 ../data/Sprites/Platforms//libPlatforms_Sprs.a(platform0001.o)
                0x08094548                platform0001_Char
 .rodata        0x08094748      0x400 ../data/Sprites/Monsters//libMonsters_Sprs.a(clamsidesnap0001.o)
                0x08094748                clamsidesnap0001_Char
 .rodata        0x08094b48      0x400 ../data/Sprites/Monsters//libMonsters_Sprs.a(clamsidesnap0003.o)
                0x08094b48                clamsidesnap0003_Char
 .rodata        0x08094f48      0x400 ../data/Sprites/Monsters//libMonsters_Sprs.a(clamsidesnap0005.o)
                0x08094f48                clamsidesnap0005_Char
 .rodata        0x08095348      0x400 ../data/Sprites/Monsters//libMonsters_Sprs.a(clamsidesnap0007.o)
                0x08095348                clamsidesnap0007_Char
 .rodata        0x08095748      0x400 ../data/Sprites/Monsters//libMonsters_Sprs.a(clamsnapup0001.o)
                0x08095748                clamsnapup0001_Char
 .rodata        0x08095b48      0x400 ../data/Sprites/Monsters//libMonsters_Sprs.a(clamsnapup0003.o)
                0x08095b48                clamsnapup0003_Char
 .rodata        0x08095f48      0x400 ../data/Sprites/Monsters//libMonsters_Sprs.a(clamsnapup0005.o)
                0x08095f48                clamsnapup0005_Char
 *(.rodata.*)
 *(.gnu.linkonce.r*)

.rodata1
 *(.rodata1)
                0x08096448                .=(ALIGN(0x100)+(.&0xff))

.data           0x08096448   0x3d82f0
 *(.data)
 .data          0x08096448      0x7b0 SprEng_Animate.o
                0x080968f0                SB_TeeterFront_Anim
                0x08096604                SB_Hover_Anim
                0x080967d8                SB_IdleWiggleArms_Anim
                0x08096578                SB_FaceBack_Anim
                0x0809656c                SB_ElectricShockStart_Anim
                0x080965c8                SB_GetUp_Anim
                0x080965b4                SB_FireStart_Anim
                0x08096780                SB_IdleSplitPants_Anim
                0x08096688                SB_IdleBounceHeadStart_Anim
                0x0809682c                SB_Karate_Anim
                0x08096874                SB_NetSwipe_Anim
                0x080964dc                SB_DeathSpin_Anim
                0x080967b4                SB_IdleWeapon_Anim
                0x08096820                SB_JumpEnd_Anim
                0x08096500                SB_DeathSquash_Anim
                0x08096618                SB_HoverEnd_Anim
                0x0809698c                Clam_SidesSnap_Anim
                0x08096950                SB_LookUp_Anim
                0x08096598                SB_Fall_Anim
                0x080966b0                SB_IdleFaces_Anim
                0x080967fc                SB_IdleWind_Anim
                0x0809697c                Platform1_Temp_Anim
                0x080968dc                SB_SoakUp_Anim
                0x08096720                SB_IdleKarate_Anim
                0x080965dc                SB_GetUpRun_Anim
                0x080966fc                SB_IdleHoola_Anim
                0x0809645c                SB_ButtBounceStart_Anim
                0x08096630                SB_IdleBounceHead_Anim
                0x080966dc                SB_IdleFacesEnd_Anim
                0x08096538                SB_DeathTarStart_Anim
                0x080966f0                SB_IdleFacesStart_Anim
                0x08096960                SB_LookDown_Anim
                0x08096494                SB_DeathDry_Anim
                0x08096940                SB_Jump_Anim
                0x0809658c                SB_FaceFront_Anim
                0x08096914                SB_WalkForward_Anim
                0x08096984                Clam_Wait_Anim
                0x08096674                SB_IdleBounceHeadEnd_Anim
                0x08096850                SB_NetFireLob_Anim
                0x080964b8                SB_DeathForwards_Anim
                0x08096560                SB_ElectricShockEnd_Anim
                0x08096898                SB_Run_Anim
                0x08096774                SB_IdleSleepStart_Anim
                0x08096624                SB_HoverStart_Anim
                0x08096448                SB_ButtBounceEnd_Anim
                0x080965f0                SB_HitGround_Anim
                0x08096938                SB_Stand_Anim
                0x08096a3c                Anim_List
                0x08096524                SB_DeathTar_Anim
                0x0809669c                SB_IdleBreathe_Anim
                0x0809654c                SB_ElectricShock_Anim
                0x08096470                SB_DeathBackwards_Anim
                0x080965a8                SB_FireEnd_Anim
                0x08096974                Patrick_Temp_Anim
                0x08096768                SB_IdleSleepEnd_Anim
                0x080969f0                Clam_SnapUp_Anim
                0x08096948                SB_JumpFall_Anim
                0x08096744                SB_IdleSleep_Anim
 .data          0x08096bf8      0x578 Text_Sys.o
                0x08096d80                SFXVOL
                0x08096c44                YES
                0x08096f48                PCT90
                0x08096f30                PCT85
                0x08096c48                NO
                0x080970f8                CHAP53
                0x08096fcc                CHAP14
                0x08097080                CHAP41
                0x08096f00                PCT75
                0x08096e28                PCT30
                0x08096c10                PRESSSTART
                0x08096d68                MUSICVOL
                0x08096cac                PASSWORD
                0x08097120                CHAP61
                0x0809701c                CHAP24
                0x08096d20                CONTA
                0x080970bc                CHAP44
                0x08097058                CHAP33
                0x08096ed0                PCT65
                0x0809706c                CHAP34
                0x08096f78                PCT100
                0x08096ff4                CHAP22
                0x08096d98                PCT0
                0x08097030                CHAP31
                0x08096c28                COPYRIGHT
                0x0809710c                CHAP54
                0x08096ee8                PCT70
                0x08096eb8                PCT60
                0x08096cd8                OPTION
                0x08096cc4                PASSWORD2
                0x08096f60                PCT95
                0x08096e88                PCT50
                0x08096d38                CONTB
                0x08096bf8                GAMENAME
                0x08096c7c                MENU
                0x08096f18                PCT80
                0x08096e70                PCT45
                0x08096de0                PCT15
                0x080970d0                CHAP51
                0x08096fa4                CHAP12
                0x08097044                CHAP32
                0x08097134                CHAP62
                0x08096c64                MUSICOFF
                0x08096e40                PCT35
                0x08096c40                OK
                0x08096e10                PCT25
                0x0809715c                CHAP64
                0x08096e58                PCT40
                0x08096dc8                PCT10
                0x08096df8                PCT20
                0x08096d08                CONTROLLER
                0x08096db0                PCT5
                0x08096c4c                MUSICON
                0x08096c94                NEWGAME
                0x080970e4                CHAP52
                0x08096fb8                CHAP13
                0x08096ea0                PCT55
                0x08097094                CHAP42
                0x08096d50                SOUND
                0x080970a8                CHAP43
                0x08096f90                CHAP11
                0x08096cf0                CREDITS
                0x08097148                CHAP63
                0x08097008                CHAP23
                0x08096fe0                CHAP21
 .data          0x08097170     0x490c ../data/Maps//libMaps.a(CHAPTER02_LEVEL0101.o)
                0x08097172                CHAPTER02_LEVEL0101_BACK_HEIGHT
                0x080989b8                CHAPTER02_LEVEL0101_ACTION_WIDTH
                0x0809aa3a                CHAPTER02_LEVEL0101_COLLISION_HEIGHT
                0x0809aa38                CHAPTER02_LEVEL0101_COLLISION_WIDTH
                0x080989bc                CHAPTER02_LEVEL0101_ACTION
                0x08097170                CHAPTER02_LEVEL0101_BACK_WIDTH
                0x08097976                CHAPTER02_LEVEL0101_MID_HEIGHT
                0x080989ba                CHAPTER02_LEVEL0101_ACTION_HEIGHT
                0x08097974                CHAPTER02_LEVEL0101_MID_WIDTH
                0x0809aa3c                CHAPTER02_LEVEL0101_COLLISION
                0x08097174                CHAPTER02_LEVEL0101_BACK
                0x08097978                CHAPTER02_LEVEL0101_MID
 .data          0x0809ba7c     0x85d4 ../data/Maps//libMaps.a(CHAPTER02_LEVEL0102.o)
                0x0809dddc                CHAPTER02_LEVEL0102_ACTION
                0x080a1f7e                CHAPTER02_LEVEL0102_COLLISION_HEIGHT
                0x080a1f7c                CHAPTER02_LEVEL0102_COLLISION_WIDTH
                0x080a1f80                CHAPTER02_LEVEL0102_COLLISION
                0x0809ba7c                CHAPTER02_LEVEL0102_BACK_WIDTH
                0x0809c280                CHAPTER02_LEVEL0102_MID_WIDTH
                0x0809ba80                CHAPTER02_LEVEL0102_BACK
                0x0809ddda                CHAPTER02_LEVEL0102_ACTION_HEIGHT
                0x0809c284                CHAPTER02_LEVEL0102_MID
                0x0809c282                CHAPTER02_LEVEL0102_MID_HEIGHT
                0x0809ba7e                CHAPTER02_LEVEL0102_BACK_HEIGHT
                0x0809ddd8                CHAPTER02_LEVEL0102_ACTION_WIDTH
 .data          0x080a4050     0x5dcc ../data/Maps//libMaps.a(CHAPTER02_LEVEL0103.o)
                0x080a4052                CHAPTER02_LEVEL0103_BACK_HEIGHT
                0x080a4856                CHAPTER02_LEVEL0103_MID_HEIGHT
                0x080a5c78                CHAPTER02_LEVEL0103_ACTION
                0x080a883a                CHAPTER02_LEVEL0103_COLLISION_HEIGHT
                0x080a8838                CHAPTER02_LEVEL0103_COLLISION_WIDTH
                0x080a5c74                CHAPTER02_LEVEL0103_ACTION_WIDTH
                0x080a5c76                CHAPTER02_LEVEL0103_ACTION_HEIGHT
                0x080a883c                CHAPTER02_LEVEL0103_COLLISION
                0x080a4854                CHAPTER02_LEVEL0103_MID_WIDTH
                0x080a4054                CHAPTER02_LEVEL0103_BACK
                0x080a4050                CHAPTER02_LEVEL0103_BACK_WIDTH
                0x080a4858                CHAPTER02_LEVEL0103_MID
 .data          0x080a9e1c     0x7474 ../data/Maps//libMaps.a(CHAPTER02_LEVEL0104.o)
                0x080a9e20                CHAPTER02_LEVEL0104_BACK
                0x080aa620                CHAPTER02_LEVEL0104_MID_WIDTH
                0x080abe0e                CHAPTER02_LEVEL0104_ACTION_HEIGHT
                0x080a9e1e                CHAPTER02_LEVEL0104_BACK_HEIGHT
                0x080af666                CHAPTER02_LEVEL0104_COLLISION
                0x080abe10                CHAPTER02_LEVEL0104_ACTION
                0x080aa624                CHAPTER02_LEVEL0104_MID
                0x080a9e1c                CHAPTER02_LEVEL0104_BACK_WIDTH
                0x080af664                CHAPTER02_LEVEL0104_COLLISION_HEIGHT
                0x080abe0c                CHAPTER02_LEVEL0104_ACTION_WIDTH
                0x080af662                CHAPTER02_LEVEL0104_COLLISION_WIDTH
                0x080aa622                CHAPTER02_LEVEL0104_MID_HEIGHT
 .data          0x080b1290     0x58a4 ../data/Maps//libMaps.a(CHAPTER02_LEVEL0105.o)
                0x080b2da6                CHAPTER02_LEVEL0105_ACTION_HEIGHT