Archive member included       because of file (symbol)

../../../lib/libagbsyscall.a(AgbSyscall.o)
                              main.o (RegisterRamReset)
C:\PROGRA~1\CYGNUS\THUMBELF-000512\H-I686-CYGWIN32\BIN/../lib/gcc-lib/thumb-elf/2.9-arm-000512/libgcc.a(_call_via_rX.o)
                              MultiSio.o (_call_via_r0)

Allocating common symbols
Common symbol       size              file

UsrSendBuf          0x20              main.o
IntrTableBuf        0x38              main.o
Cont                0x4               main.o
IntrFuncBuf         0x110             MultiSio.o
Trg                 0x4               main.o
SioFlags            0x4               main.o
IntrMainBuf         0x400             main.o
UsrRecvBuf          0x80              main.o
Ms                  0x290             MultiSio.o
OamBak              0x400             main.o
RecvFuncBuf         0x50              MultiSio.o
BgBak               0x800             main.o

Memory Configuration

Name             Origin             Length             Attributes
*default*        0x00000000         0xffffffff

Linker script and memory map

LOAD crt0.o
LOAD MultiSioAsm.o
LOAD main.o
LOAD data.o
LOAD MultiSio.o
LOAD ../../../lib/libagbsyscall.a
LOAD ../../../lib/libisagbprn.a
LOAD C:\PROGRA~1\CYGNUS\THUMBELF-000512\H-I686-CYGWIN32\BIN/../lib/gcc-lib/thumb-elf/2.9-arm-000512/libgcc.a
LOAD C:\PROGRA~1\CYGNUS\THUMBELF-000512\H-I686-CYGWIN32\BIN/../lib/gcc-lib/thumb-elf/2.9-arm-000512/../../../../thumb-elf/lib/libg.a
LOAD C:\PROGRA~1\CYGNUS\THUMBELF-000512\H-I686-CYGWIN32\BIN/../lib/gcc-lib/thumb-elf/2.9-arm-000512/../../../../thumb-elf/lib/libc.a
LOAD C:\PROGRA~1\CYGNUS\THUMBELF-000512\H-I686-CYGWIN32\BIN/../lib/gcc-lib/thumb-elf/2.9-arm-000512/libgcc.a
Address of section .text set to 0x8000000
Address of section .bss set to 0x3000000
                0x00008000                .=0x8000

.interp
 *(.interp)

.hash
 *(.hash)

.dynsym
 *(.dynsym)

.dynstr
 *(.dynstr)

.gnu.version
 *(.gnu.version)

.gnu.version_d
 *(.gnu.version_d)

.gnu.version_r
 *(.gnu.version_r)

.rel.text
 *(.rel.text)
 *(.rel.text.*)
 *(.rel.gnu.linkonce.t*)

.rela.text
 *(.rela.text)
 *(.rela.text.*)
 *(.rela.gnu.linkonce.t*)

.rel.data
 *(.rel.data)
 *(.rel.data.*)
 *(.rel.gnu.linkonce.d*)

.rela.data
 *(.rela.data)
 *(.rela.data.*)
 *(.rela.gnu.linkonce.d*)

.rel.rodata
 *(.rel.rodata)
 *(.rel.rodata.*)
 *(.rel.gnu.linkonce.r*)

.rela.rodata
 *(.rela.rodata)
 *(.rela.rodata.*)
 *(.rela.gnu.linkonce.r*)

.rel.got
 *(.rel.got)

.rela.got
 *(.rela.got)

.rel.ctors
 *(.rel.ctors)

.rela.ctors
 *(.rela.ctors)

.rel.dtors
 *(.rel.dtors)

.rela.dtors
 *(.rela.dtors)

.rel.init
 *(.rel.init)

.rela.init
 *(.rela.init)

.rel.fini
 *(.rel.fini)

.rela.fini
 *(.rela.fini)

.rel.bss
 *(.rel.bss)

.rela.bss
 *(.rela.bss)

.rel.plt
 *(.rel.plt)

.rela.plt
 *(.rela.plt)

.init
 *(.init)

.plt
 *(.plt)

.text           0x08000000      0x958
 *(.text)
 .text          0x08000000      0x1b0 crt0.o
                0x08000000                _start
                0x080000c0                start_vector
                0x080000fc                intr_main
 .text          0x080001b0      0x144 MultiSioAsm.o
                0x080001f4                MultiSioIntr
                0x080001b0                MultiSioRecvBufChange
 .text          0x080002f4      0x23c main.o
                0x08000500                IntrDummy
                0x080004fc                VBlankIntr
                0x08000504                KeyRead
                0x080002f4                AgbMain
 .text          0x08000530      0x314 MultiSio.o
                0x08000530                MultiSioInit
                0x08000634                MultiSioMain
                0x08000770                MultiSioRecvDataCheck
                0x08000724                MultiSioSendDataSet
 .text          0x08000844       0xd8 ../../../lib/libagbsyscall.a(AgbSyscall.o)
                0x08000894                BitUnPack
                0x080008c8                SoundBiasChange
                0x08000880                ArcTan2
                0x080008bc                Diff8bitUnFilterWram
                0x080008f8                MusicPlayerOpen
                0x080008c4                Diff16bitUnFilter
                0x080008ec                SoundDriverVSyncOff
                0x080008dc                SoundDriverMode
                0x08000900                MusicPlayerStop
                0x08000844                SoftReset
                0x080008c0                Diff8bitUnFilterVram
                0x080008d8                SoundDriverInit
                0x0800085e                VBlankIntrWait
                0x080008b8                RLUnCompVram
                0x080008d2                SoundBiasReset
                0x08000890                ObjAffineSet
                0x08000888                CpuFastSet
                0x080008f4                MidiKey2Freq
                0x080008fc                MusicPlayerStart
                0x08000858                IntrWait
                0x08000872                DivRemArm
                0x080008b4                RLUnCompWram
                0x0800086c                DivRem
                0x0800087c                ArcTan
                0x08000854                RegisterRamReset
                0x08000904                MusicPlayerContinue
                0x0800088c                BgAffineSet
                0x080008e8                SoundChannelClear
                0x080008cc                SoundBiasSet
                0x080008f0                SoundDriverVSyncOn
                0x08000864                Div
                0x080008e4                SoundDriverVSync
                0x08000908                MusicPlayerFadeOut
                0x08000898                LZ77UnCompWram
                0x080008e0                SoundDriverMain
                0x0800090c                MultiBoot
                0x08000884                CpuSet
                0x08000868                DivArm
                0x080008b0                HuffUnComp
                0x08000878                Sqrt
                0x0800089c                LZ77UnCompVram
 .text          0x0800091c       0x3c C:\PROGRA~1\CYGNUS\THUMBELF-000512\H-I686-CYGWIN32\BIN/../lib/gcc-lib/thumb-elf/2.9-arm-000512/libgcc.a(_call_via_rX.o)
                0x08000924                _call_via_r2
                0x08000934                _call_via_r6
                0x08000930                _call_via_r5
                0x08000928                _call_via_r3
                0x08000948                _call_via_fp
                0x0800093c                _call_via_r8
                0x08000938                _call_via_r7
                0x0800091c                _call_via_r0
                0x08000944                _call_via_sl
                0x08000950                _call_via_sp
                0x08000940                _call_via_r9
                0x0800092c                _call_via_r4
                0x08000920                _call_via_r1
                0x0800094c                _call_via_ip
                0x08000954                _call_via_lr
 *(.text.*)
 *(.stub)
 *(.gnu.warning)
 *(.gnu.linkonce.t*)
 *(.glue_7t)
 *(.glue_7)
                0x08000958                _etext=.
                0x08000958                PROVIDE (etext, .)

.fini
 *(.fini)

.rodata         0x08000958     0x2358
 *(.rodata)
 .rodata        0x08000958       0x38 main.o
                0x08000958                IntrTable
 .rodata        0x08000990     0x2320 data.o
                0x08000e90                OamData_Sample
                0x08000eb0                PlttData_Sample
                0x080010b0                CharData_Sample
                0x08000990                BgScData_Sample
 *(.rodata.*)
 *(.gnu.linkonce.r*)

.rodata1
 *(.rodata1)
                0x08002db0                .=(ALIGN(0x100)+(.&0xff))

.data           0x08002db0        0x0
 *(.data)
 *(.data.*)
 *(.gnu.linkonce.d*)

.data1
 *(.data1)

.ctors
 EXCLUDE_FILE ( *crtend.o )*(.ctors)
 *(SORT(.ctors.*))
 *crtend(.ctors)

.dtors
 EXCLUDE_FILE ( *crtend.o )*(.dtors)
 *(SORT(.dtors.*))
 *crtend.o(.dtors)

.got
 *(.got.plt)
 *(.got)

.dynamic
 *(.dynamic)

.sdata
 *(.sdata)
 *(.sdata.*)
                0x08002db0                _edata=.
                0x08002db0                PROVIDE (edata, .)
                0x08002db0                __bss_start=.
                0x08002db0                __bss_start__=.

.sbss
 *(.sbss)
 *(.scommon)

.bss            0x03000000     0x14e0
 *(.dynbss)
 *(.bss)
 *(.bss.*)
 *(COMMON)
 COMMON         0x03000000     0x10f0 main.o
                                  0x0 (size before relaxing)
                0x03000000                UsrSendBuf
                0x03000020                IntrTableBuf
                0x03000058                Cont
                0x0300005c                Trg
                0x03000060                SioFlags
                0x03000070                IntrMainBuf
                0x03000470                UsrRecvBuf
                0x030004f0                OamBak
                0x030008f0                BgBak
 COMMON         0x030010f0      0x3f0 MultiSio.o
                                  0x0 (size before relaxing)
                0x030010f0                IntrFuncBuf
                0x03001200                Ms
                0x03001490                RecvFuncBuf
                0x030014e0                .=ALIGN(0x4)
                0x030014e0                .=ALIGN(0x4)
                0x030014e0                _end=.
                0x030014e0                _bss_end__=.
                0x030014e0                __bss_end__=.
                0x030014e0                PROVIDE (end, .)

.stab
 *(.stab)

.stabstr
 *(.stabstr)

.stab.excl
 *(.stab.excl)

.stab.exclstr
 *(.stab.exclstr)

.stab.index
 *(.stab.index)

.stab.indexstr
 *(.stab.indexstr)

.comment
 *(.comment)

.debug
 *(.debug)

.line
 *(.line)

.debug_srcinfo
 *(.debug_srcinfo)

.debug_sfnames
 *(.debug_sfnames)

.debug_aranges  0x00000000       0x40
 *(.debug_aranges)
 .debug_aranges
                0x00000000       0x20 main.o
 .debug_aranges
                0x00000020       0x20 MultiSio.o

.debug_pubnames
                0x00000000      0x1b5
 *(.debug_pubnames)
 .debug_pubnames
                0x00000000       0xc7 main.o
 .debug_pubnames
                0x000000c7       0x61 data.o
 .debug_pubnames
                0x00000128       0x8d MultiSio.o

.debug_info     0x00000000     0x9495
 *(.debug_info)
 .debug_info    0x00000000     0x341a main.o
 .debug_info    0x0000341a     0x2e1e data.o
 .debug_info    0x00006238     0x325d MultiSio.o

.debug_abbrev   0x00000000      0x3e2
 *(.debug_abbrev)
 .debug_abbrev  0x00000000      0x172 main.o
 .debug_abbrev  0x00000172      0x101 data.o
 .debug_abbrev  0x00000273      0x16f MultiSio.o

.debug_line     0x00000000      0x540
 *(.debug_line)
 .debug_line    0x00000000      0x226 main.o
 .debug_line    0x00000226      0x31a MultiSio.o

.debug_frame
 *(.debug_frame)

.debug_str
 *(.debug_str)

.debug_loc
 *(.debug_loc)

.debug_macinfo
 *(.debug_macinfo)

.debug_weaknames
 *(.debug_weaknames)

.debug_funcnames
 *(.debug_funcnames)

.debug_typenames
 *(.debug_typenames)

.debug_varnames
 *(.debug_varnames)

.stack          0x00080000        0x0
                0x00080000                _stack=.
 *(.stack)
OUTPUT(multi_sio.elf elf32-littlearm)
