Archive member included       because of file (symbol)

C:/agb/lib/libagbir.a(irlib.o)
                              main.o (irBegin)
C:/agb/lib/libagbir.a(irThumblib.o)
                              main.o (irMountThumbCore)
C:/agb/lib/libagbir.a(irArmCoreCopier.o)
                              main.o (irMountArmCore)
C:/agb/lib/libagbir.a(irArmlib.o)
                              C:/agb/lib/libagbir.a(irArmCoreCopier.o) (SendA)
C:\PROGRA~1\CYGNUS\THUMBELF-000512\H-I686-CYGWIN32\BIN/../lib/gcc-lib/thumb-elf/2.9-arm-000512/libgcc.a(_call_via_rX.o)
                              C:/agb/lib/libagbir.a(irlib.o) (_call_via_r2)
C:\PROGRA~1\CYGNUS\THUMBELF-000512\H-I686-CYGWIN32\BIN/../lib/gcc-lib/thumb-elf/2.9-arm-000512/../../../../thumb-elf/lib/libg.a(memcpy.o)
                              main.o (memcpy)

Memory Configuration

Name             Origin             Length             Attributes
*default*        0x00000000         0xffffffff

Linker script and memory map

LOAD crt0.o
LOAD main.o
LOAD utility.o
LOAD data.o
LOAD C:/agb/lib/libagbsyscall.a
LOAD C:/agb/lib/libisagbprn.a
LOAD C:/agb/lib/libagbir.a
LOAD C:\PROGRA~1\CYGNUS\THUMBELF-000512\H-I686-CYGWIN32\BIN/../lib/gcc-lib/thumb-elf/2.9-arm-000512/libgcc.a
LOAD C:\PROGRA~1\CYGNUS\THUMBELF-000512\H-I686-CYGWIN32\BIN/../lib/gcc-lib/thumb-elf/2.9-arm-000512/../../../../thumb-elf/lib/libg.a
LOAD C:\PROGRA~1\CYGNUS\THUMBELF-000512\H-I686-CYGWIN32\BIN/../lib/gcc-lib/thumb-elf/2.9-arm-000512/../../../../thumb-elf/lib/libc.a
LOAD C:\PROGRA~1\CYGNUS\THUMBELF-000512\H-I686-CYGWIN32\BIN/../lib/gcc-lib/thumb-elf/2.9-arm-000512/libgcc.a
Address of section .text set to 0x8000000
Address of section .bss set to 0x3000000
                0x00008000                .=0x8000

.interp
 *(.interp)

.hash
 *(.hash)

.dynsym
 *(.dynsym)

.dynstr
 *(.dynstr)

.gnu.version
 *(.gnu.version)

.gnu.version_d
 *(.gnu.version_d)

.gnu.version_r
 *(.gnu.version_r)

.rel.text
 *(.rel.text)
 *(.rel.text.*)
 *(.rel.gnu.linkonce.t*)

.rela.text
 *(.rela.text)
 *(.rela.text.*)
 *(.rela.gnu.linkonce.t*)

.rel.data
 *(.rel.data)
 *(.rel.data.*)
 *(.rel.gnu.linkonce.d*)

.rela.data
 *(.rela.data)
 *(.rela.data.*)
 *(.rela.gnu.linkonce.d*)

.rel.rodata
 *(.rel.rodata)
 *(.rel.rodata.*)
 *(.rel.gnu.linkonce.r*)

.rela.rodata
 *(.rela.rodata)
 *(.rela.rodata.*)
 *(.rela.gnu.linkonce.r*)

.rel.got
 *(.rel.got)

.rela.got
 *(.rela.got)

.rel.ctors
 *(.rel.ctors)

.rela.ctors
 *(.rela.ctors)

.rel.dtors
 *(.rel.dtors)

.rela.dtors
 *(.rela.dtors)

.rel.init
 *(.rel.init)

.rela.init
 *(.rela.init)

.rel.fini
 *(.rel.fini)

.rela.fini
 *(.rela.fini)

.rel.bss
 *(.rel.bss)

.rela.bss
 *(.rela.bss)

.rel.plt
 *(.rel.plt)

.rela.plt
 *(.rela.plt)

.init
 *(.init)

.plt
 *(.plt)

.text           0x08000000     0x1990
 *(.text)
 .text          0x08000000      0x1d0 crt0.o
                0x08000000                _start
                0x080000c0                start_vector
                0x080000fc                intr_main
 .text          0x080001d0      0x720 main.o
                0x08000584                PrintMenu
                0x08000554                putstr
                0x080006bc                PrintParameter
                0x080008c4                KeyRead
                0x080004b4                IR_RECV_CGB
                0x08000420                IR_SEND_CGB
                0x080001d0                AgbMain
 .text          0x080008f0       0xa0 utility.o
                0x0800093c                CharSet8BG
                0x080008f0                DispCharSet8
 .text          0x08000990      0x628 C:/agb/lib/libagbir.a(irlib.o)
                0x08000ad4                irEnd
                0x08000cbc                irRecvConnect
                0x08000aa4                irWait
                0x08000e5c                irSendPacket
                0x08000b34                irContinue
                0x08000b10                irDisconnect
                0x080009b0                LedLo
                0x08000a08                Failurer
                0x08000a0c                irBegin
                0x08000f84                irResultClear
                0x08000f98                irSendEOF
                0x08000b6c                irSendConnect
                0x08000e28                irInit
                0x08000990                HsLedHi
                0x08000fa8                irRecvEOF
                0x08000ed0                irRecvPacket
 .text          0x08000fb8      0x38c C:/agb/lib/libagbir.a(irThumblib.o)
                0x08000fd0                Send
                0x08001168                Recv
                0x08000fb8                irMountThumbCore
 .text          0x08001344       0x3c C:/agb/lib/libagbir.a(irArmCoreCopier.o)
                0x08001344                irMountArmCore
                0x08001350                irRamCopy
 .text          0x08001380      0x574 C:/agb/lib/libagbir.a(irArmlib.o)
                0x08001654                RecvA
                0x08001380                SendA
 .text          0x080018f4       0x3c C:\PROGRA~1\CYGNUS\THUMBELF-000512\H-I686-CYGWIN32\BIN/../lib/gcc-lib/thumb-elf/2.9-arm-000512/libgcc.a(_call_via_rX.o)
                0x080018fc                _call_via_r2
                0x0800190c                _call_via_r6
                0x08001908                _call_via_r5
                0x08001900                _call_via_r3
                0x08001920                _call_via_fp
                0x08001914                _call_via_r8
                0x08001910                _call_via_r7
                0x080018f4                _call_via_r0
                0x0800191c                _call_via_sl
                0x08001928                _call_via_sp
                0x08001918                _call_via_r9
                0x08001904                _call_via_r4
                0x080018f8                _call_via_r1
                0x08001924                _call_via_ip
                0x0800192c                _call_via_lr
 .text          0x08001930       0x60 C:\PROGRA~1\CYGNUS\THUMBELF-000512\H-I686-CYGWIN32\BIN/../lib/gcc-lib/thumb-elf/2.9-arm-000512/../../../../thumb-elf/lib/libg.a(memcpy.o)
                0x08001930                memcpy
 *(.text.*)
 *(.stub)
 *(.gnu.warning)
 *(.gnu.linkonce.t*)
 *(.glue_7t)
 *(.glue_7)
                0x08001990                _etext=.
                0x08001990                PROVIDE (etext, .)

.fini
 *(.fini)

.rodata         0x08001990     0x23c8
 *(.rodata)
 .rodata        0x08001990       0xb0 main.o
                0x08001994                IntrTable
                0x08001990                IrId
 .rodata        0x08001a40       0x10 utility.o
                0x08001a40                hexdata
 .rodata        0x08001a50     0x2308 data.o
                0x08001f50                OamData_Sample
                0x08001f58                PlttData_Sample
                0x08002158                CharData_Sample
                0x08001a50                BgScData_Sample
 *(.rodata.*)
 *(.gnu.linkonce.r*)

.rodata1
 *(.rodata1)
                0x08003e58                .=(ALIGN(0x100)+(.&0xff))

.data           0x08003e58        0x0
 *(.data)
 *(.data.*)
 *(.gnu.linkonce.d*)

.data1
 *(.data1)

.ctors
 EXCLUDE_FILE ( *crtend.o )*(.ctors)
 *(SORT(.ctors.*))
 *crtend(.ctors)

.dtors
 EXCLUDE_FILE ( *crtend.o )*(.dtors)
 *(SORT(.dtors.*))
 *crtend.o(.dtors)

.got
 *(.got.plt)
 *(.got)

.dynamic
 *(.dynamic)

.sdata
 *(.sdata)
 *(.sdata.*)
                0x08003e58                _edata=.
                0x08003e58                PROVIDE (edata, .)
                0x08003e58                __bss_start=.
                0x08003e58                __bss_start__=.

.sbss
 *(.sbss)
 *(.scommon)

.bss            0x03000000      0x9b0
 *(.dynbss)
 *(.bss)
 .bss           0x03000000      0x990 main.o
                0x0300000a                scount
                0x03000000                Cont
                0x0300000c                fcount
                0x03000004                BAK_REG_DISPCNT
                0x030006e8                Ram_R_Buf
                0x03000410                Ram_S_Buf
                0x0300098c                coremode
                0x03000002                Trg
                0x0300000e                Data
                0x03000008                ir_rate
                0x03000006                EMImod
                0x0300020e                IrBuf
 .bss           0x03000990       0x20 C:/agb/lib/libagbir.a(irlib.o)
                0x03000990                irSysStr
 *(.bss.*)
 *(COMMON)
                0x030009b0                .=ALIGN(0x4)
                0x030009b0                .=ALIGN(0x4)
                0x030009b0                _end=.
                0x030009b0                _bss_end__=.
                0x030009b0                __bss_end__=.
                0x030009b0                PROVIDE (end, .)

.stab
 *(.stab)

.stabstr
 *(.stabstr)

.stab.excl
 *(.stab.excl)

.stab.exclstr
 *(.stab.exclstr)

.stab.index
 *(.stab.index)

.stab.indexstr
 *(.stab.indexstr)

.comment
 *(.comment)

.debug
 *(.debug)

.line
 *(.line)

.debug_srcinfo
 *(.debug_srcinfo)

.debug_sfnames
 *(.debug_sfnames)

.debug_aranges  0x00000000       0xe0
 *(.debug_aranges)
 .debug_aranges
                0x00000000       0x20 main.o
 .debug_aranges
                0x00000020       0x20 utility.o
 .debug_aranges
                0x00000040       0x20 C:/agb/lib/libagbir.a(irlib.o)
 .debug_aranges
                0x00000060       0x20 C:/agb/lib/libagbir.a(irThumblib.o)
 .debug_aranges
                0x00000080       0x20 C:/agb/lib/libagbir.a(irArmCoreCopier.o)
 .debug_aranges
                0x000000a0       0x20 C:/agb/lib/libagbir.a(irArmlib.o)
 .debug_aranges
                0x000000c0       0x20 C:\PROGRA~1\CYGNUS\THUMBELF-000512\H-I686-CYGWIN32\BIN/../lib/gcc-lib/thumb-elf/2.9-arm-000512/../../../../thumb-elf/lib/libg.a(memcpy.o)

.debug_pubnames
                0x00000000      0x36b
 *(.debug_pubnames)
 .debug_pubnames
                0x00000000      0x11b main.o
 .debug_pubnames
                0x0000011b       0x3e utility.o
 .debug_pubnames
                0x00000159       0x61 data.o
 .debug_pubnames
                0x000001ba      0x102 C:/agb/lib/libagbir.a(irlib.o)
 .debug_pubnames
                0x000002bc       0x39 C:/agb/lib/libagbir.a(irThumblib.o)
 .debug_pubnames
                0x000002f5       0x33 C:/agb/lib/libagbir.a(irArmCoreCopier.o)
 .debug_pubnames
                0x00000328       0x26 C:/agb/lib/libagbir.a(irArmlib.o)
 .debug_pubnames
                0x0000034e       0x1d C:\PROGRA~1\CYGNUS\THUMBELF-000512\H-I686-CYGWIN32\BIN/../lib/gcc-lib/thumb-elf/2.9-arm-000512/../../../../thumb-elf/lib/libg.a(memcpy.o)

.debug_info     0x00000000    0x155d7
 *(.debug_info)
 .debug_info    0x00000000     0x36b4 main.o
 .debug_info    0x000036b4     0x27f7 utility.o
 .debug_info    0x00005eab     0x2e7f data.o
 .debug_info    0x00008d2a     0x337f C:/agb/lib/libagbir.a(irlib.o)
 .debug_info    0x0000c0a9     0x311b C:/agb/lib/libagbir.a(irThumblib.o)
 .debug_info    0x0000f1c4     0x30ea C:/agb/lib/libagbir.a(irArmCoreCopier.o)
 .debug_info    0x000122ae     0x30de C:/agb/lib/libagbir.a(irArmlib.o)
 .debug_info    0x0001538c      0x24b C:\PROGRA~1\CYGNUS\THUMBELF-000512\H-I686-CYGWIN32\BIN/../lib/gcc-lib/thumb-elf/2.9-arm-000512/../../../../thumb-elf/lib/libg.a(memcpy.o)

.debug_abbrev   0x00000000      0x9e4
 *(.debug_abbrev)
 .debug_abbrev  0x00000000      0x185 main.o
 .debug_abbrev  0x00000185      0x10e utility.o
 .debug_abbrev  0x00000293      0x101 data.o
 .debug_abbrev  0x00000394      0x1bf C:/agb/lib/libagbir.a(irlib.o)
 .debug_abbrev  0x00000553      0x15e C:/agb/lib/libagbir.a(irThumblib.o)
 .debug_abbrev  0x000006b1      0x15f C:/agb/lib/libagbir.a(irArmCoreCopier.o)
 .debug_abbrev  0x00000810      0x149 C:/agb/lib/libagbir.a(irArmlib.o)
 .debug_abbrev  0x00000959       0x8b C:\PROGRA~1\CYGNUS\THUMBELF-000512\H-I686-CYGWIN32\BIN/../lib/gcc-lib/thumb-elf/2.9-arm-000512/../../../../thumb-elf/lib/libg.a(memcpy.o)

.debug_line     0x00000000     0x17a4
 *(.debug_line)
 .debug_line    0x00000000      0x4cc main.o
 .debug_line    0x000004cc       0xd5 utility.o
 .debug_line    0x000005a1      0x6b3 C:/agb/lib/libagbir.a(irlib.o)
 .debug_line    0x00000c54      0x3b0 C:/agb/lib/libagbir.a(irThumblib.o)
 .debug_line    0x00001004       0xf3 C:/agb/lib/libagbir.a(irArmCoreCopier.o)
 .debug_line    0x000010f7      0x4c8 C:/agb/lib/libagbir.a(irArmlib.o)
 .debug_line    0x000015bf      0x1e5 C:\PROGRA~1\CYGNUS\THUMBELF-000512\H-I686-CYGWIN32\BIN/../lib/gcc-lib/thumb-elf/2.9-arm-000512/../../../../thumb-elf/lib/libg.a(memcpy.o)

.debug_frame
 *(.debug_frame)

.debug_str
 *(.debug_str)

.debug_loc
 *(.debug_loc)

.debug_macinfo
 *(.debug_macinfo)

.debug_weaknames
 *(.debug_weaknames)

.debug_funcnames
 *(.debug_funcnames)

.debug_typenames
 *(.debug_typenames)

.debug_varnames
 *(.debug_varnames)

.stack          0x00080000        0x0
                0x00080000                _stack=.
 *(.stack)
OUTPUT(ir_sample.elf elf32-littlearm)
