Archive member included       because of file (symbol)

c:/progra~1/cygnus/thumbelf-000512/H-i686-cygwin32/lib/gcc-lib/thumb-elf/2.9-arm-000512/libgcc.a(_call_via_rX.o)
                              interrupt.o (_call_via_r0)
c:/progra~1/cygnus/thumbelf-000512/H-i686-cygwin32/lib/gcc-lib/thumb-elf/2.9-arm-000512/libgcc.a(_divsi3.o)
                              fontprn/fontprn.o (__divsi3)
c:/progra~1/cygnus/thumbelf-000512/H-i686-cygwin32/lib/gcc-lib/thumb-elf/2.9-arm-000512/libgcc.a(_dvmd_tls.o)
                              c:/progra~1/cygnus/thumbelf-000512/H-i686-cygwin32/lib/gcc-lib/thumb-elf/2.9-arm-000512/libgcc.a(_divsi3.o) (__div0)
c:/progra~1/cygnus/thumbelf-000512/H-i686-cygwin32/lib/gcc-lib/thumb-elf/2.9-arm-000512/libgcc.a(_udivsi3.o)
                              fontprn/fontprn.o (__udivsi3)
c:/progra~1/cygnus/thumbelf-000512/H-i686-cygwin32/lib/gcc-lib/thumb-elf/2.9-arm-000512/libgcc.a(_umodsi3.o)
                              fontprn/fontprn.o (__umodsi3)
c:/progra~1/cygnus/thumbelf-000512/H-i686-cygwin32/thumb-elf/lib/libc.a(memcpy.o)
                              fontprn/fontprn.o (memcpy)
c:/progra~1/cygnus/thumbelf-000512/H-i686-cygwin32/thumb-elf/lib/libc.a(sprintf.o)
                              main.o (sprintf)
c:/progra~1/cygnus/thumbelf-000512/H-i686-cygwin32/thumb-elf/lib/libc.a(vfprintf.o)
                              c:/progra~1/cygnus/thumbelf-000512/H-i686-cygwin32/thumb-elf/lib/libc.a(sprintf.o) (vfprintf)
c:/progra~1/cygnus/thumbelf-000512/H-i686-cygwin32/thumb-elf/lib/libc.a(wsetup.o)
                              c:/progra~1/cygnus/thumbelf-000512/H-i686-cygwin32/thumb-elf/lib/libc.a(vfprintf.o) (__swsetup)
c:/progra~1/cygnus/thumbelf-000512/H-i686-cygwin32/thumb-elf/lib/libc.a(dtoa.o)
                              c:/progra~1/cygnus/thumbelf-000512/H-i686-cygwin32/thumb-elf/lib/libc.a(vfprintf.o) (_dtoa_r)
c:/progra~1/cygnus/thumbelf-000512/H-i686-cygwin32/thumb-elf/lib/libc.a(fflush.o)
                              c:/progra~1/cygnus/thumbelf-000512/H-i686-cygwin32/thumb-elf/lib/libc.a(vfprintf.o) (fflush)
c:/progra~1/cygnus/thumbelf-000512/H-i686-cygwin32/thumb-elf/lib/libc.a(findfp.o)
                              c:/progra~1/cygnus/thumbelf-000512/H-i686-cygwin32/thumb-elf/lib/libc.a(vfprintf.o) (__sinit)
c:/progra~1/cygnus/thumbelf-000512/H-i686-cygwin32/thumb-elf/lib/libc.a(freer.o)
                              c:/progra~1/cygnus/thumbelf-000512/H-i686-cygwin32/thumb-elf/lib/libc.a(wsetup.o) (_free_r)
c:/progra~1/cygnus/thumbelf-000512/H-i686-cygwin32/thumb-elf/lib/libc.a(fvwrite.o)
                              c:/progra~1/cygnus/thumbelf-000512/H-i686-cygwin32/thumb-elf/lib/libc.a(vfprintf.o) (__sfvwrite)
c:/progra~1/cygnus/thumbelf-000512/H-i686-cygwin32/thumb-elf/lib/libc.a(fwalk.o)
                              c:/progra~1/cygnus/thumbelf-000512/H-i686-cygwin32/thumb-elf/lib/libc.a(fflush.o) (_fwalk)
c:/progra~1/cygnus/thumbelf-000512/H-i686-cygwin32/thumb-elf/lib/libc.a(impure.o)
                              c:/progra~1/cygnus/thumbelf-000512/H-i686-cygwin32/thumb-elf/lib/libc.a(sprintf.o) (_impure_ptr)
c:/progra~1/cygnus/thumbelf-000512/H-i686-cygwin32/thumb-elf/lib/libc.a(locale.o)
                              c:/progra~1/cygnus/thumbelf-000512/H-i686-cygwin32/thumb-elf/lib/libc.a(vfprintf.o) (__mb_cur_max)
c:/progra~1/cygnus/thumbelf-000512/H-i686-cygwin32/thumb-elf/lib/libc.a(makebuf.o)
                              c:/progra~1/cygnus/thumbelf-000512/H-i686-cygwin32/thumb-elf/lib/libc.a(wsetup.o) (__smakebuf)
c:/progra~1/cygnus/thumbelf-000512/H-i686-cygwin32/thumb-elf/lib/libc.a(mallocr.o)
                              c:/progra~1/cygnus/thumbelf-000512/H-i686-cygwin32/thumb-elf/lib/libc.a(freer.o) (__malloc_av_)
c:/progra~1/cygnus/thumbelf-000512/H-i686-cygwin32/thumb-elf/lib/libc.a(mbtowc_r.o)
                              c:/progra~1/cygnus/thumbelf-000512/H-i686-cygwin32/thumb-elf/lib/libc.a(vfprintf.o) (_mbtowc_r)
c:/progra~1/cygnus/thumbelf-000512/H-i686-cygwin32/thumb-elf/lib/libc.a(memchr.o)
                              c:/progra~1/cygnus/thumbelf-000512/H-i686-cygwin32/thumb-elf/lib/libc.a(vfprintf.o) (memchr)
c:/progra~1/cygnus/thumbelf-000512/H-i686-cygwin32/thumb-elf/lib/libc.a(memmove.o)
                              c:/progra~1/cygnus/thumbelf-000512/H-i686-cygwin32/thumb-elf/lib/libc.a(fvwrite.o) (memmove)
c:/progra~1/cygnus/thumbelf-000512/H-i686-cygwin32/thumb-elf/lib/libc.a(memset.o)
                              c:/progra~1/cygnus/thumbelf-000512/H-i686-cygwin32/thumb-elf/lib/libc.a(findfp.o) (memset)
c:/progra~1/cygnus/thumbelf-000512/H-i686-cygwin32/thumb-elf/lib/libc.a(mlock.o)
                              c:/progra~1/cygnus/thumbelf-000512/H-i686-cygwin32/thumb-elf/lib/libc.a(freer.o) (__malloc_lock)
c:/progra~1/cygnus/thumbelf-000512/H-i686-cygwin32/thumb-elf/lib/libc.a(mprec.o)
                              c:/progra~1/cygnus/thumbelf-000512/H-i686-cygwin32/thumb-elf/lib/libc.a(dtoa.o) (_Balloc)
c:/progra~1/cygnus/thumbelf-000512/H-i686-cygwin32/thumb-elf/lib/libc.a(s_isinf.o)
                              c:/progra~1/cygnus/thumbelf-000512/H-i686-cygwin32/thumb-elf/lib/libc.a(vfprintf.o) (isinf)
c:/progra~1/cygnus/thumbelf-000512/H-i686-cygwin32/thumb-elf/lib/libc.a(s_isnan.o)
                              c:/progra~1/cygnus/thumbelf-000512/H-i686-cygwin32/thumb-elf/lib/libc.a(vfprintf.o) (isnan)
c:/progra~1/cygnus/thumbelf-000512/H-i686-cygwin32/thumb-elf/lib/libc.a(sbrkr.o)
                              c:/progra~1/cygnus/thumbelf-000512/H-i686-cygwin32/thumb-elf/lib/libc.a(freer.o) (_sbrk_r)
c:/progra~1/cygnus/thumbelf-000512/H-i686-cygwin32/thumb-elf/lib/libc.a(stdio.o)
                              c:/progra~1/cygnus/thumbelf-000512/H-i686-cygwin32/thumb-elf/lib/libc.a(findfp.o) (__sread)
c:/progra~1/cygnus/thumbelf-000512/H-i686-cygwin32/thumb-elf/lib/libc.a(strcmp.o)
                              c:/progra~1/cygnus/thumbelf-000512/H-i686-cygwin32/thumb-elf/lib/libc.a(locale.o) (strcmp)
c:/progra~1/cygnus/thumbelf-000512/H-i686-cygwin32/thumb-elf/lib/libc.a(strlen.o)
                              c:/progra~1/cygnus/thumbelf-000512/H-i686-cygwin32/thumb-elf/lib/libc.a(vfprintf.o) (strlen)
c:/progra~1/cygnus/thumbelf-000512/H-i686-cygwin32/thumb-elf/lib/libc.a(syscalls.o)
                              c:/progra~1/cygnus/thumbelf-000512/H-i686-cygwin32/thumb-elf/lib/libc.a(sbrkr.o) (_sbrk)
c:/progra~1/cygnus/thumbelf-000512/H-i686-cygwin32/thumb-elf/lib/libc.a(writer.o)
                              c:/progra~1/cygnus/thumbelf-000512/H-i686-cygwin32/thumb-elf/lib/libc.a(stdio.o) (_write_r)
c:/progra~1/cygnus/thumbelf-000512/H-i686-cygwin32/thumb-elf/lib/libc.a(callocr.o)
                              c:/progra~1/cygnus/thumbelf-000512/H-i686-cygwin32/thumb-elf/lib/libc.a(mprec.o) (_calloc_r)
c:/progra~1/cygnus/thumbelf-000512/H-i686-cygwin32/thumb-elf/lib/libc.a(closer.o)
                              c:/progra~1/cygnus/thumbelf-000512/H-i686-cygwin32/thumb-elf/lib/libc.a(stdio.o) (_close_r)
c:/progra~1/cygnus/thumbelf-000512/H-i686-cygwin32/thumb-elf/lib/libc.a(errno.o)
                              c:/progra~1/cygnus/thumbelf-000512/H-i686-cygwin32/thumb-elf/lib/libc.a(syscalls.o) (__errno)
c:/progra~1/cygnus/thumbelf-000512/H-i686-cygwin32/thumb-elf/lib/libc.a(fstatr.o)
                              c:/progra~1/cygnus/thumbelf-000512/H-i686-cygwin32/thumb-elf/lib/libc.a(makebuf.o) (_fstat_r)
c:/progra~1/cygnus/thumbelf-000512/H-i686-cygwin32/thumb-elf/lib/libc.a(libcfunc.o)
                              c:/progra~1/cygnus/thumbelf-000512/H-i686-cygwin32/thumb-elf/lib/libc.a(syscalls.o) (abort)
c:/progra~1/cygnus/thumbelf-000512/H-i686-cygwin32/thumb-elf/lib/libc.a(lseekr.o)
                              c:/progra~1/cygnus/thumbelf-000512/H-i686-cygwin32/thumb-elf/lib/libc.a(stdio.o) (_lseek_r)
c:/progra~1/cygnus/thumbelf-000512/H-i686-cygwin32/thumb-elf/lib/libc.a(readr.o)
                              c:/progra~1/cygnus/thumbelf-000512/H-i686-cygwin32/thumb-elf/lib/libc.a(stdio.o) (_read_r)
c:/progra~1/cygnus/thumbelf-000512/H-i686-cygwin32/lib/gcc-lib/thumb-elf/2.9-arm-000512/libgcc.a(_modsi3.o)
                              c:/progra~1/cygnus/thumbelf-000512/H-i686-cygwin32/thumb-elf/lib/libc.a(vfprintf.o) (__modsi3)
c:/progra~1/cygnus/thumbelf-000512/H-i686-cygwin32/lib/gcc-lib/thumb-elf/2.9-arm-000512/libgcc.a(dp-bit.o)
                              c:/progra~1/cygnus/thumbelf-000512/H-i686-cygwin32/thumb-elf/lib/libc.a(dtoa.o) (__adddf3)
c:/progra~1/cygnus/thumbelf-000512/H-i686-cygwin32/lib/gcc-lib/thumb-elf/2.9-arm-000512/libgcc.a(fp-bit.o)
                              c:/progra~1/cygnus/thumbelf-000512/H-i686-cygwin32/lib/gcc-lib/thumb-elf/2.9-arm-000512/libgcc.a(dp-bit.o) (__make_fp)
c:/progra~1/cygnus/thumbelf-000512/H-i686-cygwin32/lib/gcc-lib/thumb-elf/2.9-arm-000512/libgcc.a(_lshrdi3.o)
                              c:/progra~1/cygnus/thumbelf-000512/H-i686-cygwin32/lib/gcc-lib/thumb-elf/2.9-arm-000512/libgcc.a(dp-bit.o) (__lshrdi3)
c:/progra~1/cygnus/thumbelf-000512/H-i686-cygwin32/lib/gcc-lib/thumb-elf/2.9-arm-000512/libgcc.a(_muldi3.o)
                              c:/progra~1/cygnus/thumbelf-000512/H-i686-cygwin32/lib/gcc-lib/thumb-elf/2.9-arm-000512/libgcc.a(dp-bit.o) (__muldi3)
c:/progra~1/cygnus/thumbelf-000512/H-i686-cygwin32/lib/gcc-lib/thumb-elf/2.9-arm-000512/libgcc.a(_negdi2.o)
                              c:/progra~1/cygnus/thumbelf-000512/H-i686-cygwin32/lib/gcc-lib/thumb-elf/2.9-arm-000512/libgcc.a(dp-bit.o) (__negdi2)

Allocating common symbols
Common symbol       size              file

global_activeTask   0x4               task.o
global_systemInfoPtr
                    0x4               interrupt.o
global_oamData      0x400             oam.o
errno               0x4               c:/progra~1/cygnus/thumbelf-000512/H-i686-cygwin32/thumb-elf/lib/libc.a(sbrkr.o)
global_systemInfo   0x854             interrupt.o
systemStack         0x4               task.o
task1               0x4               main.o
task2               0x4               main.o
global_debugFlags   0x14              util.o
printPos            0x4               main.o
global_printBuffer  0x100             util.o
tasksRunning        0x4               task.o
systemRA            0x4               task.o
global_spawnedTask  0x4               task.o
task3               0x4               main.o
affineWork          0x300             oam.o

Memory Configuration

Name             Origin             Length             Attributes
*default*        0x00000000         0xffffffff

Linker script and memory map

LOAD crt0.o
LOAD taskutil.o
LOAD main.o
LOAD oam.o
LOAD util.o
LOAD interrupt.o
LOAD task.o
LOAD fontprn/fontprn.o
Address of section .text set to 0x8000000
Address of section .bss set to 0x3000000
LOAD c:/agb/lib/libagbsyscall.a
LOAD c:/progra~1/cygnus/thumbelf-000512/H-i686-cygwin32/lib/gcc-lib/thumb-elf/2.9-arm-000512/libgcc.a
LOAD c:/progra~1/cygnus/thumbelf-000512/H-i686-cygwin32/thumb-elf/lib/libc.a
LOAD c:/progra~1/cygnus/thumbelf-000512/H-i686-cygwin32/thumb-elf/lib/libg.a
LOAD c:/progra~1/cygnus/thumbelf-000512/H-i686-cygwin32/thumb-elf/lib/libm.a
LOAD c:/progra~1/cygnus/thumbelf-000512/H-i686-cygwin32/lib/gcc-lib/thumb-elf/2.9-arm-000512/libgcc.a
                0x00008000                .=0x8000

.interp
 *(.interp)

.hash
 *(.hash)

.dynsym
 *(.dynsym)

.dynstr
 *(.dynstr)

.gnu.version
 *(.gnu.version)

.gnu.version_d
 *(.gnu.version_d)

.gnu.version_r
 *(.gnu.version_r)

.rel.text
 *(.rel.text)
 *(.rel.text.*)
 *(.rel.gnu.linkonce.t*)

.rela.text
 *(.rela.text)
 *(.rela.text.*)
 *(.rela.gnu.linkonce.t*)

.rel.data
 *(.rel.data)
 *(.rel.data.*)
 *(.rel.gnu.linkonce.d*)

.rela.data
 *(.rela.data)
 *(.rela.data.*)
 *(.rela.gnu.linkonce.d*)

.rel.rodata
 *(.rel.rodata)
 *(.rel.rodata.*)
 *(.rel.gnu.linkonce.r*)

.rela.rodata
 *(.rela.rodata)
 *(.rela.rodata.*)
 *(.rela.gnu.linkonce.r*)

.rel.got
 *(.rel.got)

.rela.got
 *(.rela.got)

.rel.ctors
 *(.rel.ctors)

.rela.ctors
 *(.rela.ctors)

.rel.dtors
 *(.rel.dtors)

.rela.dtors
 *(.rela.dtors)

.rel.init
 *(.rel.init)

.rela.init
 *(.rela.init)

.rel.fini
 *(.rel.fini)

.rela.fini
 *(.rela.fini)

.rel.bss
 *(.rel.bss)

.rela.bss
 *(.rela.bss)

.rel.plt
 *(.rel.plt)

.rela.plt
 *(.rela.plt)

.init
 *(.init)

.plt
 *(.plt)

.text           0x08000000     0x740c
 *(.text)
 .text          0x08000000      0x1d0 crt0.o
                0x08000000                _start
                0x080000c0                start_vector
                0x080000fc                intr_main
 .text          0x080001d0      0x110 taskutil.o
                0x080001e8                sleepme
                0x080002a4                restoreTaskRegisters
                0x08000254                executeTaskingSystem
                0x0800028c                restoreTaskRegisters_oneTime
                0x080001d0                saveSystemStack
                0x080001dc                setSystemStack
                0x08000278                returnFromTaskingSystem
 .text          0x080002e0      0x3e4 main.o
                0x080004ac                taskFunc_1
                0x08000360                taskTest
                0x080005e8                taskFunc_3
                0x0800057c                taskFunc_2
                0x08000654                testCallFunc1
                0x080006ac                stackFailMessage
                0x08000678                testCallFunc2
                0x080002e0                AgbMain
 .text          0x080006c4      0x19c oam.o
                0x08000790                setOamIndexOff
                0x080006c4                initOamBuffer
                0x0800077c                setOamIndexOn
                0x080007a8                debug_moveOamIndexWithController
 .text          0x08000860      0x2c8 util.o
                0x08000924                setLCDOff
                0x080008dc                clearOamRam
                0x08000934                setLCDOn
                0x08000870                clearWorkRam
                0x080008a4                clearGraphicRam
                0x080008b8                clearVram
                0x080009f8                mosaicBGOut
                0x08000a90                mosaicBGIn
                0x08000900                clearPaletteRam
                0x080009c8                fadeIn
                0x0800096c                setLCDOn_WaitVBlank
                0x08000998                fadeOut
                0x08000948                setLCDOff_WaitVBlank
                0x08000860                clearRamAll
 .text          0x08000b28      0x444 interrupt.o
                0x08000c7c                setVCountFunction
                0x08000cb4                disableVCountInterrupt
                0x08000c90                enableVCountInterrupt
                0x08000c54                setVBlankFunction
                0x08000b28                waitForVBlank
                0x08000f0c                controllerInit
                0x08000b5c                initVBlank
                0x08000c68                setHBlankFunction
                0x08000f2c                controllerRead
 .text          0x08000f6c      0x3b8 task.o
                0x08001310                passTaskVar_4
                0x08001178                suspendTask
                0x08001308                passTaskVar_3
                0x080012fc                passTaskVar_1
                0x08000f6c                initTaskingSystem
                0x080011a8                taskDie
                0x080011a0                resumeTask
                0x08000fb0                spawnTask
                0x08001148                getTaskWithID
                0x080011d8                killTask
                0x08001114                getNextTask
                0x080011bc                killTaskWithID
                0x08001300                passTaskVar_2
 .text          0x08001324      0x594 fontprn/fontprn.o
                0x080016c0                FontPrintC
                0x0800144c                FontPrint
                0x080016e4                NumPrintC
                0x08001440                FontColor
                0x08001714                FontPrintCls
                0x08001400                FontPalletLoad
                0x0800152c                NumPrint
                0x080017e4                fp_itoa
                0x08001324                FontPrintInit
                0x08001750                FontPrintSync
 .text          0x080018b8       0x3c c:/progra~1/cygnus/thumbelf-000512/H-i686-cygwin32/lib/gcc-lib/thumb-elf/2.9-arm-000512/libgcc.a(_call_via_rX.o)
                0x080018c0                _call_via_r2
                0x080018d0                _call_via_r6
                0x080018cc                _call_via_r5
                0x080018c4                _call_via_r3
                0x080018e4                _call_via_fp
                0x080018d8                _call_via_r8
                0x080018d4                _call_via_r7
                0x080018b8                _call_via_r0
                0x080018e0                _call_via_sl
                0x080018ec                _call_via_sp
                0x080018dc                _call_via_r9
                0x080018c8                _call_via_r4
                0x080018bc                _call_via_r1
                0x080018e8                _call_via_ip
                0x080018f0                _call_via_lr
 .text          0x080018f4       0x94 c:/progra~1/cygnus/thumbelf-000512/H-i686-cygwin32/lib/gcc-lib/thumb-elf/2.9-arm-000512/libgcc.a(_divsi3.o)
                0x080018f4                __divsi3
 .text          0x08001988        0x4 c:/progra~1/cygnus/thumbelf-000512/H-i686-cygwin32/lib/gcc-lib/thumb-elf/2.9-arm-000512/libgcc.a(_dvmd_tls.o)
                0x08001988                __div0
 .text          0x0800198c       0x78 c:/progra~1/cygnus/thumbelf-000512/H-i686-cygwin32/lib/gcc-lib/thumb-elf/2.9-arm-000512/libgcc.a(_udivsi3.o)
                0x0800198c                __udivsi3
 .text          0x08001a04       0xc0 c:/progra~1/cygnus/thumbelf-000512/H-i686-cygwin32/lib/gcc-lib/thumb-elf/2.9-arm-000512/libgcc.a(_umodsi3.o)
                0x08001a04                __umodsi3
 .text          0x08001ac4       0x60 c:/progra~1/cygnus/thumbelf-000512/H-i686-cygwin32/thumb-elf/lib/libc.a(memcpy.o)
                0x08001ac4                memcpy
 .text          0x08001b24       0x7c c:/progra~1/cygnus/thumbelf-000512/H-i686-cygwin32/thumb-elf/lib/libc.a(sprintf.o)
                0x08001b24                _sprintf_r
                0x08001b60                sprintf
 .text          0x08001ba0     0x116c c:/progra~1/cygnus/thumbelf-000512/H-i686-cygwin32/thumb-elf/lib/libc.a(vfprintf.o)
                0x08001c48                _vfprintf_r
                0x08001c34                vfprintf
 .text          0x08002d0c       0xac c:/progra~1/cygnus/thumbelf-000512/H-i686-cygwin32/thumb-elf/lib/libc.a(wsetup.o)
                0x08002d0c                __swsetup
 .text          0x08002db8      0xe54 c:/progra~1/cygnus/thumbelf-000512/H-i686-cygwin32/thumb-elf/lib/libc.a(dtoa.o)
                0x08002f14                _dtoa_r
 .text          0x08003c0c       0x94 c:/progra~1/cygnus/thumbelf-000512/H-i686-cygwin32/thumb-elf/lib/libc.a(fflush.o)
                0x08003c0c                fflush
 .text          0x08003ca0      0x15c c:/progra~1/cygnus/thumbelf-000512/H-i686-cygwin32/thumb-elf/lib/libc.a(findfp.o)
                0x08003d9c                __sinit
                0x08003cd8                __sfmoreglue
                0x08003d8c                _cleanup
                0x08003d7c                _cleanup_r
                0x08003d08                __sfp
 .text          0x08003dfc      0x280 c:/progra~1/cygnus/thumbelf-000512/H-i686-cygwin32/thumb-elf/lib/libc.a(freer.o)
                0x08003dfc                _free_r
                0x08003fbc                _malloc_trim_r
 .text          0x0800407c      0x22c c:/progra~1/cygnus/thumbelf-000512/H-i686-cygwin32/thumb-elf/lib/libc.a(fvwrite.o)
                0x0800407c                __sfvwrite
 .text          0x080042a8       0x40 c:/progra~1/cygnus/thumbelf-000512/H-i686-cygwin32/thumb-elf/lib/libc.a(fwalk.o)
                0x080042a8                _fwalk
 .text          0x080042e8       0x6c c:/progra~1/cygnus/thumbelf-000512/H-i686-cygwin32/thumb-elf/lib/libc.a(locale.o)
                0x080042e8                _setlocale_r
                0x08004324                _localeconv_r
                0x0800432c                setlocale
                0x08004344                localeconv
 .text          0x08004354       0xdc c:/progra~1/cygnus/thumbelf-000512/H-i686-cygwin32/thumb-elf/lib/libc.a(makebuf.o)
                0x08004354                __smakebuf
 .text          0x08004430      0x51c c:/progra~1/cygnus/thumbelf-000512/H-i686-cygwin32/thumb-elf/lib/libc.a(mallocr.o)
                0x0800458c                _malloc_r
 .text          0x0800494c       0x2c c:/progra~1/cygnus/thumbelf-000512/H-i686-cygwin32/thumb-elf/lib/libc.a(mbtowc_r.o)
                0x0800494c                _mbtowc_r
 .text          0x08004978       0x80 c:/progra~1/cygnus/thumbelf-000512/H-i686-cygwin32/thumb-elf/lib/libc.a(memchr.o)
                0x08004978                memchr
 .text          0x080049f8       0x88 c:/progra~1/cygnus/thumbelf-000512/H-i686-cygwin32/thumb-elf/lib/libc.a(memmove.o)
                0x080049f8                memmove
 .text          0x08004a80       0x54 c:/progra~1/cygnus/thumbelf-000512/H-i686-cygwin32/thumb-elf/lib/libc.a(memset.o)
                0x08004a80                memset
 .text          0x08004ad4        0x8 c:/progra~1/cygnus/thumbelf-000512/H-i686-cygwin32/thumb-elf/lib/libc.a(mlock.o)
                0x08004ad8                __malloc_unlock
                0x08004ad4                __malloc_lock
 .text          0x08004adc      0x8d0 c:/progra~1/cygnus/thumbelf-000512/H-i686-cygwin32/thumb-elf/lib/libc.a(mprec.o)
                0x0800536c                _mprec_log10
                0x08004c68                _hi0bits
                0x08004adc                _Balloc
                0x08005234                _d2b
                0x08004d58                _multiply
                0x0800531c                _ratio
                0x08004be4                _s2b
                0x08004d44                _i2b
                0x08004cc0                _lo0bits
                0x08004ffc                __mcmp
                0x08004ec4                _pow5mult
                0x0800512c                _ulp
                0x08005178                _b2d
                0x08004b4c                _multadd
                0x0800503c                __mdiff
                0x08004f5c                _lshift
                0x08004b34                _Bfree
 .text          0x080053ac       0x24 c:/progra~1/cygnus/thumbelf-000512/H-i686-cygwin32/thumb-elf/lib/libc.a(s_isinf.o)
                0x080053ac                isinf
 .text          0x080053d0       0x20 c:/progra~1/cygnus/thumbelf-000512/H-i686-cygwin32/thumb-elf/lib/libc.a(s_isnan.o)
                0x080053d0                isnan
 .text          0x080053f0       0x2c c:/progra~1/cygnus/thumbelf-000512/H-i686-cygwin32/thumb-elf/lib/libc.a(sbrkr.o)
                0x080053f0                _sbrk_r
 .text          0x0800541c       0xc4 c:/progra~1/cygnus/thumbelf-000512/H-i686-cygwin32/thumb-elf/lib/libc.a(stdio.o)
                0x08005490                __sseek
                0x0800541c                __sread
                0x080054d0                __sclose
                0x08005450                __swrite
 .text          0x080054e0       0x5c c:/progra~1/cygnus/thumbelf-000512/H-i686-cygwin32/thumb-elf/lib/libc.a(strcmp.o)
                0x080054e0                strcmp
 .text          0x0800553c       0x44 c:/progra~1/cygnus/thumbelf-000512/H-i686-cygwin32/thumb-elf/lib/libc.a(strlen.o)
                0x0800553c                strlen
 .text          0x08005580      0x464 c:/progra~1/cygnus/thumbelf-000512/H-i686-cygwin32/thumb-elf/lib/libc.a(syscalls.o)
                0x0800593c                _getpid
                0x080055ec                initialise_monitor_handles
                0x0800597c                _fstat
                0x080058a8                _open
                0x08005940                _sbrk
                0x08005990                _raise
                0x080059c0                _times
                0x0800578c                _lseek
                0x08005798                _swiwrite
                0x08005708                _swilseek
                0x080058bc                _swiclose
                0x08005808                _swiopen
                0x08005988                _unlink
                0x080057bc                _write
                0x0800591c                _kill
                0x08005994                _gettimeofday
                0x080056c0                _read
                0x080058fc                _exit
                0x0800569c                _swiread
                0x080058f0                _close
 .text          0x080059e4       0x30 c:/progra~1/cygnus/thumbelf-000512/H-i686-cygwin32/thumb-elf/lib/libc.a(writer.o)
                0x080059e4                _write_r
 .text          0x08005a14       0x58 c:/progra~1/cygnus/thumbelf-000512/H-i686-cygwin32/thumb-elf/lib/libc.a(callocr.o)
                0x08005a14                _calloc_r
 .text          0x08005a6c       0x2c c:/progra~1/cygnus/thumbelf-000512/H-i686-cygwin32/thumb-elf/lib/libc.a(closer.o)
                0x08005a6c                _close_r
 .text          0x08005a98        0xc c:/progra~1/cygnus/thumbelf-000512/H-i686-cygwin32/thumb-elf/lib/libc.a(errno.o)
                0x08005a98                __errno
 .text          0x08005aa4       0x2c c:/progra~1/cygnus/thumbelf-000512/H-i686-cygwin32/thumb-elf/lib/libc.a(fstatr.o)
                0x08005aa4                _fstat_r
 .text          0x08005ad0       0x28 c:/progra~1/cygnus/thumbelf-000512/H-i686-cygwin32/thumb-elf/lib/libc.a(libcfunc.o)
                0x08005af0                isatty
                0x08005ad0                abort
                0x08005af4                alarm
 .text          0x08005af8       0x30 c:/progra~1/cygnus/thumbelf-000512/H-i686-cygwin32/thumb-elf/lib/libc.a(lseekr.o)
                0x08005af8                _lseek_r
 .text          0x08005b28       0x30 c:/progra~1/cygnus/thumbelf-000512/H-i686-cygwin32/thumb-elf/lib/libc.a(readr.o)
                0x08005b28                _read_r
 .text          0x08005b58       0xd0 c:/progra~1/cygnus/thumbelf-000512/H-i686-cygwin32/lib/gcc-lib/thumb-elf/2.9-arm-000512/libgcc.a(_modsi3.o)
                0x08005b58                __modsi3
 .text          0x08005c28      0xd9c c:/progra~1/cygnus/thumbelf-000512/H-i686-cygwin32/lib/gcc-lib/thumb-elf/2.9-arm-000512/libgcc.a(dp-bit.o)
                0x0800664c                __cmpdf2
                0x08006678                __eqdf2
                0x08006710                __gtdf2
                0x08006958                __make_dp
                0x08006840                __floatsidf
                0x080067a8                __ltdf2
                0x08005d70                __unpack_d
                0x080060b4                __adddf3
                0x080068bc                __fixdfsi
                0x080067f4                __ledf2
                0x0800654c                __fpcmp_parts_d
                0x08006930                __negdf2
                0x080063c4                __divdf3
                0x0800611c                __muldf3
                0x08006980                __truncdfsf2
                0x080066c4                __nedf2
                0x0800675c                __gedf2
                0x080060e4                __subdf3
                0x08005c28                __pack_d
 .text          0x080069c4      0x94c c:/progra~1/cygnus/thumbelf-000512/H-i686-cygwin32/lib/gcc-lib/thumb-elf/2.9-arm-000512/libgcc.a(fp-bit.o)
                0x08006e38                __divsf3
                0x08007240                __fixsfsi
                0x080072cc                __make_fp
                0x08006ca0                __subsf3
                0x08007198                __lesf2
                0x080072e4                __extendsfdf2
                0x08007078                __nesf2
                0x08006a7c                __unpack_f
                0x080070c0                __gtsf2
                0x080069c4                __pack_f
                0x080071e0                __floatsisf
                0x08007030                __eqsf2
                0x080072a8                __negsf2
                0x08007008                __cmpsf2
                0x08007150                __ltsf2
                0x08006cd4                __mulsf3
                0x08007108                __gesf2
                0x08006f24                __fpcmp_parts_f
                0x08006c74                __addsf3
 .text          0x08007310       0x34 c:/progra~1/cygnus/thumbelf-000512/H-i686-cygwin32/lib/gcc-lib/thumb-elf/2.9-arm-000512/libgcc.a(_lshrdi3.o)
                0x08007310                __lshrdi3
 .text          0x08007344       0x70 c:/progra~1/cygnus/thumbelf-000512/H-i686-cygwin32/lib/gcc-lib/thumb-elf/2.9-arm-000512/libgcc.a(_muldi3.o)
                0x08007344                __muldi3
 .text          0x080073b4       0x18 c:/progra~1/cygnus/thumbelf-000512/H-i686-cygwin32/lib/gcc-lib/thumb-elf/2.9-arm-000512/libgcc.a(_negdi2.o)
                0x080073b4                __negdi2
 *(.text.*)
 *(.stub)
 *(.gnu.warning)
 *(.gnu.linkonce.t*)
 *(.glue_7t)
 .glue_7t       0x080073cc       0x28 c:/progra~1/cygnus/thumbelf-000512/H-i686-cygwin32/lib/gcc-lib/thumb-elf/2.9-arm-000512/libgcc.a(_negdi2.o)
                0x080073f0                __restoreTaskRegisters_change_to_arm
                0x080073d8                __executeTaskingSystem_change_to_arm
                0x080073d0                __sleepme_change_to_arm
                0x080073cc                __sleepme_from_thumb
                0x080073d4                __executeTaskingSystem_from_thumb
                0x080073e8                __setSystemStack_change_to_arm
                0x080073ec                __restoreTaskRegisters_from_thumb
                0x080073e4                __setSystemStack_from_thumb
                0x080073e0                __returnFromTaskingSystem_change_to_arm
                0x080073dc                __returnFromTaskingSystem_from_thumb
 *(.glue_7)
 .glue_7        0x080073f4       0x18 c:/progra~1/cygnus/thumbelf-000512/H-i686-cygwin32/lib/gcc-lib/thumb-elf/2.9-arm-000512/libgcc.a(_negdi2.o)
                0x08007400                __stackFailMessage_from_arm
                0x080073f4                __getNextTask_from_arm
                0x0800740c                _etext=.
                0x0800740c                PROVIDE (etext, .)

.fini
 *(.fini)

.rodata         0x0800740c    0x1a85c
 *(.rodata)
 .rodata        0x0800740c      0x114 main.o
 .rodata        0x08007520       0x28 oam.o
                0x08007520                defaultOAM
 .rodata        0x08007548       0x4c interrupt.o
 .rodata        0x08007594       0x54 task.o
 .rodata        0x080075e8    0x1a464 fontprn/fontprn.o
                0x080075e8                font8
                0x080219e8                fontOamData
 .rodata        0x08021a4c       0x7c c:/progra~1/cygnus/thumbelf-000512/H-i686-cygwin32/thumb-elf/lib/libc.a(vfprintf.o)
 .rodata        0x08021ac8       0x14 c:/progra~1/cygnus/thumbelf-000512/H-i686-cygwin32/thumb-elf/lib/libc.a(dtoa.o)
 .rodata        0x08021adc        0x4 c:/progra~1/cygnus/thumbelf-000512/H-i686-cygwin32/thumb-elf/lib/libc.a(impure.o)
 .rodata        0x08021ae0       0x3c c:/progra~1/cygnus/thumbelf-000512/H-i686-cygwin32/thumb-elf/lib/libc.a(locale.o)
 .rodata        0x08021b1c      0x124 c:/progra~1/cygnus/thumbelf-000512/H-i686-cygwin32/thumb-elf/lib/libc.a(mprec.o)
                0x08021c18                __mprec_tinytens
                0x08021b28                __mprec_tens
                0x08021bf0                __mprec_bigtens
 .rodata        0x08021c40       0x28 c:/progra~1/cygnus/thumbelf-000512/H-i686-cygwin32/thumb-elf/lib/libc.a(syscalls.o)
 *(.rodata.*)
 *(.gnu.linkonce.r*)

.rodata1
 *(.rodata1)
                0x08021d68                .=(ALIGN(0x100)+(.&0xff))

.data           0x08021d68      0x788
 *(.data)
 .data          0x08021d68       0x3c interrupt.o
                0x08021d68                IRQFunctions
 .data          0x08021da4        0x4 task.o
 .data          0x08021da8      0x2f0 c:/progra~1/cygnus/thumbelf-000512/H-i686-cygwin32/thumb-elf/lib/libc.a(impure.o)
                0x08022094                _impure_ptr
 .data          0x08022098       0x14 c:/progra~1/cygnus/thumbelf-000512/H-i686-cygwin32/thumb-elf/lib/libc.a(locale.o)
                0x08022098                __mb_cur_max
 .data          0x080220ac      0x444 c:/progra~1/cygnus/thumbelf-000512/H-i686-cygwin32/thumb-elf/lib/libc.a(mallocr.o)
                0x080224b8                __malloc_top_pad
                0x080224c0                __malloc_max_sbrked_mem
                0x080224bc                __malloc_sbrk_base
                0x080224c8                __malloc_current_mallinfo
                0x080220ac                __malloc_av_
                0x080224c4                __malloc_max_total_mem
                0x080224b4                __malloc_trim_threshold
 *(.data.*)
 *(.gnu.linkonce.d*)

.data1
 *(.data1)

.ctors
 EXCLUDE_FILE ( *crtend.o )*(.ctors)
 *(SORT(.ctors.*))
 *crtend(.ctors)

.dtors
 EXCLUDE_FILE ( *crtend.o )*(.dtors)
 *(SORT(.dtors.*))
 *crtend.o(.dtors)

.got
 *(.got.plt)
 *(.got)

.dynamic
 *(.dynamic)

.sdata
 *(.sdata)
 *(.sdata.*)
                0x080224f0                _edata=.
                0x080224f0                PROVIDE (edata, .)
                0x080224f0                __bss_start=.
                0x080224f0                __bss_start__=.

.sbss
 *(.sbss)
 *(.scommon)

.bss            0x03000000     0x1b5c
 *(.dynbss)
 *(.bss)
 .bss           0x03000000        0x4 interrupt.o
 *fill*         0x03000004        0x4
 .bss           0x03000008      0x9d0 fontprn/fontprn.o
 .bss           0x030009d8       0xb0 c:/progra~1/cygnus/thumbelf-000512/H-i686-cygwin32/thumb-elf/lib/libc.a(syscalls.o)
 .bss           0x03000a88       0x14 c:/progra~1/cygnus/thumbelf-000512/H-i686-cygwin32/lib/gcc-lib/thumb-elf/2.9-arm-000512/libgcc.a(dp-bit.o)
 *fill*         0x03000a9c        0x4
 .bss           0x03000aa0       0x10 c:/progra~1/cygnus/thumbelf-000512/H-i686-cygwin32/lib/gcc-lib/thumb-elf/2.9-arm-000512/libgcc.a(fp-bit.o)
 *(.bss.*)
 *(COMMON)
 COMMON         0x03000ab0       0x10 main.o
                                  0x0 (size before relaxing)
                0x03000ab0                task1
                0x03000ab4                task2
                0x03000ab8                printPos
                0x03000abc                task3
 COMMON         0x03000ac0      0x700 oam.o
                                  0x0 (size before relaxing)
                0x03000ac0                global_oamData
                0x03000ec0                affineWork
 COMMON         0x030011c0      0x120 util.o
                                  0x0 (size before relaxing)
                0x030011c0                global_debugFlags
                0x030011e0                global_printBuffer
 COMMON         0x030012e0      0x864 interrupt.o
                                  0x0 (size before relaxing)
                0x030012e0                global_systemInfoPtr
                0x030012f0                global_systemInfo
 COMMON         0x03001b44       0x14 task.o
                                  0x0 (size before relaxing)
                0x03001b44                global_activeTask
                0x03001b48                systemStack
                0x03001b4c                tasksRunning
                0x03001b50                systemRA
                0x03001b54                global_spawnedTask
 COMMON         0x03001b58        0x4 c:/progra~1/cygnus/thumbelf-000512/H-i686-cygwin32/thumb-elf/lib/libc.a(sbrkr.o)
                                  0x0 (size before relaxing)
                0x03001b58                errno
                0x03001b5c                .=ALIGN(0x4)
                0x03001b5c                .=ALIGN(0x4)
                0x03001b5c                _end=.
                0x03001b5c                _bss_end__=.
                0x03001b5c                __bss_end__=.
                0x03001b5c                PROVIDE (end, .)

.stab
 *(.stab)

.stabstr
 *(.stabstr)

.stab.excl
 *(.stab.excl)

.stab.exclstr
 *(.stab.exclstr)

.stab.index
 *(.stab.index)

.stab.indexstr
 *(.stab.indexstr)

.comment
 *(.comment)

.debug
 *(.debug)

.line
 *(.line)

.debug_srcinfo
 *(.debug_srcinfo)

.debug_sfnames
 *(.debug_sfnames)

.debug_aranges  0x00000000      0x5a0
 *(.debug_aranges)
 .debug_aranges
                0x00000000       0x20 main.o
 .debug_aranges
                0x00000020       0x20 oam.o
 .debug_aranges
                0x00000040       0x20 util.o
 .debug_aranges
                0x00000060       0x20 interrupt.o
 .debug_aranges
                0x00000080       0x20 task.o
 .debug_aranges
                0x000000a0       0x20 fontprn/fontprn.o
 .debug_aranges
                0x000000c0       0x20 c:/progra~1/cygnus/thumbelf-000512/H-i686-cygwin32/thumb-elf/lib/libc.a(memcpy.o)
 .debug_aranges
                0x000000e0       0x20 c:/progra~1/cygnus/thumbelf-000512/H-i686-cygwin32/thumb-elf/lib/libc.a(sprintf.o)
 .debug_aranges
                0x00000100       0x20 c:/progra~1/cygnus/thumbelf-000512/H-i686-cygwin32/thumb-elf/lib/libc.a(vfprintf.o)
 .debug_aranges
                0x00000120       0x20 c:/progra~1/cygnus/thumbelf-000512/H-i686-cygwin32/thumb-elf/lib/libc.a(wsetup.o)
 .debug_aranges
                0x00000140       0x20 c:/progra~1/cygnus/thumbelf-000512/H-i686-cygwin32/thumb-elf/lib/libc.a(dtoa.o)
 .debug_aranges
                0x00000160       0x20 c:/progra~1/cygnus/thumbelf-000512/H-i686-cygwin32/thumb-elf/lib/libc.a(fflush.o)
 .debug_aranges
                0x00000180       0x20 c:/progra~1/cygnus/thumbelf-000512/H-i686-cygwin32/thumb-elf/lib/libc.a(findfp.o)
 .debug_aranges
                0x000001a0       0x20 c:/progra~1/cygnus/thumbelf-000512/H-i686-cygwin32/thumb-elf/lib/libc.a(freer.o)
 .debug_aranges
                0x000001c0       0x20 c:/progra~1/cygnus/thumbelf-000512/H-i686-cygwin32/thumb-elf/lib/libc.a(fvwrite.o)
 .debug_aranges
                0x000001e0       0x20 c:/progra~1/cygnus/thumbelf-000512/H-i686-cygwin32/thumb-elf/lib/libc.a(fwalk.o)
 .debug_aranges
                0x00000200       0x20 c:/progra~1/cygnus/thumbelf-000512/H-i686-cygwin32/thumb-elf/lib/libc.a(locale.o)
 .debug_aranges
                0x00000220       0x20 c:/progra~1/cygnus/thumbelf-000512/H-i686-cygwin32/thumb-elf/lib/libc.a(makebuf.o)
 .debug_aranges
                0x00000240       0x20 c:/progra~1/cygnus/thumbelf-000512/H-i686-cygwin32/thumb-elf/lib/libc.a(mallocr.o)
 .debug_aranges
                0x00000260       0x20 c:/progra~1/cygnus/thumbelf-000512/H-i686-cygwin32/thumb-elf/lib/libc.a(mbtowc_r.o)
 .debug_aranges
                0x00000280       0x20 c:/progra~1/cygnus/thumbelf-000512/H-i686-cygwin32/thumb-elf/lib/libc.a(memchr.o)
 .debug_aranges
                0x000002a0       0x20 c:/progra~1/cygnus/thumbelf-000512/H-i686-cygwin32/thumb-elf/lib/libc.a(memmove.o)
 .debug_aranges
                0x000002c0       0x20 c:/progra~1/cygnus/thumbelf-000512/H-i686-cygwin32/thumb-elf/lib/libc.a(memset.o)
 .debug_aranges
                0x000002e0       0x20 c:/progra~1/cygnus/thumbelf-000512/H-i686-cygwin32/thumb-elf/lib/libc.a(mlock.o)
 .debug_aranges
                0x00000300       0x20 c:/progra~1/cygnus/thumbelf-000512/H-i686-cygwin32/thumb-elf/lib/libc.a(mprec.o)
 .debug_aranges
                0x00000320       0x20 c:/progra~1/cygnus/thumbelf-000512/H-i686-cygwin32/thumb-elf/lib/libc.a(s_isinf.o)
 .debug_aranges
                0x00000340       0x20 c:/progra~1/cygnus/thumbelf-000512/H-i686-cygwin32/thumb-elf/lib/libc.a(s_isnan.o)
 .debug_aranges
                0x00000360       0x20 c:/progra~1/cygnus/thumbelf-000512/H-i686-cygwin32/thumb-elf/lib/libc.a(sbrkr.o)
 .debug_aranges
                0x00000380       0x20 c:/progra~1/cygnus/thumbelf-000512/H-i686-cygwin32/thumb-elf/lib/libc.a(stdio.o)
 .debug_aranges
                0x000003a0       0x20 c:/progra~1/cygnus/thumbelf-000512/H-i686-cygwin32/thumb-elf/lib/libc.a(strcmp.o)
 .debug_aranges
                0x000003c0       0x20 c:/progra~1/cygnus/thumbelf-000512/H-i686-cygwin32/thumb-elf/lib/libc.a(strlen.o)
 .debug_aranges
                0x000003e0       0x20 c:/progra~1/cygnus/thumbelf-000512/H-i686-cygwin32/thumb-elf/lib/libc.a(syscalls.o)
 .debug_aranges
                0x00000400       0x20 c:/progra~1/cygnus/thumbelf-000512/H-i686-cygwin32/thumb-elf/lib/libc.a(writer.o)
 .debug_aranges
                0x00000420       0x20 c:/progra~1/cygnus/thumbelf-000512/H-i686-cygwin32/thumb-elf/lib/libc.a(callocr.o)
 .debug_aranges
                0x00000440       0x20 c:/progra~1/cygnus/thumbelf-000512/H-i686-cygwin32/thumb-elf/lib/libc.a(closer.o)
 .debug_aranges
                0x00000460       0x20 c:/progra~1/cygnus/thumbelf-000512/H-i686-cygwin32/thumb-elf/lib/libc.a(errno.o)
 .debug_aranges
                0x00000480       0x20 c:/progra~1/cygnus/thumbelf-000512/H-i686-cygwin32/thumb-elf/lib/libc.a(fstatr.o)
 .debug_aranges
                0x000004a0       0x20 c:/progra~1/cygnus/thumbelf-000512/H-i686-cygwin32/thumb-elf/lib/libc.a(libcfunc.o)
 .debug_aranges
                0x000004c0       0x20 c:/progra~1/cygnus/thumbelf-000512/H-i686-cygwin32/thumb-elf/lib/libc.a(lseekr.o)
 .debug_aranges
                0x000004e0       0x20 c:/progra~1/cygnus/thumbelf-000512/H-i686-cygwin32/thumb-elf/lib/libc.a(readr.o)
 .debug_aranges
                0x00000500       0x20 c:/progra~1/cygnus/thumbelf-000512/H-i686-cygwin32/lib/gcc-lib/thumb-elf/2.9-arm-000512/libgcc.a(dp-bit.o)
 .debug_aranges
                0x00000520       0x20 c:/progra~1/cygnus/thumbelf-000512/H-i686-cygwin32/lib/gcc-lib/thumb-elf/2.9-arm-000512/libgcc.a(fp-bit.o)
 .debug_aranges
                0x00000540       0x20 c:/progra~1/cygnus/thumbelf-000512/H-i686-cygwin32/lib/gcc-lib/thumb-elf/2.9-arm-000512/libgcc.a(_lshrdi3.o)
 .debug_aranges
                0x00000560       0x20 c:/progra~1/cygnus/thumbelf-000512/H-i686-cygwin32/lib/gcc-lib/thumb-elf/2.9-arm-000512/libgcc.a(_muldi3.o)
 .debug_aranges
                0x00000580       0x20 c:/progra~1/cygnus/thumbelf-000512/H-i686-cygwin32/lib/gcc-lib/thumb-elf/2.9-arm-000512/libgcc.a(_negdi2.o)

.debug_pubnames
                0x00000000      0xff0
 *(.debug_pubnames)
 .debug_pubnames
                0x00000000       0xbc main.o
 .debug_pubnames
                0x000000bc       0x9f oam.o
 .debug_pubnames
                0x0000015b      0x128 util.o
 .debug_pubnames
                0x00000283      0x110 interrupt.o
 .debug_pubnames
                0x00000393      0x146 task.o
 .debug_pubnames
                0x000004d9       0xc6 fontprn/fontprn.o
 .debug_pubnames
                0x0000059f       0x1d c:/progra~1/cygnus/thumbelf-000512/H-i686-cygwin32/thumb-elf/lib/libc.a(memcpy.o)
 .debug_pubnames
                0x000005bc       0x2d c:/progra~1/cygnus/thumbelf-000512/H-i686-cygwin32/thumb-elf/lib/libc.a(sprintf.o)
 .debug_pubnames
                0x000005e9       0x2f c:/progra~1/cygnus/thumbelf-000512/H-i686-cygwin32/thumb-elf/lib/libc.a(vfprintf.o)
 .debug_pubnames
                0x00000618       0x20 c:/progra~1/cygnus/thumbelf-000512/H-i686-cygwin32/thumb-elf/lib/libc.a(wsetup.o)
 .debug_pubnames
                0x00000638       0x1e c:/progra~1/cygnus/thumbelf-000512/H-i686-cygwin32/thumb-elf/lib/libc.a(dtoa.o)
 .debug_pubnames
                0x00000656       0x1d c:/progra~1/cygnus/thumbelf-000512/H-i686-cygwin32/thumb-elf/lib/libc.a(fflush.o)
 .debug_pubnames
                0x00000673       0x55 c:/progra~1/cygnus/thumbelf-000512/H-i686-cygwin32/thumb-elf/lib/libc.a(findfp.o)
 .debug_pubnames
                0x000006c8       0x31 c:/progra~1/cygnus/thumbelf-000512/H-i686-cygwin32/thumb-elf/lib/libc.a(freer.o)
 .debug_pubnames
                0x000006f9       0x21 c:/progra~1/cygnus/thumbelf-000512/H-i686-cygwin32/thumb-elf/lib/libc.a(fvwrite.o)
 .debug_pubnames
                0x0000071a       0x1d c:/progra~1/cygnus/thumbelf-000512/H-i686-cygwin32/thumb-elf/lib/libc.a(fwalk.o)
 .debug_pubnames
                0x00000737       0x22 c:/progra~1/cygnus/thumbelf-000512/H-i686-cygwin32/thumb-elf/lib/libc.a(impure.o)
 .debug_pubnames
                0x00000759       0x63 c:/progra~1/cygnus/thumbelf-000512/H-i686-cygwin32/thumb-elf/lib/libc.a(locale.o)
 .debug_pubnames
                0x000007bc       0x21 c:/progra~1/cygnus/thumbelf-000512/H-i686-cygwin32/thumb-elf/lib/libc.a(makebuf.o)
 .debug_pubnames
                0x000007dd       0xce c:/progra~1/cygnus/thumbelf-000512/H-i686-cygwin32/thumb-elf/lib/libc.a(mallocr.o)
 .debug_pubnames
                0x000008ab       0x20 c:/progra~1/cygnus/thumbelf-000512/H-i686-cygwin32/thumb-elf/lib/libc.a(mbtowc_r.o)
 .debug_pubnames
                0x000008cb       0x1d c:/progra~1/cygnus/thumbelf-000512/H-i686-cygwin32/thumb-elf/lib/libc.a(memchr.o)
 .debug_pubnames
                0x000008e8       0x1e c:/progra~1/cygnus/thumbelf-000512/H-i686-cygwin32/thumb-elf/lib/libc.a(memmove.o)
 .debug_pubnames
                0x00000906       0x1d c:/progra~1/cygnus/thumbelf-000512/H-i686-cygwin32/thumb-elf/lib/libc.a(memset.o)
 .debug_pubnames
                0x00000923       0x38 c:/progra~1/cygnus/thumbelf-000512/H-i686-cygwin32/thumb-elf/lib/libc.a(mlock.o)
 .debug_pubnames
                0x0000095b      0x112 c:/progra~1/cygnus/thumbelf-000512/H-i686-cygwin32/thumb-elf/lib/libc.a(mprec.o)
 .debug_pubnames
                0x00000a6d       0x1c c:/progra~1/cygnus/thumbelf-000512/H-i686-cygwin32/thumb-elf/lib/libc.a(s_isinf.o)
 .debug_pubnames
                0x00000a89       0x1c c:/progra~1/cygnus/thumbelf-000512/H-i686-cygwin32/thumb-elf/lib/libc.a(s_isnan.o)
 .debug_pubnames
                0x00000aa5       0x28 c:/progra~1/cygnus/thumbelf-000512/H-i686-cygwin32/thumb-elf/lib/libc.a(sbrkr.o)
 .debug_pubnames
                0x00000acd       0x44 c:/progra~1/cygnus/thumbelf-000512/H-i686-cygwin32/thumb-elf/lib/libc.a(stdio.o)
 .debug_pubnames
                0x00000b11       0x1d c:/progra~1/cygnus/thumbelf-000512/H-i686-cygwin32/thumb-elf/lib/libc.a(strcmp.o)
 .debug_pubnames
                0x00000b2e       0x1d c:/progra~1/cygnus/thumbelf-000512/H-i686-cygwin32/thumb-elf/lib/libc.a(strlen.o)
 .debug_pubnames
                0x00000b4b      0x113 c:/progra~1/cygnus/thumbelf-000512/H-i686-cygwin32/thumb-elf/lib/libc.a(syscalls.o)
 .debug_pubnames
                0x00000c5e       0x1f c:/progra~1/cygnus/thumbelf-000512/H-i686-cygwin32/thumb-elf/lib/libc.a(writer.o)
 .debug_pubnames
                0x00000c7d       0x20 c:/progra~1/cygnus/thumbelf-000512/H-i686-cygwin32/thumb-elf/lib/libc.a(callocr.o)
 .debug_pubnames
                0x00000c9d       0x1f c:/progra~1/cygnus/thumbelf-000512/H-i686-cygwin32/thumb-elf/lib/libc.a(closer.o)
 .debug_pubnames
                0x00000cbc       0x1e c:/progra~1/cygnus/thumbelf-000512/H-i686-cygwin32/thumb-elf/lib/libc.a(errno.o)
 .debug_pubnames
                0x00000cda       0x1f c:/progra~1/cygnus/thumbelf-000512/H-i686-cygwin32/thumb-elf/lib/libc.a(fstatr.o)
 .debug_pubnames
                0x00000cf9       0x31 c:/progra~1/cygnus/thumbelf-000512/H-i686-cygwin32/thumb-elf/lib/libc.a(libcfunc.o)
 .debug_pubnames
                0x00000d2a       0x1f c:/progra~1/cygnus/thumbelf-000512/H-i686-cygwin32/thumb-elf/lib/libc.a(lseekr.o)
 .debug_pubnames
                0x00000d49       0x1e c:/progra~1/cygnus/thumbelf-000512/H-i686-cygwin32/thumb-elf/lib/libc.a(readr.o)
 .debug_pubnames
                0x00000d67      0x115 c:/progra~1/cygnus/thumbelf-000512/H-i686-cygwin32/lib/gcc-lib/thumb-elf/2.9-arm-000512/libgcc.a(dp-bit.o)
 .debug_pubnames
                0x00000e7c      0x116 c:/progra~1/cygnus/thumbelf-000512/H-i686-cygwin32/lib/gcc-lib/thumb-elf/2.9-arm-000512/libgcc.a(fp-bit.o)
 .debug_pubnames
                0x00000f92       0x20 c:/progra~1/cygnus/thumbelf-000512/H-i686-cygwin32/lib/gcc-lib/thumb-elf/2.9-arm-000512/libgcc.a(_lshrdi3.o)
 .debug_pubnames
                0x00000fb2       0x1f c:/progra~1/cygnus/thumbelf-000512/H-i686-cygwin32/lib/gcc-lib/thumb-elf/2.9-arm-000512/libgcc.a(_muldi3.o)
 .debug_pubnames
                0x00000fd1       0x1f c:/progra~1/cygnus/thumbelf-000512/H-i686-cygwin32/lib/gcc-lib/thumb-elf/2.9-arm-000512/libgcc.a(_negdi2.o)

.debug_info     0x00000000    0x2f336
 *(.debug_info)
 .debug_info    0x00000000     0x3cef main.o
 .debug_info    0x00003cef     0x3aaf oam.o
 .debug_info    0x0000779e     0x3c35 util.o
 .debug_info    0x0000b3d3     0x3c7c interrupt.o
 .debug_info    0x0000f04f     0x41e5 task.o
 .debug_info    0x00013234     0x3357 fontprn/fontprn.o
 .debug_info    0x0001658b      0x24b c:/progra~1/cygnus/thumbelf-000512/H-i686-cygwin32/thumb-elf/lib/libc.a(memcpy.o)
 .debug_info    0x000167d6      0xbb5 c:/progra~1/cygnus/thumbelf-000512/H-i686-cygwin32/thumb-elf/lib/libc.a(sprintf.o)
 .debug_info    0x0001738b     0x1809 c:/progra~1/cygnus/thumbelf-000512/H-i686-cygwin32/thumb-elf/lib/libc.a(vfprintf.o)
 .debug_info    0x00018b94      0xb74 c:/progra~1/cygnus/thumbelf-000512/H-i686-cygwin32/thumb-elf/lib/libc.a(wsetup.o)
 .debug_info    0x00019708     0x1243 c:/progra~1/cygnus/thumbelf-000512/H-i686-cygwin32/thumb-elf/lib/libc.a(dtoa.o)
 .debug_info    0x0001a94b      0xb2b c:/progra~1/cygnus/thumbelf-000512/H-i686-cygwin32/thumb-elf/lib/libc.a(fflush.o)
 .debug_info    0x0001b476      0xca7 c:/progra~1/cygnus/thumbelf-000512/H-i686-cygwin32/thumb-elf/lib/libc.a(findfp.o)
 .debug_info    0x0001c11d      0xe2d c:/progra~1/cygnus/thumbelf-000512/H-i686-cygwin32/thumb-elf/lib/libc.a(freer.o)
 .debug_info    0x0001cf4a      0xc18 c:/progra~1/cygnus/thumbelf-000512/H-i686-cygwin32/thumb-elf/lib/libc.a(fvwrite.o)
 .debug_info    0x0001db62      0xbae c:/progra~1/cygnus/thumbelf-000512/H-i686-cygwin32/thumb-elf/lib/libc.a(fwalk.o)
 .debug_info    0x0001e710      0x90d c:/progra~1/cygnus/thumbelf-000512/H-i686-cygwin32/thumb-elf/lib/libc.a(impure.o)
 .debug_info    0x0001f01d      0xc33 c:/progra~1/cygnus/thumbelf-000512/H-i686-cygwin32/thumb-elf/lib/libc.a(locale.o)
 .debug_info    0x0001fc50      0xd3f c:/progra~1/cygnus/thumbelf-000512/H-i686-cygwin32/thumb-elf/lib/libc.a(makebuf.o)
 .debug_info    0x0002098f      0xf56 c:/progra~1/cygnus/thumbelf-000512/H-i686-cygwin32/thumb-elf/lib/libc.a(mallocr.o)
 .debug_info    0x000218e5      0xb86 c:/progra~1/cygnus/thumbelf-000512/H-i686-cygwin32/thumb-elf/lib/libc.a(mbtowc_r.o)
 .debug_info    0x0002246b      0x209 c:/progra~1/cygnus/thumbelf-000512/H-i686-cygwin32/thumb-elf/lib/libc.a(memchr.o)
 .debug_info    0x00022674      0x257 c:/progra~1/cygnus/thumbelf-000512/H-i686-cygwin32/thumb-elf/lib/libc.a(memmove.o)
 .debug_info    0x000228cb      0x20d c:/progra~1/cygnus/thumbelf-000512/H-i686-cygwin32/thumb-elf/lib/libc.a(memset.o)
 .debug_info    0x00022ad8      0x9d1 c:/progra~1/cygnus/thumbelf-000512/H-i686-cygwin32/thumb-elf/lib/libc.a(mlock.o)
 .debug_info    0x000234a9     0x1741 c:/progra~1/cygnus/thumbelf-000512/H-i686-cygwin32/thumb-elf/lib/libc.a(mprec.o)
 .debug_info    0x00024bea      0xacf c:/progra~1/cygnus/thumbelf-000512/H-i686-cygwin32/thumb-elf/lib/libc.a(s_isinf.o)
 .debug_info    0x000256b9      0xacf c:/progra~1/cygnus/thumbelf-000512/H-i686-cygwin32/thumb-elf/lib/libc.a(s_isnan.o)
 .debug_info    0x00026188      0xaea c:/progra~1/cygnus/thumbelf-000512/H-i686-cygwin32/thumb-elf/lib/libc.a(sbrkr.o)
 .debug_info    0x00026c72      0xe8f c:/progra~1/cygnus/thumbelf-000512/H-i686-cygwin32/thumb-elf/lib/libc.a(stdio.o)
 .debug_info    0x00027b01      0x1a1 c:/progra~1/cygnus/thumbelf-000512/H-i686-cygwin32/thumb-elf/lib/libc.a(strcmp.o)
 .debug_info    0x00027ca2      0x1ad c:/progra~1/cygnus/thumbelf-000512/H-i686-cygwin32/thumb-elf/lib/libc.a(strlen.o)
 .debug_info    0x00027e4f     0x1833 c:/progra~1/cygnus/thumbelf-000512/H-i686-cygwin32/thumb-elf/lib/libc.a(syscalls.o)
 .debug_info    0x00029682      0xb12 c:/progra~1/cygnus/thumbelf-000512/H-i686-cygwin32/thumb-elf/lib/libc.a(writer.o)
 .debug_info    0x0002a194      0xce0 c:/progra~1/cygnus/thumbelf-000512/H-i686-cygwin32/thumb-elf/lib/libc.a(callocr.o)
 .debug_info    0x0002ae74      0xadb c:/progra~1/cygnus/thumbelf-000512/H-i686-cygwin32/thumb-elf/lib/libc.a(closer.o)
 .debug_info    0x0002b94f      0x91b c:/progra~1/cygnus/thumbelf-000512/H-i686-cygwin32/thumb-elf/lib/libc.a(errno.o)
 .debug_info    0x0002c26a      0xaf0 c:/progra~1/cygnus/thumbelf-000512/H-i686-cygwin32/thumb-elf/lib/libc.a(fstatr.o)
 .debug_info    0x0002cd5a      0x1ab c:/progra~1/cygnus/thumbelf-000512/H-i686-cygwin32/thumb-elf/lib/libc.a(libcfunc.o)
 .debug_info    0x0002cf05      0xb0b c:/progra~1/cygnus/thumbelf-000512/H-i686-cygwin32/thumb-elf/lib/libc.a(lseekr.o)
 .debug_info    0x0002da10      0xb09 c:/progra~1/cygnus/thumbelf-000512/H-i686-cygwin32/thumb-elf/lib/libc.a(readr.o)
 .debug_info    0x0002e519      0x5ed c:/progra~1/cygnus/thumbelf-000512/H-i686-cygwin32/lib/gcc-lib/thumb-elf/2.9-arm-000512/libgcc.a(dp-bit.o)
 .debug_info    0x0002eb06      0x5ee c:/progra~1/cygnus/thumbelf-000512/H-i686-cygwin32/lib/gcc-lib/thumb-elf/2.9-arm-000512/libgcc.a(fp-bit.o)
 .debug_info    0x0002f0f4       0xc1 c:/progra~1/cygnus/thumbelf-000512/H-i686-cygwin32/lib/gcc-lib/thumb-elf/2.9-arm-000512/libgcc.a(_lshrdi3.o)
 .debug_info    0x0002f1b5       0xc1 c:/progra~1/cygnus/thumbelf-000512/H-i686-cygwin32/lib/gcc-lib/thumb-elf/2.9-arm-000512/libgcc.a(_muldi3.o)
 .debug_info    0x0002f276       0xc0 c:/progra~1/cygnus/thumbelf-000512/H-i686-cygwin32/lib/gcc-lib/thumb-elf/2.9-arm-000512/libgcc.a(_negdi2.o)

.debug_abbrev   0x00000000     0x34ae
 *(.debug_abbrev)
 .debug_abbrev  0x00000000      0x208 main.o
 .debug_abbrev  0x00000208      0x198 oam.o
 .debug_abbrev  0x000003a0      0x1de util.o
 .debug_abbrev  0x0000057e      0x21d interrupt.o
 .debug_abbrev  0x0000079b      0x258 task.o
 .debug_abbrev  0x000009f3      0x1ee fontprn/fontprn.o
 .debug_abbrev  0x00000be1       0x8b c:/progra~1/cygnus/thumbelf-000512/H-i686-cygwin32/thumb-elf/lib/libc.a(memcpy.o)
 .debug_abbrev  0x00000c6c      0x138 c:/progra~1/cygnus/thumbelf-000512/H-i686-cygwin32/thumb-elf/lib/libc.a(sprintf.o)
 .debug_abbrev  0x00000da4      0x1fe c:/progra~1/cygnus/thumbelf-000512/H-i686-cygwin32/thumb-elf/lib/libc.a(vfprintf.o)
 .debug_abbrev  0x00000fa2      0x117 c:/progra~1/cygnus/thumbelf-000512/H-i686-cygwin32/thumb-elf/lib/libc.a(wsetup.o)
 .debug_abbrev  0x000010b9      0x18f c:/progra~1/cygnus/thumbelf-000512/H-i686-cygwin32/thumb-elf/lib/libc.a(dtoa.o)
 .debug_abbrev  0x00001248      0x126 c:/progra~1/cygnus/thumbelf-000512/H-i686-cygwin32/thumb-elf/lib/libc.a(fflush.o)
 .debug_abbrev  0x0000136e      0x170 c:/progra~1/cygnus/thumbelf-000512/H-i686-cygwin32/thumb-elf/lib/libc.a(findfp.o)
 .debug_abbrev  0x000014de      0x162 c:/progra~1/cygnus/thumbelf-000512/H-i686-cygwin32/thumb-elf/lib/libc.a(freer.o)
 .debug_abbrev  0x00001640      0x127 c:/progra~1/cygnus/thumbelf-000512/H-i686-cygwin32/thumb-elf/lib/libc.a(fvwrite.o)
 .debug_abbrev  0x00001767      0x123 c:/progra~1/cygnus/thumbelf-000512/H-i686-cygwin32/thumb-elf/lib/libc.a(fwalk.o)
 .debug_abbrev  0x0000188a       0xeb c:/progra~1/cygnus/thumbelf-000512/H-i686-cygwin32/thumb-elf/lib/libc.a(impure.o)
 .debug_abbrev  0x00001975      0x141 c:/progra~1/cygnus/thumbelf-000512/H-i686-cygwin32/thumb-elf/lib/libc.a(locale.o)
 .debug_abbrev  0x00001ab6      0x113 c:/progra~1/cygnus/thumbelf-000512/H-i686-cygwin32/thumb-elf/lib/libc.a(makebuf.o)
 .debug_abbrev  0x00001bc9      0x16d c:/progra~1/cygnus/thumbelf-000512/H-i686-cygwin32/thumb-elf/lib/libc.a(mallocr.o)
 .debug_abbrev  0x00001d36      0x10c c:/progra~1/cygnus/thumbelf-000512/H-i686-cygwin32/thumb-elf/lib/libc.a(mbtowc_r.o)
 .debug_abbrev  0x00001e42       0x7e c:/progra~1/cygnus/thumbelf-000512/H-i686-cygwin32/thumb-elf/lib/libc.a(memchr.o)
 .debug_abbrev  0x00001ec0       0x8b c:/progra~1/cygnus/thumbelf-000512/H-i686-cygwin32/thumb-elf/lib/libc.a(memmove.o)
 .debug_abbrev  0x00001f4b       0x7f c:/progra~1/cygnus/thumbelf-000512/H-i686-cygwin32/thumb-elf/lib/libc.a(memset.o)
 .debug_abbrev  0x00001fca       0xec c:/progra~1/cygnus/thumbelf-000512/H-i686-cygwin32/thumb-elf/lib/libc.a(mlock.o)
 .debug_abbrev  0x000020b6      0x1d3 c:/progra~1/cygnus/thumbelf-000512/H-i686-cygwin32/thumb-elf/lib/libc.a(mprec.o)
 .debug_abbrev  0x00002289      0x147 c:/progra~1/cygnus/thumbelf-000512/H-i686-cygwin32/thumb-elf/lib/libc.a(s_isinf.o)
 .debug_abbrev  0x000023d0      0x147 c:/progra~1/cygnus/thumbelf-000512/H-i686-cygwin32/thumb-elf/lib/libc.a(s_isnan.o)
 .debug_abbrev  0x00002517      0x126 c:/progra~1/cygnus/thumbelf-000512/H-i686-cygwin32/thumb-elf/lib/libc.a(sbrkr.o)
 .debug_abbrev  0x0000263d      0x122 c:/progra~1/cygnus/thumbelf-000512/H-i686-cygwin32/thumb-elf/lib/libc.a(stdio.o)
 .debug_abbrev  0x0000275f       0x72 c:/progra~1/cygnus/thumbelf-000512/H-i686-cygwin32/thumb-elf/lib/libc.a(strcmp.o)
 .debug_abbrev  0x000027d1       0x72 c:/progra~1/cygnus/thumbelf-000512/H-i686-cygwin32/thumb-elf/lib/libc.a(strlen.o)
 .debug_abbrev  0x00002843      0x269 c:/progra~1/cygnus/thumbelf-000512/H-i686-cygwin32/thumb-elf/lib/libc.a(syscalls.o)
 .debug_abbrev  0x00002aac      0x12b c:/progra~1/cygnus/thumbelf-000512/H-i686-cygwin32/thumb-elf/lib/libc.a(writer.o)
 .debug_abbrev  0x00002bd7      0x13e c:/progra~1/cygnus/thumbelf-000512/H-i686-cygwin32/thumb-elf/lib/libc.a(callocr.o)
 .debug_abbrev  0x00002d15      0x126 c:/progra~1/cygnus/thumbelf-000512/H-i686-cygwin32/thumb-elf/lib/libc.a(closer.o)
 .debug_abbrev  0x00002e3b       0xf9 c:/progra~1/cygnus/thumbelf-000512/H-i686-cygwin32/thumb-elf/lib/libc.a(errno.o)
 .debug_abbrev  0x00002f34      0x126 c:/progra~1/cygnus/thumbelf-000512/H-i686-cygwin32/thumb-elf/lib/libc.a(fstatr.o)
 .debug_abbrev  0x0000305a       0xce c:/progra~1/cygnus/thumbelf-000512/H-i686-cygwin32/thumb-elf/lib/libc.a(libcfunc.o)
 .debug_abbrev  0x00003128      0x126 c:/progra~1/cygnus/thumbelf-000512/H-i686-cygwin32/thumb-elf/lib/libc.a(lseekr.o)
 .debug_abbrev  0x0000324e      0x126 c:/progra~1/cygnus/thumbelf-000512/H-i686-cygwin32/thumb-elf/lib/libc.a(readr.o)
 .debug_abbrev  0x00003374       0x6d c:/progra~1/cygnus/thumbelf-000512/H-i686-cygwin32/lib/gcc-lib/thumb-elf/2.9-arm-000512/libgcc.a(dp-bit.o)
 .debug_abbrev  0x000033e1       0x6d c:/progra~1/cygnus/thumbelf-000512/H-i686-cygwin32/lib/gcc-lib/thumb-elf/2.9-arm-000512/libgcc.a(fp-bit.o)
 .debug_abbrev  0x0000344e       0x20 c:/progra~1/cygnus/thumbelf-000512/H-i686-cygwin32/lib/gcc-lib/thumb-elf/2.9-arm-000512/libgcc.a(_lshrdi3.o)
 .debug_abbrev  0x0000346e       0x20 c:/progra~1/cygnus/thumbelf-000512/H-i686-cygwin32/lib/gcc-lib/thumb-elf/2.9-arm-000512/libgcc.a(_muldi3.o)
 .debug_abbrev  0x0000348e       0x20 c:/progra~1/cygnus/thumbelf-000512/H-i686-cygwin32/lib/gcc-lib/thumb-elf/2.9-arm-000512/libgcc.a(_negdi2.o)

.debug_line     0x00000000     0xcccc
 *(.debug_line)
 .debug_line    0x00000000      0x6e4 main.o
 .debug_line    0x000006e4      0x577 oam.o
 .debug_line    0x00000c5b      0x747 util.o
 .debug_line    0x000013a2      0x79d interrupt.o
 .debug_line    0x00001b3f      0x8ae task.o
 .debug_line    0x000023ed      0x4c2 fontprn/fontprn.o
 .debug_line    0x000028af      0x1e5 c:/progra~1/cygnus/thumbelf-000512/H-i686-cygwin32/thumb-elf/lib/libc.a(memcpy.o)
 .debug_line    0x00002a94      0x422 c:/progra~1/cygnus/thumbelf-000512/H-i686-cygwin32/thumb-elf/lib/libc.a(sprintf.o)
 .debug_line    0x00002eb6      0xfc9 c:/progra~1/cygnus/thumbelf-000512/H-i686-cygwin32/thumb-elf/lib/libc.a(vfprintf.o)
 .debug_line    0x00003e7f      0x482 c:/progra~1/cygnus/thumbelf-000512/H-i686-cygwin32/thumb-elf/lib/libc.a(wsetup.o)
 .debug_line    0x00004301      0xfd4 c:/progra~1/cygnus/thumbelf-000512/H-i686-cygwin32/thumb-elf/lib/libc.a(dtoa.o)
 .debug_line    0x000052d5      0x41e c:/progra~1/cygnus/thumbelf-000512/H-i686-cygwin32/thumb-elf/lib/libc.a(fflush.o)
 .debug_line    0x000056f3      0x612 c:/progra~1/cygnus/thumbelf-000512/H-i686-cygwin32/thumb-elf/lib/libc.a(findfp.o)
 .debug_line    0x00005d05      0x596 c:/progra~1/cygnus/thumbelf-000512/H-i686-cygwin32/thumb-elf/lib/libc.a(freer.o)
 .debug_line    0x0000629b      0x61a c:/progra~1/cygnus/thumbelf-000512/H-i686-cygwin32/thumb-elf/lib/libc.a(fvwrite.o)
 .debug_line    0x000068b5      0x431 c:/progra~1/cygnus/thumbelf-000512/H-i686-cygwin32/thumb-elf/lib/libc.a(fwalk.o)
 .debug_line    0x00006ce6      0x34a c:/progra~1/cygnus/thumbelf-000512/H-i686-cygwin32/thumb-elf/lib/libc.a(locale.o)
 .debug_line    0x00007030      0x511 c:/progra~1/cygnus/thumbelf-000512/H-i686-cygwin32/thumb-elf/lib/libc.a(makebuf.o)
 .debug_line    0x00007541      0x84c c:/progra~1/cygnus/thumbelf-000512/H-i686-cygwin32/thumb-elf/lib/libc.a(mallocr.o)
 .debug_line    0x00007d8d      0x310 c:/progra~1/cygnus/thumbelf-000512/H-i686-cygwin32/thumb-elf/lib/libc.a(mbtowc_r.o)
 .debug_line    0x0000809d      0x22d c:/progra~1/cygnus/thumbelf-000512/H-i686-cygwin32/thumb-elf/lib/libc.a(memchr.o)
 .debug_line    0x000082ca      0x226 c:/progra~1/cygnus/thumbelf-000512/H-i686-cygwin32/thumb-elf/lib/libc.a(memmove.o)
 .debug_line    0x000084f0      0x20d c:/progra~1/cygnus/thumbelf-000512/H-i686-cygwin32/thumb-elf/lib/libc.a(memset.o)
 .debug_line    0x000086fd      0x279 c:/progra~1/cygnus/thumbelf-000512/H-i686-cygwin32/thumb-elf/lib/libc.a(mlock.o)
 .debug_line    0x00008976      0xf65 c:/progra~1/cygnus/thumbelf-000512/H-i686-cygwin32/thumb-elf/lib/libc.a(mprec.o)
 .debug_line    0x000098db      0x2f2 c:/progra~1/cygnus/thumbelf-000512/H-i686-cygwin32/thumb-elf/lib/libc.a(s_isinf.o)
 .debug_line    0x00009bcd      0x2f2 c:/progra~1/cygnus/thumbelf-000512/H-i686-cygwin32/thumb-elf/lib/libc.a(s_isnan.o)
 .debug_line    0x00009ebf      0x2f3 c:/progra~1/cygnus/thumbelf-000512/H-i686-cygwin32/thumb-elf/lib/libc.a(sbrkr.o)
 .debug_line    0x0000a1b2      0x51a c:/progra~1/cygnus/thumbelf-000512/H-i686-cygwin32/thumb-elf/lib/libc.a(stdio.o)
 .debug_line    0x0000a6cc      0x1bd c:/progra~1/cygnus/thumbelf-000512/H-i686-cygwin32/thumb-elf/lib/libc.a(strcmp.o)
 .debug_line    0x0000a889      0x19d c:/progra~1/cygnus/thumbelf-000512/H-i686-cygwin32/thumb-elf/lib/libc.a(strlen.o)
 .debug_line    0x0000aa26      0xcb1 c:/progra~1/cygnus/thumbelf-000512/H-i686-cygwin32/thumb-elf/lib/libc.a(syscalls.o)
 .debug_line    0x0000b6d7      0x2f4 c:/progra~1/cygnus/thumbelf-000512/H-i686-cygwin32/thumb-elf/lib/libc.a(writer.o)
 .debug_line    0x0000b9cb      0x3db c:/progra~1/cygnus/thumbelf-000512/H-i686-cygwin32/thumb-elf/lib/libc.a(callocr.o)
 .debug_line    0x0000bda6      0x2f4 c:/progra~1/cygnus/thumbelf-000512/H-i686-cygwin32/thumb-elf/lib/libc.a(closer.o)
 .debug_line    0x0000c09a      0x274 c:/progra~1/cygnus/thumbelf-000512/H-i686-cygwin32/thumb-elf/lib/libc.a(errno.o)
 .debug_line    0x0000c30e      0x2f4 c:/progra~1/cygnus/thumbelf-000512/H-i686-cygwin32/thumb-elf/lib/libc.a(fstatr.o)
 .debug_line    0x0000c602       0xe3 c:/progra~1/cygnus/thumbelf-000512/H-i686-cygwin32/thumb-elf/lib/libc.a(libcfunc.o)
 .debug_line    0x0000c6e5      0x2f4 c:/progra~1/cygnus/thumbelf-000512/H-i686-cygwin32/thumb-elf/lib/libc.a(lseekr.o)
 .debug_line    0x0000c9d9      0x2f3 c:/progra~1/cygnus/thumbelf-000512/H-i686-cygwin32/thumb-elf/lib/libc.a(readr.o)

.debug_frame
 *(.debug_frame)

.debug_str
 *(.debug_str)

.debug_loc
 *(.debug_loc)

.debug_macinfo
 *(.debug_macinfo)

.debug_weaknames
 *(.debug_weaknames)

.debug_funcnames
 *(.debug_funcnames)

.debug_typenames
 *(.debug_typenames)

.debug_varnames
 *(.debug_varnames)

.stack          0x00080000        0x0
                0x00080000                _stack=.
 *(.stack)
OUTPUT(project.elf elf32-littlearm)
