Archive member included       because of file (symbol)

./libfontprn.a(fontprn.o)     menu.o (FontPrintInit)
./libbg_rsm.a(bgmain.o)       menuitem.o (bgMain)
./libbg_rsm.a(bgexpl.o)       menuitem.o (bg_title_str)
./libbg_rsm.a(bg_map_map.o)   ./libbg_rsm.a(bgmain.o) (map_data_front)
./libbg_rsm.a(ball.o)         ./libbg_rsm.a(bgmain.o) (ball_Palette)
./libbg_rsm.a(bg_map.o)       ./libbg_rsm.a(bgmain.o) (bg_map_Palette)
./libbg_rsm.a(cl0.o)          ./libbg_rsm.a(bgmain.o) (cl0_Palette)
./libbmpmode.a(bitmap.o)      menuitem.o (bm_Main)
./libbmpmode.a(bmexpl.o)      menuitem.o (bm_title_str)
./libbmpmode.a(img24bit.o)    ./libbmpmode.a(bitmap.o) (img24bit_RawBitmap)
./libbmpmode.a(img24bit2.o)   ./libbmpmode.a(bitmap.o) (img24bit2_RawBitmap)
./libbmpmode.a(umiB.o)        ./libbmpmode.a(bitmap.o) (umiB_Palette)
./libcoleffsm.a(c_effect.o)   menuitem.o (ceMain)
./libcoleffsm.a(ce_data.o)    ./libcoleffsm.a(c_effect.o) (ce_OamData_Sample)
./libcoleffsm.a(ceexpl.o)     menuitem.o (ce_title_str)
./libcoleffsm.a(ce_PS_hey5.o)
                              ./libcoleffsm.a(c_effect.o) (ce_PS_hey5_Palette)
./libcoleffsm.a(ce_bg1.o)     ./libcoleffsm.a(c_effect.o) (ce_bg1_Palette)
./libcoleffsm.a(ce_bg3.o)     ./libcoleffsm.a(c_effect.o) (ce_bg3_Character)
./libalphasm.a(alpha.o)       menuitem.o (apMain)
./libalphasm.a(alpha_data.o)  ./libalphasm.a(alpha.o) (ap_OamData_Sample)
./libalphasm.a(alexpl.o)      menuitem.o (ap_title_str)
./libalphasm.a(ap_bg0.o)      ./libalphasm.a(alpha.o) (ap_bg0_Palette)
./libalphasm.a(ap_bg1.o)      ./libalphasm.a(alpha.o) (ap_bg1_Character)
./libalphasm.a(ap_bg2.o)      ./libalphasm.a(alpha.o) (ap_bg2_Character)
./libalphasm.a(ap_PS_hey5.o)  ./libalphasm.a(alpha.o) (ap_PS_hey5_Palette)
./libobj_rsm.a(obmain.o)      menuitem.o (obMain)
./libobj_rsm.a(obexpl.o)      menuitem.o (ob_title_str)
./libobj_rsm.a(hey2.o)        ./libobj_rsm.a(obmain.o) (hey2_Palette)
./libswinsm.a(window.o)       menuitem.o (swMain)
./libswinsm.a(swexpl.o)       menuitem.o (sw_title_str)
./libswinsm.a(sw_bg1.o)       ./libswinsm.a(window.o) (sw_bg1_Character)
./libswinsm.a(sw_bg2.o)       ./libswinsm.a(window.o) (sw_bg2_Character)
./libswinsm.a(sw_bg3.o)       ./libswinsm.a(window.o) (sw_bg3_Character)
./libswinsm.a(sw_bg0.o)       ./libswinsm.a(window.o) (sw_bg0_Palette)
./libswinsm.a(sw_PS_hey5.o)   ./libswinsm.a(window.o) (sw_PS_hey5_Palette)
C:\PROGRA~1\CYGNUS\THUMBELF-000512\H-I686-CYGWIN32\BIN/../lib/gcc-lib/thumb-elf/2.9-arm-000512/libgcc.a(_call_via_rX.o)
                              main.o (_call_via_r0)
C:\PROGRA~1\CYGNUS\THUMBELF-000512\H-I686-CYGWIN32\BIN/../lib/gcc-lib/thumb-elf/2.9-arm-000512/libgcc.a(_divsi3.o)
                              share.o (__divsi3)
C:\PROGRA~1\CYGNUS\THUMBELF-000512\H-I686-CYGWIN32\BIN/../lib/gcc-lib/thumb-elf/2.9-arm-000512/libgcc.a(_dvmd_tls.o)
                              C:\PROGRA~1\CYGNUS\THUMBELF-000512\H-I686-CYGWIN32\BIN/../lib/gcc-lib/thumb-elf/2.9-arm-000512/libgcc.a(_divsi3.o) (__div0)
C:\PROGRA~1\CYGNUS\THUMBELF-000512\H-I686-CYGWIN32\BIN/../lib/gcc-lib/thumb-elf/2.9-arm-000512/libgcc.a(_udivsi3.o)
                              ./libfontprn.a(fontprn.o) (__udivsi3)
C:\PROGRA~1\CYGNUS\THUMBELF-000512\H-I686-CYGWIN32\BIN/../lib/gcc-lib/thumb-elf/2.9-arm-000512/libgcc.a(_umodsi3.o)
                              ./libfontprn.a(fontprn.o) (__umodsi3)
C:\PROGRA~1\CYGNUS\THUMBELF-000512\H-I686-CYGWIN32\BIN/../lib/gcc-lib/thumb-elf/2.9-arm-000512/../../../../thumb-elf/lib/libg.a(memcpy.o)
                              ./libfontprn.a(fontprn.o) (memcpy)

Allocating common symbols
Common symbol       size              file

ob_pos_y            0x4               ./libobj_rsm.a(obmain.o)
bg2pa               0x4               ./libbmpmode.a(bitmap.o)
ap_eff_type         0x4               ./libalphasm.a(alpha.o)
bg_pa               0x4               ./libbg_rsm.a(bgmain.o)
menu_old_cursor_pos
                    0x4               menu.o
v_blank_fnc         0x4               share.o
bg2pb               0x4               ./libbmpmode.a(bitmap.o)
start_y             0x4               ./libbmpmode.a(bitmap.o)
menu_prev_cursor_pos
                    0x4               menu.o
bg_pos_y            0x4               ./libbg_rsm.a(bgmain.o)
bg_ball_anim_count_change_mode
                    0x4               ./libbg_rsm.a(bgmain.o)
ce_EVY_rate         0x4               ./libcoleffsm.a(c_effect.o)
menu_cursor_pos     0x4               menu.o
bg_start_x          0x4               ./libbg_rsm.a(bgmain.o)
ap_obj_alpha        0x4               ./libalphasm.a(alpha.o)
Cont                0x4               share.o
ob_mosaic           0x4               ./libobj_rsm.a(obmain.o)
ob_affine           0x4               ./libobj_rsm.a(obmain.o)
menu_prev_page      0x4               menu.o
bg_oam_buffer       0x20              ./libbg_rsm.a(bgmain.o)
ce_EVB_rate         0x4               ./libcoleffsm.a(c_effect.o)
bg_rotate           0x4               ./libbg_rsm.a(bgmain.o)
ce_eff_type         0x4               ./libcoleffsm.a(c_effect.o)
bg_pb               0x4               ./libbg_rsm.a(bgmain.o)
ob_pos_x            0x4               ./libobj_rsm.a(obmain.o)
sw_OamBak           0x400             ./libswinsm.a(window.o)
bg_pd               0x4               ./libbg_rsm.a(bgmain.o)
ap_BgBak            0x800             ./libalphasm.a(alpha.o)
Trg                 0x4               share.o
bg_scale_x          0x4               ./libbg_rsm.a(bgmain.o)
start_x             0x4               ./libbmpmode.a(bitmap.o)
bg_ball_anim_count  0x4               ./libbg_rsm.a(bgmain.o)
bg_mosaic           0x4               ./libbg_rsm.a(bgmain.o)
ap_evb              0x4               ./libalphasm.a(alpha.o)
ob_scale_y          0x4               ./libobj_rsm.a(obmain.o)
bg2pd               0x4               ./libbmpmode.a(bitmap.o)
ce_BgBak            0x800             ./libcoleffsm.a(c_effect.o)
bg_pos_x            0x4               ./libbg_rsm.a(bgmain.o)
ce_OamBak           0x400             ./libcoleffsm.a(c_effect.o)
bg_start_y          0x4               ./libbg_rsm.a(bgmain.o)
ob_rotate           0x4               ./libobj_rsm.a(obmain.o)
bg_screen_back_x    0x4               ./libbg_rsm.a(bgmain.o)
IntrMainBuf         0x800             share.o
rotate_value        0x4               ./libbmpmode.a(bitmap.o)
ap_OamBak           0x400             ./libalphasm.a(alpha.o)
menu_page           0x4               menu.o
bg_scale_y          0x4               ./libbg_rsm.a(bgmain.o)
bg2_center_x        0x4               ./libbmpmode.a(bitmap.o)
bg_pc               0x4               ./libbg_rsm.a(bgmain.o)
ce_EVA_rate         0x4               ./libcoleffsm.a(c_effect.o)
IntrCheck           0x4               share.o
ce_obj_mode         0x4               ./libcoleffsm.a(c_effect.o)
Zoom                0x4               ./libbmpmode.a(bitmap.o)
ob_scale_x          0x4               ./libobj_rsm.a(obmain.o)
bg2pc               0x4               ./libbmpmode.a(bitmap.o)
bg2_center_y        0x4               ./libbmpmode.a(bitmap.o)
ap_eva              0x4               ./libalphasm.a(alpha.o)
ob_oam_buffer       0x20              ./libobj_rsm.a(obmain.o)
bm_Bgmode           0x4               ./libbmpmode.a(bitmap.o)

Memory Configuration

Name             Origin             Length             Attributes
*default*        0x00000000         0xffffffff

Linker script and memory map

LOAD crt0.o
LOAD main.o
LOAD share.o
LOAD menu.o
LOAD menuitem.o
LOAD C:/agb/lib//libagbsyscall.a
LOAD C:/agb/lib//libisagbprn.a
LOAD ./libfontprn.a
LOAD ./libbg_rsm.a
LOAD ./libbmpmode.a
LOAD ./libcoleffsm.a
LOAD ./libalphasm.a
LOAD ./libobj_rsm.a
LOAD ./libswinsm.a
LOAD C:\PROGRA~1\CYGNUS\THUMBELF-000512\H-I686-CYGWIN32\BIN/../lib/gcc-lib/thumb-elf/2.9-arm-000512/libgcc.a
LOAD C:\PROGRA~1\CYGNUS\THUMBELF-000512\H-I686-CYGWIN32\BIN/../lib/gcc-lib/thumb-elf/2.9-arm-000512/../../../../thumb-elf/lib/libg.a
LOAD C:\PROGRA~1\CYGNUS\THUMBELF-000512\H-I686-CYGWIN32\BIN/../lib/gcc-lib/thumb-elf/2.9-arm-000512/../../../../thumb-elf/lib/libc.a
LOAD C:\PROGRA~1\CYGNUS\THUMBELF-000512\H-I686-CYGWIN32\BIN/../lib/gcc-lib/thumb-elf/2.9-arm-000512/libgcc.a
Address of section .bss set to 0x3000000
Address of section .text set to 0x8000000
                0x00008000                .=0x8000

.interp
 *(.interp)

.hash
 *(.hash)

.dynsym
 *(.dynsym)

.dynstr
 *(.dynstr)

.gnu.version
 *(.gnu.version)

.gnu.version_d
 *(.gnu.version_d)

.gnu.version_r
 *(.gnu.version_r)

.rel.text
 *(.rel.text)
 *(.rel.text.*)
 *(.rel.gnu.linkonce.t*)

.rela.text
 *(.rela.text)
 *(.rela.text.*)
 *(.rela.gnu.linkonce.t*)

.rel.data
 *(.rel.data)
 *(.rel.data.*)
 *(.rel.gnu.linkonce.d*)

.rela.data
 *(.rela.data)
 *(.rela.data.*)
 *(.rela.gnu.linkonce.d*)

.rel.rodata
 *(.rel.rodata)
 *(.rel.rodata.*)
 *(.rel.gnu.linkonce.r*)

.rela.rodata
 *(.rela.rodata)
 *(.rela.rodata.*)
 *(.rela.gnu.linkonce.r*)

.rel.got
 *(.rel.got)

.rela.got
 *(.rela.got)

.rel.ctors
 *(.rel.ctors)

.rela.ctors
 *(.rela.ctors)

.rel.dtors
 *(.rel.dtors)

.rela.dtors
 *(.rela.dtors)

.rel.init
 *(.rel.init)

.rela.init
 *(.rela.init)

.rel.fini
 *(.rel.fini)

.rela.fini
 *(.rela.fini)

.rel.bss
 *(.rel.bss)

.rela.bss
 *(.rela.bss)

.rel.plt
 *(.rel.plt)

.rela.plt
 *(.rela.plt)

.init
 *(.init)

.plt
 *(.plt)

.text           0x08000000     0x30f0
 *(.text)
 .text          0x08000000      0x1d0 crt0.o
                0x08000000                _start
                0x080000c0                start_vector
                0x080000fc                intr_main
 .text          0x080001d0       0x4c main.o
                0x080001d0                AgbMain
 .text          0x0800021c      0x24c share.o
                0x08000408                V_Wait
                0x08000428                KeyInit
                0x08000298                ClearOamRam
                0x080003e0                V_Intr_Clear
                0x08000274                ClearVram
                0x080003f4                V_Intr_Set
                0x080002fc                ClearPaletteRam
                0x08000368                InitVBlank
                0x0800022c                ClearWorkRam
                0x0800043c                KeyRead
                0x08000320                fix_mul
                0x08000260                ClearGraphicRam
                0x08000338                fix_div
                0x080003a8                SetVBlankFunc
                0x08000350                fix_inverse
                0x080003dc                dummy
                0x0800021c                ClearRamAll
                0x080003c0                VBlankFunc
 .text          0x08000468      0x4fc menu.o
                0x08000468                MenuInit
                0x0800047c                Menu
 .text          0x08000964      0x5ec ./libfontprn.a(fontprn.o)
                0x08000d48                FontPrintC
                0x08000ab0                FontPrint
                0x08000d6c                NumPrintC
                0x08000aa4                FontColor
                0x08000d9c                FontPrintCls
                0x08000a64                FontPalletLoad
                0x08000bac                NumPrint
                0x08000e70                fp_itoa
                0x08000964                FontPrintInit
                0x08000dd4                FontPrintSync
 .text          0x08000f50      0x68c ./libbg_rsm.a(bgmain.o)
                0x08000f50                bgMain
 .text          0x080015dc      0x360 ./libbmpmode.a(bitmap.o)
                0x080015dc                bm_Main
 .text          0x0800193c      0x6d8 ./libcoleffsm.a(c_effect.o)
                0x08001cd8                ce_v_blank_intr
                0x08001d10                ce_ObjMove
                0x0800193c                ceMain
                0x08001fbc                ce_moji_pr
                0x08001f70                ce_suji_pr
 .text          0x08002014      0x624 ./libalphasm.a(alpha.o)
                0x08002014                apMain
                0x08002594                ap_moji_pr
                0x080023a4                ap_ObjMove
                0x080025ec                ap_suji_pr
                0x0800236c                ap_v_blank_intr
 .text          0x08002638      0x4a8 ./libobj_rsm.a(obmain.o)
                0x08002638                obMain
 .text          0x08002ae0      0x3a4 ./libswinsm.a(window.o)
                0x08002db4                sw_ObjMove
                0x08002d94                sw_v_blank_intr
                0x08002ae0                swMain
 .text          0x08002e84       0x3c C:\PROGRA~1\CYGNUS\THUMBELF-000512\H-I686-CYGWIN32\BIN/../lib/gcc-lib/thumb-elf/2.9-arm-000512/libgcc.a(_call_via_rX.o)
                0x08002e8c                _call_via_r2
                0x08002e9c                _call_via_r6
                0x08002e98                _call_via_r5
                0x08002e90                _call_via_r3
                0x08002eb0                _call_via_fp
                0x08002ea4                _call_via_r8
                0x08002ea0                _call_via_r7
                0x08002e84                _call_via_r0
                0x08002eac                _call_via_sl
                0x08002eb8                _call_via_sp
                0x08002ea8                _call_via_r9
                0x08002e94                _call_via_r4
                0x08002e88                _call_via_r1
                0x08002eb4                _call_via_ip
                0x08002ebc                _call_via_lr
 .text          0x08002ec0       0x94 C:\PROGRA~1\CYGNUS\THUMBELF-000512\H-I686-CYGWIN32\BIN/../lib/gcc-lib/thumb-elf/2.9-arm-000512/libgcc.a(_divsi3.o)
                0x08002ec0                __divsi3
 .text          0x08002f54        0x4 C:\PROGRA~1\CYGNUS\THUMBELF-000512\H-I686-CYGWIN32\BIN/../lib/gcc-lib/thumb-elf/2.9-arm-000512/libgcc.a(_dvmd_tls.o)
                0x08002f54                __div0
 .text          0x08002f58       0x78 C:\PROGRA~1\CYGNUS\THUMBELF-000512\H-I686-CYGWIN32\BIN/../lib/gcc-lib/thumb-elf/2.9-arm-000512/libgcc.a(_udivsi3.o)
                0x08002f58                __udivsi3
 .text          0x08002fd0       0xc0 C:\PROGRA~1\CYGNUS\THUMBELF-000512\H-I686-CYGWIN32\BIN/../lib/gcc-lib/thumb-elf/2.9-arm-000512/libgcc.a(_umodsi3.o)
                0x08002fd0                __umodsi3
 .text          0x08003090       0x60 C:\PROGRA~1\CYGNUS\THUMBELF-000512\H-I686-CYGWIN32\BIN/../lib/gcc-lib/thumb-elf/2.9-arm-000512/../../../../thumb-elf/lib/libg.a(memcpy.o)
                0x08003090                memcpy
 *(.text.*)
 *(.stub)
 *(.gnu.warning)
 *(.gnu.linkonce.t*)
 *(.glue_7t)
 *(.glue_7)
                0x080030f0                _etext=.
                0x080030f0                PROVIDE (etext, .)

.fini
 *(.fini)

.rodata         0x080030f0    0x4edec
 *(.rodata)
 .rodata        0x080030f0      0x2b8 share.o
                0x08003370                IntrTable
                0x080030f0                sin_cos_table
 .rodata        0x080033a8       0x4c menu.o
 .rodata        0x080033f4       0x60 menuitem.o
                0x080033f4                mitem
 .rodata        0x08003454    0x1a428 ./libfontprn.a(fontprn.o)
                0x08003454                font8
                0x0801d854                fontOamData
 .rodata        0x0801d87c       0xf4 ./libbg_rsm.a(bgexpl.o)
 .rodata        0x0801d970     0x1000 ./libbg_rsm.a(bg_map_map.o)
                0x0801e170                map_data_back
                0x0801d970                map_data_front
 .rodata        0x0801e970      0x220 ./libbg_rsm.a(ball.o)
                0x0801e990                ball_Char
                0x0801e970                ball_Palette
 .rodata        0x0801eb90      0x120 ./libbg_rsm.a(bg_map.o)
                0x0801eb90                bg_map_Palette
                0x0801ebb0                bg_map_Char
 .rodata        0x0801ecb0     0x22b4 ./libbg_rsm.a(cl0.o)
                0x0801ed62                cl0_Character
                0x0801ecb0                cl0_Palette
                0x08020e62                cl0_Map
 .rodata        0x08020f64       0xdc ./libbmpmode.a(bmexpl.o)
 .rodata        0x08021040    0x12c00 ./libbmpmode.a(img24bit.o)
                0x08021040                img24bit_RawBitmap
 .rodata        0x08033c40     0xa000 ./libbmpmode.a(img24bit2.o)
                0x08033c40                img24bit2_RawBitmap
 .rodata        0x0803dc40     0x9800 ./libbmpmode.a(umiB.o)
                0x0803dc40                umiB_Palette
                0x0803de40                umiB_IndexBitmap
 .rodata        0x08047440       0x34 ./libcoleffsm.a(c_effect.o)
 .rodata        0x08047474       0x28 ./libcoleffsm.a(ce_data.o)
                0x08047474                ce_OamData_Sample
 .rodata        0x0804749c      0x10c ./libcoleffsm.a(ceexpl.o)
 .rodata        0x080475a8      0xa00 ./libcoleffsm.a(ce_PS_hey5.o)
                0x080475a8                ce_PS_hey5_Palette
                0x080477a8                ce_PS_hey5_Char
 .rodata        0x08047fa8     0x13cc ./libcoleffsm.a(ce_bg1.o)
                0x08048072                ce_bg1_Character
                0x08048e72                ce_bg1_Map
                0x08047fa8                ce_bg1_Palette
 .rodata        0x08049374     0x298c ./libcoleffsm.a(ce_bg3.o)
                0x0804b7fe                ce_bg3_Map
                0x0804943e                ce_bg3_Character
                0x08049374                ce_bg3_Palette
 .rodata        0x0804bd00       0x58 ./libalphasm.a(alpha.o)
 .rodata        0x0804bd58        0x8 ./libalphasm.a(alpha_data.o)
                0x0804bd58                ap_OamData_Sample
 .rodata        0x0804bd60      0x104 ./libalphasm.a(alexpl.o)
 .rodata        0x0804be64      0xc0c ./libalphasm.a(ap_bg0.o)
                0x0804be6e                ap_bg0_Character
                0x0804be64                ap_bg0_Palette
                0x0804c56e                ap_bg0_Map
 .rodata        0x0804ca70      0xbcc ./libalphasm.a(ap_bg1.o)
                0x0804ca70                ap_bg1_Palette
                0x0804ca7a                ap_bg1_Character
                0x0804d13a                ap_bg1_Map
 .rodata        0x0804d63c      0xbcc ./libalphasm.a(ap_bg2.o)
                0x0804d646                ap_bg2_Character
                0x0804dd06                ap_bg2_Map
                0x0804d63c                ap_bg2_Palette
 .rodata        0x0804e208      0xa00 ./libalphasm.a(ap_PS_hey5.o)
                0x0804e208                ap_PS_hey5_Palette
                0x0804e408                ap_PS_hey5_Char
 .rodata        0x0804ec08      0x100 ./libobj_rsm.a(obexpl.o)
 .rodata        0x0804ed08      0xa00 ./libobj_rsm.a(hey2.o)
                0x0804ed08                hey2_Palette
                0x0804ef08                hey2_Char
 .rodata        0x0804f708        0x8 ./libswinsm.a(window.o)
                0x0804f708                sw_OamData_Sample
 .rodata        0x0804f710       0xbc ./libswinsm.a(swexpl.o)
 .rodata        0x0804f7cc      0x694 ./libswinsm.a(sw_bg1.o)
                0x0804f7e0                sw_bg1_Character
                0x0804f960                sw_bg1_Map
                0x0804f7cc                sw_bg1_Palette
 .rodata        0x0804fe60      0x694 ./libswinsm.a(sw_bg2.o)
                0x0804fe74                sw_bg2_Character
                0x0804fff4                sw_bg2_Map
                0x0804fe60                sw_bg2_Palette
 .rodata        0x080504f4      0x694 ./libswinsm.a(sw_bg3.o)
                0x080504f4                sw_bg3_Palette
                0x08050508                sw_bg3_Character
                0x08050688                sw_bg3_Map
 .rodata        0x08050b88      0x954 ./libswinsm.a(sw_bg0.o)
                0x08050b88                sw_bg0_Palette
                0x08050fdc                sw_bg0_Map
                0x08050b9c                sw_bg0_Character
 .rodata        0x080514dc      0xa00 ./libswinsm.a(sw_PS_hey5.o)
                0x080514dc                sw_PS_hey5_Palette
                0x080516dc                sw_PS_hey5_Char
 *(.rodata.*)
 *(.gnu.linkonce.r*)

.rodata1
 *(.rodata1)
                0x08051fdc                .=(ALIGN(0x100)+(.&0xff))

.data           0x08051fdc      0x9d8
 *(.data)
 .data          0x08051fdc       0x14 ./libbg_rsm.a(bgexpl.o)
                0x08051fdc                bg_title_str
                0x08051fe4                bg_expl_str_array
                0x08051fe0                bg_expl_str0
 .data          0x08051ff0       0x14 ./libbmpmode.a(bmexpl.o)
                0x08051ff4                bm_expl_str0
                0x08051ff8                bm_expl_str_array
                0x08051ff0                bm_title_str
 .data          0x08052004      0x4b0 ./libcoleffsm.a(ce_data.o)
                0x08052014                ce_moji_Character
                0x08052004                ce_type_tbl
 .data          0x080524b4       0x14 ./libcoleffsm.a(ceexpl.o)
                0x080524b8                ce_expl_str0
                0x080524b4                ce_title_str
                0x080524bc                ce_expl_str_array
 .data          0x080524c8       0x10 ./libalphasm.a(alpha.o)
                0x080524c8                ap_eff_tbl
 .data          0x080524d8      0x4a0 ./libalphasm.a(alpha_data.o)
                0x080524d8                ap_moji_Character
 .data          0x08052978       0x14 ./libalphasm.a(alexpl.o)
                0x08052980                ap_expl_str_array
                0x08052978                ap_title_str
                0x0805297c                ap_expl_str0
 .data          0x0805298c       0x14 ./libobj_rsm.a(obexpl.o)
                0x08052994                ob_expl_str_array
                0x0805298c                ob_title_str
                0x08052990                ob_expl_str0
 .data          0x080529a0       0x14 ./libswinsm.a(swexpl.o)
                0x080529a4                sw_expl_str0
                0x080529a8                sw_expl_str_array
                0x080529a0                sw_title_str
 *(.data.*)
 *(.gnu.linkonce.d*)

.data1
 *(.data1)

.ctors
 EXCLUDE_FILE ( *crtend.o )*(.ctors)
 *(SORT(.ctors.*))
 *crtend(.ctors)

.dtors
 EXCLUDE_FILE ( *crtend.o )*(.dtors)
 *(SORT(.dtors.*))
 *crtend.o(.dtors)

.got
 *(.got.plt)
 *(.got)

.dynamic
 *(.dynamic)

.sdata
 *(.sdata)
 *(.sdata.*)
                0x080529b4                _edata=.
                0x080529b4                PROVIDE (edata, .)
                0x080529b4                __bss_start=.
                0x080529b4                __bss_start__=.

.sbss
 *(.sbss)
 *(.scommon)

.bss            0x03000000     0x2f20
 *(.dynbss)
 *(.bss)
 .bss           0x03000000      0x9d0 ./libfontprn.a(fontprn.o)
 *(.bss.*)
 *(COMMON)
 COMMON         0x030009d0      0x814 share.o
                                  0x0 (size before relaxing)
                0x030009d0                v_blank_fnc
                0x030009d4                Cont
                0x030009d8                Trg
                0x030009e0                IntrMainBuf
                0x030011e0                IntrCheck
 COMMON         0x030011e4       0x14 menu.o
                                  0x0 (size before relaxing)
                0x030011e4                menu_old_cursor_pos
                0x030011e8                menu_prev_cursor_pos
                0x030011ec                menu_cursor_pos
                0x030011f0                menu_prev_page
                0x030011f4                menu_page
 *fill*         0x030011f8        0x8
 COMMON         0x03001200       0x5c ./libbg_rsm.a(bgmain.o)
                                  0x0 (size before relaxing)
                0x03001200                bg_pa
                0x03001204                bg_pos_y
                0x03001208                bg_ball_anim_count_change_mode
                0x0300120c                bg_start_x
                0x03001210                bg_oam_buffer
                0x03001230                bg_rotate
                0x03001234                bg_pb
                0x03001238                bg_pd
                0x0300123c                bg_scale_x
                0x03001240                bg_ball_anim_count
                0x03001244                bg_mosaic
                0x03001248                bg_pos_x
                0x0300124c                bg_start_y
                0x03001250                bg_screen_back_x
                0x03001254                bg_scale_y
                0x03001258                bg_pc
 COMMON         0x0300125c       0x2c ./libbmpmode.a(bitmap.o)
                                  0x0 (size before relaxing)
                0x0300125c                bg2pa
                0x03001260                bg2pb
                0x03001264                start_y
                0x03001268                start_x
                0x0300126c                bg2pd
                0x03001270                rotate_value
                0x03001274                bg2_center_x
                0x03001278                Zoom
                0x0300127c                bg2pc
                0x03001280                bg2_center_y
                0x03001284                bm_Bgmode
 *fill*         0x03001288        0x8
 COMMON         0x03001290      0xc18 ./libcoleffsm.a(c_effect.o)
                                  0x0 (size before relaxing)
                0x03001290                ce_EVY_rate
                0x03001294                ce_EVB_rate
                0x03001298                ce_eff_type
                0x030012a0                ce_BgBak
                0x03001aa0                ce_OamBak
                0x03001ea0                ce_EVA_rate
                0x03001ea4                ce_obj_mode
 *fill*         0x03001ea8        0x8
 COMMON         0x03001eb0      0xc24 ./libalphasm.a(alpha.o)
                                  0x0 (size before relaxing)
                0x03001eb0                ap_eff_type
                0x03001eb4                ap_obj_alpha
                0x03001ec0                ap_BgBak
                0x030026c0                ap_evb
                0x030026d0                ap_OamBak
                0x03002ad0                ap_eva
 *fill*         0x03002ad4        0xc
 COMMON         0x03002ae0       0x40 ./libobj_rsm.a(obmain.o)
                                  0x0 (size before relaxing)
                0x03002ae0                ob_pos_y
                0x03002ae4                ob_mosaic
                0x03002ae8                ob_affine
                0x03002aec                ob_pos_x
                0x03002af0                ob_scale_y
                0x03002af4                ob_rotate
                0x03002af8                ob_scale_x
                0x03002b00                ob_oam_buffer
 COMMON         0x03002b20      0x400 ./libswinsm.a(window.o)
                                  0x0 (size before relaxing)
                0x03002b20                sw_OamBak
                0x03002f20                .=ALIGN(0x4)
                0x03002f20                .=ALIGN(0x4)
                0x03002f20                _end=.
                0x03002f20                _bss_end__=.
                0x03002f20                __bss_end__=.
                0x03002f20                PROVIDE (end, .)

.stab
 *(.stab)

.stabstr
 *(.stabstr)

.stab.excl
 *(.stab.excl)

.stab.exclstr
 *(.stab.exclstr)

.stab.index
 *(.stab.index)

.stab.indexstr
 *(.stab.indexstr)

.comment
 *(.comment)

.debug
 *(.debug)

.line
 *(.line)

.debug_srcinfo
 *(.debug_srcinfo)

.debug_sfnames
 *(.debug_sfnames)

.debug_aranges  0x00000000      0x160
 *(.debug_aranges)
 .debug_aranges
                0x00000000       0x20 main.o
 .debug_aranges
                0x00000020       0x20 share.o
 .debug_aranges
                0x00000040       0x20 menu.o
 .debug_aranges
                0x00000060       0x20 ./libfontprn.a(fontprn.o)
 .debug_aranges
                0x00000080       0x20 ./libbg_rsm.a(bgmain.o)
 .debug_aranges
                0x000000a0       0x20 ./libbmpmode.a(bitmap.o)
 .debug_aranges
                0x000000c0       0x20 ./libcoleffsm.a(c_effect.o)
 .debug_aranges
                0x000000e0       0x20 ./libalphasm.a(alpha.o)
 .debug_aranges
                0x00000100       0x20 ./libobj_rsm.a(obmain.o)
 .debug_aranges
                0x00000120       0x20 ./libswinsm.a(window.o)
 .debug_aranges
                0x00000140       0x20 C:\PROGRA~1\CYGNUS\THUMBELF-000512\H-I686-CYGWIN32\BIN/../lib/gcc-lib/thumb-elf/2.9-arm-000512/../../../../thumb-elf/lib/libg.a(memcpy.o)

.debug_pubnames
                0x00000000      0xe8e
 *(.debug_pubnames)
 .debug_pubnames
                0x00000000       0x1e main.o
 .debug_pubnames
                0x0000001e      0x17d share.o
 .debug_pubnames
                0x0000019b       0x8e menu.o
 .debug_pubnames
                0x00000229       0x1c menuitem.o
 .debug_pubnames
                0x00000245       0xc6 ./libfontprn.a(fontprn.o)
 .debug_pubnames
                0x0000030b      0x118 ./libbg_rsm.a(bgmain.o)
 .debug_pubnames
                0x00000423       0x4a ./libbg_rsm.a(bgexpl.o)
 .debug_pubnames
                0x0000046d       0x37 ./libbg_rsm.a(bg_map_map.o)
 .debug_pubnames
                0x000004a4       0x31 ./libbg_rsm.a(ball.o)
 .debug_pubnames
                0x000004d5       0x35 ./libbg_rsm.a(bg_map.o)
 .debug_pubnames
                0x0000050a       0x40 ./libbg_rsm.a(cl0.o)
 .debug_pubnames
                0x0000054a       0xa8 ./libbmpmode.a(bitmap.o)
 .debug_pubnames
                0x000005f2       0x4a ./libbmpmode.a(bmexpl.o)
 .debug_pubnames
                0x0000063c       0x29 ./libbmpmode.a(img24bit.o)
 .debug_pubnames
                0x00000665       0x2a ./libbmpmode.a(img24bit2.o)
 .debug_pubnames
                0x0000068f       0x38 ./libbmpmode.a(umiB.o)
 .debug_pubnames
                0x000006c7       0xc9 ./libcoleffsm.a(c_effect.o)
 .debug_pubnames
                0x00000790       0x4e ./libcoleffsm.a(ce_data.o)
 .debug_pubnames
                0x000007de       0x4a ./libcoleffsm.a(ceexpl.o)
 .debug_pubnames
                0x00000828       0x3d ./libcoleffsm.a(ce_PS_hey5.o)
 .debug_pubnames
                0x00000865       0x49 ./libcoleffsm.a(ce_bg1.o)
 .debug_pubnames
                0x000008ae       0x49 ./libcoleffsm.a(ce_bg3.o)
 .debug_pubnames
                0x000008f7       0xbf ./libalphasm.a(alpha.o)
 .debug_pubnames
                0x000009b6       0x3e ./libalphasm.a(alpha_data.o)
 .debug_pubnames
                0x000009f4       0x4a ./libalphasm.a(alexpl.o)
 .debug_pubnames
                0x00000a3e       0x49 ./libalphasm.a(ap_bg0.o)
 .debug_pubnames
                0x00000a87       0x49 ./libalphasm.a(ap_bg1.o)
 .debug_pubnames
                0x00000ad0       0x49 ./libalphasm.a(ap_bg2.o)
 .debug_pubnames
                0x00000b19       0x3d ./libalphasm.a(ap_PS_hey5.o)
 .debug_pubnames
                0x00000b56       0x91 ./libobj_rsm.a(obmain.o)
 .debug_pubnames
                0x00000be7       0x4a ./libobj_rsm.a(obexpl.o)
 .debug_pubnames
                0x00000c31       0x31 ./libobj_rsm.a(hey2.o)
 .debug_pubnames
                0x00000c62       0x64 ./libswinsm.a(window.o)
 .debug_pubnames
                0x00000cc6       0x4a ./libswinsm.a(swexpl.o)
 .debug_pubnames
                0x00000d10       0x49 ./libswinsm.a(sw_bg1.o)
 .debug_pubnames
                0x00000d59       0x49 ./libswinsm.a(sw_bg2.o)
 .debug_pubnames
                0x00000da2       0x49 ./libswinsm.a(sw_bg3.o)
 .debug_pubnames
                0x00000deb       0x49 ./libswinsm.a(sw_bg0.o)
 .debug_pubnames
                0x00000e34       0x3d ./libswinsm.a(sw_PS_hey5.o)
 .debug_pubnames
                0x00000e71       0x1d C:\PROGRA~1\CYGNUS\THUMBELF-000512\H-I686-CYGWIN32\BIN/../lib/gcc-lib/thumb-elf/2.9-arm-000512/../../../../thumb-elf/lib/libg.a(memcpy.o)

.debug_info     0x00000000    0x684ce
 *(.debug_info)
 .debug_info    0x00000000     0x2d59 main.o
 .debug_info    0x00002d59     0x3140 share.o
 .debug_info    0x00005e99     0x30d0 menu.o
 .debug_info    0x00008f69     0x2ead menuitem.o
 .debug_info    0x0000be16     0x335b ./libfontprn.a(fontprn.o)
 .debug_info    0x0000f171     0x31fa ./libbg_rsm.a(bgmain.o)
 .debug_info    0x0001236b     0x2cff ./libbg_rsm.a(bgexpl.o)
 .debug_info    0x0001506a     0x2656 ./libbg_rsm.a(bg_map_map.o)
 .debug_info    0x000176c0     0x2660 ./libbg_rsm.a(ball.o)
 .debug_info    0x00019d20     0x2665 ./libbg_rsm.a(bg_map.o)
 .debug_info    0x0001c385     0x268a ./libbg_rsm.a(cl0.o)
 .debug_info    0x0001ea0f     0x3030 ./libbmpmode.a(bitmap.o)
 .debug_info    0x00021a3f     0x2d00 ./libbmpmode.a(bmexpl.o)
 .debug_info    0x0002473f     0x263d ./libbmpmode.a(img24bit.o)
 .debug_info    0x00026d7c     0x263f ./libbmpmode.a(img24bit2.o)
 .debug_info    0x000293bb     0x2668 ./libbmpmode.a(umiB.o)
 .debug_info    0x0002ba23     0x3269 ./libcoleffsm.a(c_effect.o)
 .debug_info    0x0002ec8c     0x2d07 ./libcoleffsm.a(ce_data.o)
 .debug_info    0x00031993     0x2d01 ./libcoleffsm.a(ceexpl.o)
 .debug_info    0x00034694     0x2674 ./libcoleffsm.a(ce_PS_hey5.o)
 .debug_info    0x00036d08     0x2699 ./libcoleffsm.a(ce_bg1.o)
 .debug_info    0x000393a1     0x2699 ./libcoleffsm.a(ce_bg3.o)
 .debug_info    0x0003ba3a     0x3264 ./libalphasm.a(alpha.o)
 .debug_info    0x0003ec9e     0x2cd5 ./libalphasm.a(alpha_data.o)
 .debug_info    0x00041973     0x2d00 ./libalphasm.a(alexpl.o)
 .debug_info    0x00044673     0x2698 ./libalphasm.a(ap_bg0.o)
 .debug_info    0x00046d0b     0x2698 ./libalphasm.a(ap_bg1.o)
 .debug_info    0x000493a3     0x2698 ./libalphasm.a(ap_bg2.o)
 .debug_info    0x0004ba3b     0x2673 ./libalphasm.a(ap_PS_hey5.o)
 .debug_info    0x0004e0ae     0x2fc9 ./libobj_rsm.a(obmain.o)
 .debug_info    0x00051077     0x2d00 ./libobj_rsm.a(obexpl.o)
 .debug_info    0x00053d77     0x2661 ./libobj_rsm.a(hey2.o)
 .debug_info    0x000563d8     0x30e2 ./libswinsm.a(window.o)
 .debug_info    0x000594ba     0x2cff ./libswinsm.a(swexpl.o)
 .debug_info    0x0005c1b9     0x2696 ./libswinsm.a(sw_bg1.o)
 .debug_info    0x0005e84f     0x2696 ./libswinsm.a(sw_bg2.o)
 .debug_info    0x00060ee5     0x2696 ./libswinsm.a(sw_bg3.o)
 .debug_info    0x0006357b     0x2696 ./libswinsm.a(sw_bg0.o)
 .debug_info    0x00065c11     0x2672 ./libswinsm.a(sw_PS_hey5.o)
 .debug_info    0x00068283      0x24b C:\PROGRA~1\CYGNUS\THUMBELF-000512\H-I686-CYGWIN32\BIN/../lib/gcc-lib/thumb-elf/2.9-arm-000512/../../../../thumb-elf/lib/libg.a(memcpy.o)

.debug_abbrev   0x00000000     0x29f3
 *(.debug_abbrev)
 .debug_abbrev  0x00000000      0x11c main.o
 .debug_abbrev  0x0000011c      0x1d9 share.o
 .debug_abbrev  0x000002f5      0x203 menu.o
 .debug_abbrev  0x000004f8      0x112 menuitem.o
 .debug_abbrev  0x0000060a      0x1ee ./libfontprn.a(fontprn.o)
 .debug_abbrev  0x000007f8      0x1a6 ./libbg_rsm.a(bgmain.o)
 .debug_abbrev  0x0000099e      0x101 ./libbg_rsm.a(bgexpl.o)
 .debug_abbrev  0x00000a9f       0xc3 ./libbg_rsm.a(bg_map_map.o)
 .debug_abbrev  0x00000b62       0xca ./libbg_rsm.a(ball.o)
 .debug_abbrev  0x00000c2c       0xc3 ./libbg_rsm.a(bg_map.o)
 .debug_abbrev  0x00000cef       0xdb ./libbg_rsm.a(cl0.o)
 .debug_abbrev  0x00000dca      0x1ad ./libbmpmode.a(bitmap.o)
 .debug_abbrev  0x00000f77      0x101 ./libbmpmode.a(bmexpl.o)
 .debug_abbrev  0x00001078       0xc3 ./libbmpmode.a(img24bit.o)
 .debug_abbrev  0x0000113b       0xc3 ./libbmpmode.a(img24bit2.o)
 .debug_abbrev  0x000011fe       0xca ./libbmpmode.a(umiB.o)
 .debug_abbrev  0x000012c8      0x1b4 ./libcoleffsm.a(c_effect.o)
 .debug_abbrev  0x0000147c       0xfa ./libcoleffsm.a(ce_data.o)
 .debug_abbrev  0x00001576      0x101 ./libcoleffsm.a(ceexpl.o)
 .debug_abbrev  0x00001677       0xca ./libcoleffsm.a(ce_PS_hey5.o)
 .debug_abbrev  0x00001741       0xdb ./libcoleffsm.a(ce_bg1.o)
 .debug_abbrev  0x0000181c       0xdb ./libcoleffsm.a(ce_bg3.o)
 .debug_abbrev  0x000018f7      0x172 ./libalphasm.a(alpha.o)
 .debug_abbrev  0x00001a69       0xfa ./libalphasm.a(alpha_data.o)
 .debug_abbrev  0x00001b63      0x101 ./libalphasm.a(alexpl.o)
 .debug_abbrev  0x00001c64       0xdb ./libalphasm.a(ap_bg0.o)
 .debug_abbrev  0x00001d3f       0xdb ./libalphasm.a(ap_bg1.o)
 .debug_abbrev  0x00001e1a       0xdb ./libalphasm.a(ap_bg2.o)
 .debug_abbrev  0x00001ef5       0xca ./libalphasm.a(ap_PS_hey5.o)
 .debug_abbrev  0x00001fbf      0x195 ./libobj_rsm.a(obmain.o)
 .debug_abbrev  0x00002154      0x101 ./libobj_rsm.a(obexpl.o)
 .debug_abbrev  0x00002255       0xca ./libobj_rsm.a(hey2.o)
 .debug_abbrev  0x0000231f      0x156 ./libswinsm.a(window.o)
 .debug_abbrev  0x00002475      0x101 ./libswinsm.a(swexpl.o)
 .debug_abbrev  0x00002576       0xca ./libswinsm.a(sw_bg1.o)
 .debug_abbrev  0x00002640       0xca ./libswinsm.a(sw_bg2.o)
 .debug_abbrev  0x0000270a       0xca ./libswinsm.a(sw_bg3.o)
 .debug_abbrev  0x000027d4       0xca ./libswinsm.a(sw_bg0.o)
 .debug_abbrev  0x0000289e       0xca ./libswinsm.a(sw_PS_hey5.o)
 .debug_abbrev  0x00002968       0x8b C:\PROGRA~1\CYGNUS\THUMBELF-000512\H-I686-CYGWIN32\BIN/../lib/gcc-lib/thumb-elf/2.9-arm-000512/../../../../thumb-elf/lib/libg.a(memcpy.o)

.debug_line     0x00000000     0x28b8
 *(.debug_line)
 .debug_line    0x00000000      0x111 main.o
 .debug_line    0x00000111      0x3be share.o
 .debug_line    0x000004cf      0x501 menu.o
 .debug_line    0x000009d0      0x4b2 ./libfontprn.a(fontprn.o)
 .debug_line    0x00000e82      0x530 ./libbg_rsm.a(bgmain.o)
 .debug_line    0x000013b2      0x2f8 ./libbmpmode.a(bitmap.o)
 .debug_line    0x000016aa      0x516 ./libcoleffsm.a(c_effect.o)
 .debug_line    0x00001bc0      0x467 ./libalphasm.a(alpha.o)
 .debug_line    0x00002027      0x3f0 ./libobj_rsm.a(obmain.o)
 .debug_line    0x00002417      0x2bc ./libswinsm.a(window.o)
 .debug_line    0x000026d3      0x1e5 C:\PROGRA~1\CYGNUS\THUMBELF-000512\H-I686-CYGWIN32\BIN/../lib/gcc-lib/thumb-elf/2.9-arm-000512/../../../../thumb-elf/lib/libg.a(memcpy.o)

.debug_frame
 *(.debug_frame)

.debug_str
 *(.debug_str)

.debug_loc
 *(.debug_loc)

.debug_macinfo
 *(.debug_macinfo)

.debug_weaknames
 *(.debug_weaknames)

.debug_funcnames
 *(.debug_funcnames)

.debug_typenames
 *(.debug_typenames)

.debug_varnames
 *(.debug_varnames)

.stack          0x00080000        0x0
                0x00080000                _stack=.
 *(.stack)
OUTPUT(fncsample.elf elf32-littlearm)
