Archive member included       because of file (symbol)

../../../lib/libagbsyscall.a(AgbSyscall.o)
                              main.o (RegisterRamReset)
C:\PROGRA~1\CYGNUS\THUMBELF-000512\H-I686-CYGWIN32\BIN/../lib/gcc-lib/thumb-elf/2.9-arm-000512/libgcc.a(_call_via_rX.o)
                              MultiSio.o (_call_via_r0)

Allocating common symbols
Common symbol       size              file

UsrSendBuf          0x10              main.o
IntrTableBuf        0x38              main.o
Cont                0x4               main.o
IntrFuncBuf         0x140             MultiSio.o
Trg                 0x4               main.o
SioFlags            0x4               main.o
IntrMainBuf         0x400             main.o
UsrRecvBuf          0x40              main.o
Ms                  0x34c             MultiSio.o
OamBak              0x400             main.o
RecvFuncBuf         0x50              MultiSio.o
BgBak               0x800             main.o

Memory Configuration

Name             Origin             Length             Attributes
*default*        0x00000000         0xffffffff

Linker script and memory map

LOAD crt0.o
LOAD MultiSioAsm.o
LOAD main.o
LOAD data.o
LOAD MultiSio.o
LOAD ../../../lib/libagbsyscall.a
LOAD ../../../lib/libisagbprn.a
LOAD C:\PROGRA~1\CYGNUS\THUMBELF-000512\H-I686-CYGWIN32\BIN/../lib/gcc-lib/thumb-elf/2.9-arm-000512/libgcc.a
LOAD C:\PROGRA~1\CYGNUS\THUMBELF-000512\H-I686-CYGWIN32\BIN/../lib/gcc-lib/thumb-elf/2.9-arm-000512/../../../../thumb-elf/lib/libg.a
LOAD C:\PROGRA~1\CYGNUS\THUMBELF-000512\H-I686-CYGWIN32\BIN/../lib/gcc-lib/thumb-elf/2.9-arm-000512/../../../../thumb-elf/lib/libc.a
LOAD C:\PROGRA~1\CYGNUS\THUMBELF-000512\H-I686-CYGWIN32\BIN/../lib/gcc-lib/thumb-elf/2.9-arm-000512/libgcc.a
Address of section .text set to 0x8000000
Address of section .bss set to 0x3000000
                0x00008000                .=0x8000

.interp
 *(.interp)

.hash
 *(.hash)

.dynsym
 *(.dynsym)

.dynstr
 *(.dynstr)

.gnu.version
 *(.gnu.version)

.gnu.version_d
 *(.gnu.version_d)

.gnu.version_r
 *(.gnu.version_r)

.rel.text
 *(.rel.text)
 *(.rel.text.*)
 *(.rel.gnu.linkonce.t*)

.rela.text
 *(.rela.text)
 *(.rela.text.*)
 *(.rela.gnu.linkonce.t*)

.rel.data
 *(.rel.data)
 *(.rel.data.*)
 *(.rel.gnu.linkonce.d*)

.rela.data
 *(.rela.data)
 *(.rela.data.*)
 *(.rela.gnu.linkonce.d*)

.rel.rodata
 *(.rel.rodata)
 *(.rel.rodata.*)
 *(.rel.gnu.linkonce.r*)

.rela.rodata
 *(.rela.rodata)
 *(.rela.rodata.*)
 *(.rela.gnu.linkonce.r*)

.rel.got
 *(.rel.got)

.rela.got
 *(.rela.got)

.rel.ctors
 *(.rel.ctors)

.rela.ctors
 *(.rela.ctors)

.rel.dtors
 *(.rel.dtors)

.rela.dtors
 *(.rela.dtors)

.rel.init
 *(.rel.init)

.rela.init
 *(.rela.init)

.rel.fini
 *(.rel.fini)

.rela.fini
 *(.rela.fini)

.rel.bss
 *(.rel.bss)

.rela.bss
 *(.rela.bss)

.rel.plt
 *(.rel.plt)

.rela.plt
 *(.rela.plt)

.init
 *(.init)

.plt
 *(.plt)

.text           0x08000000      0x9f4
 *(.text)
 .text          0x08000000      0x1d4 crt0.o
                0x08000000                _start
                0x080000c0                start_vector
                0x080000fc                intr_main
 .text          0x080001d4      0x174 MultiSioAsm.o
                0x08000218                MultiSioIntr
                0x080001d4                MultiSioRecvBufChange
 .text          0x08000348      0x23c main.o
                0x08000554                IntrDummy
                0x08000550                VBlankIntr
                0x08000558                KeyRead
                0x08000348                AgbMain
 .text          0x08000584      0x35c MultiSio.o
                0x08000584                MultiSioInit
                0x08000684                MultiSioMain
                0x0800078c                MultiSioRecvDataCheck
                0x0800072c                MultiSioSendDataSet
 .text          0x080008e0       0xd8 ../../../lib/libagbsyscall.a(AgbSyscall.o)
                0x08000930                BitUnPack
                0x08000964                SoundBiasChange
                0x0800091c                ArcTan2
                0x08000958                Diff8bitUnFilterWram
                0x08000994                MusicPlayerOpen
                0x08000960                Diff16bitUnFilter
                0x08000988                SoundDriverVSyncOff
                0x08000978                SoundDriverMode
                0x0800099c                MusicPlayerStop
                0x080008e0                SoftReset
                0x0800095c                Diff8bitUnFilterVram
                0x08000974                SoundDriverInit
                0x080008fa                VBlankIntrWait
                0x08000954                RLUnCompVram
                0x0800096e                SoundBiasReset
                0x0800092c                ObjAffineSet
                0x08000924                CpuFastSet
                0x08000990                MidiKey2Freq
                0x08000998                MusicPlayerStart
                0x080008f4                IntrWait
                0x0800090e                DivRemArm
                0x08000950                RLUnCompWram
                0x08000908                DivRem
                0x08000918                ArcTan
                0x080008f0                RegisterRamReset
                0x080009a0                MusicPlayerContinue
                0x08000928                BgAffineSet
                0x08000984                SoundChannelClear
                0x08000968                SoundBiasSet
                0x0800098c                SoundDriverVSyncOn
                0x08000900                Div
                0x08000980                SoundDriverVSync
                0x080009a4                MusicPlayerFadeOut
                0x08000934                LZ77UnCompWram
                0x0800097c                SoundDriverMain
                0x080009a8                MultiBoot
                0x08000920                CpuSet
                0x08000904                DivArm
                0x0800094c                HuffUnComp
                0x08000914                Sqrt
                0x08000938                LZ77UnCompVram
 .text          0x080009b8       0x3c C:\PROGRA~1\CYGNUS\THUMBELF-000512\H-I686-CYGWIN32\BIN/../lib/gcc-lib/thumb-elf/2.9-arm-000512/libgcc.a(_call_via_rX.o)
                0x080009c0                _call_via_r2
                0x080009d0                _call_via_r6
                0x080009cc                _call_via_r5
                0x080009c4                _call_via_r3
                0x080009e4                _call_via_fp
                0x080009d8                _call_via_r8
                0x080009d4                _call_via_r7
                0x080009b8                _call_via_r0
                0x080009e0                _call_via_sl
                0x080009ec                _call_via_sp
                0x080009dc                _call_via_r9
                0x080009c8                _call_via_r4
                0x080009bc                _call_via_r1
                0x080009e8                _call_via_ip
                0x080009f0                _call_via_lr
 *(.text.*)
 *(.stub)
 *(.gnu.warning)
 *(.gnu.linkonce.t*)
 *(.glue_7t)
 *(.glue_7)
                0x080009f4                _etext=.
                0x080009f4                PROVIDE (etext, .)

.fini
 *(.fini)

.rodata         0x080009f4     0x2358
 *(.rodata)
 .rodata        0x080009f4       0x38 main.o
                0x080009f4                IntrTable
 .rodata        0x08000a2c     0x2320 data.o
                0x08000f2c                OamData_Sample
                0x08000f4c                PlttData_Sample
                0x0800114c                CharData_Sample
                0x08000a2c                BgScData_Sample
 *(.rodata.*)
 *(.gnu.linkonce.r*)

.rodata1
 *(.rodata1)
                0x08002e4c                .=(ALIGN(0x100)+(.&0xff))

.data           0x08002e4c        0x0
 *(.data)
 *(.data.*)
 *(.gnu.linkonce.d*)

.data1
 *(.data1)

.ctors
 EXCLUDE_FILE ( *crtend.o )*(.ctors)
 *(SORT(.ctors.*))
 *crtend(.ctors)

.dtors
 EXCLUDE_FILE ( *crtend.o )*(.dtors)
 *(SORT(.dtors.*))
 *crtend.o(.dtors)

.got
 *(.got.plt)
 *(.got)

.dynamic
 *(.dynamic)

.sdata
 *(.sdata)
 *(.sdata.*)
                0x08002e4c                _edata=.
                0x08002e4c                PROVIDE (edata, .)
                0x08002e4c                __bss_start=.
                0x08002e4c                __bss_start__=.

.sbss
 *(.sbss)
 *(.scommon)

.bss            0x03000000     0x1580
 *(.dynbss)
 *(.bss)
 *(.bss.*)
 *(COMMON)
 COMMON         0x03000000     0x10a0 main.o
                                  0x0 (size before relaxing)
                0x03000000                UsrSendBuf
                0x03000010                IntrTableBuf
                0x03000048                Cont
                0x0300004c                Trg
                0x03000050                SioFlags
                0x03000060                IntrMainBuf
                0x03000460                UsrRecvBuf
                0x030004a0                OamBak
                0x030008a0                BgBak
 COMMON         0x030010a0      0x4e0 MultiSio.o
                                  0x0 (size before relaxing)
                0x030010a0                IntrFuncBuf
                0x030011e0                Ms
                0x03001530                RecvFuncBuf
                0x03001580                .=ALIGN(0x4)
                0x03001580                .=ALIGN(0x4)
                0x03001580                _end=.
                0x03001580                _bss_end__=.
                0x03001580                __bss_end__=.
                0x03001580                PROVIDE (end, .)

.stab
 *(.stab)

.stabstr
 *(.stabstr)

.stab.excl
 *(.stab.excl)

.stab.exclstr
 *(.stab.exclstr)

.stab.index
 *(.stab.index)

.stab.indexstr
 *(.stab.indexstr)

.comment
 *(.comment)

.debug
 *(.debug)

.line
 *(.line)

.debug_srcinfo
 *(.debug_srcinfo)

.debug_sfnames
 *(.debug_sfnames)

.debug_aranges  0x00000000       0x40
 *(.debug_aranges)
 .debug_aranges
                0x00000000       0x20 main.o
 .debug_aranges
                0x00000020       0x20 MultiSio.o

.debug_pubnames
                0x00000000      0x1b5
 *(.debug_pubnames)
 .debug_pubnames
                0x00000000       0xc7 main.o
 .debug_pubnames
                0x000000c7       0x61 data.o
 .debug_pubnames
                0x00000128       0x8d MultiSio.o

.debug_info     0x00000000     0x9546
 *(.debug_info)
 .debug_info    0x00000000     0x347a main.o
 .debug_info    0x0000347a     0x2e1a data.o
 .debug_info    0x00006294     0x32b2 MultiSio.o

.debug_abbrev   0x00000000      0x3e2
 *(.debug_abbrev)
 .debug_abbrev  0x00000000      0x172 main.o
 .debug_abbrev  0x00000172      0x101 data.o
 .debug_abbrev  0x00000273      0x16f MultiSio.o

.debug_line     0x00000000      0x560
 *(.debug_line)
 .debug_line    0x00000000      0x226 main.o
 .debug_line    0x00000226      0x33a MultiSio.o

.debug_frame
 *(.debug_frame)

.debug_str
 *(.debug_str)

.debug_loc
 *(.debug_loc)

.debug_macinfo
 *(.debug_macinfo)

.debug_weaknames
 *(.debug_weaknames)

.debug_funcnames
 *(.debug_funcnames)

.debug_typenames
 *(.debug_typenames)

.debug_varnames
 *(.debug_varnames)

.stack          0x00080000        0x0
                0x00080000                _stack=.
 *(.stack)
OUTPUT(multi_sio.elf elf32-littlearm)
